Component: ARM Compiler 5.06 update 7 (build 960) Tool: armlink [4d3601]

==============================================================================

Section Cross References

    startup_stm32l476xx.o(RESET) refers to startup_stm32l476xx.o(STACK) for __initial_sp
    startup_stm32l476xx.o(RESET) refers to startup_stm32l476xx.o(.text) for Reset_Handler
    startup_stm32l476xx.o(RESET) refers to stm32l4xx_it.o(i.NMI_Handler) for NMI_Handler
    startup_stm32l476xx.o(RESET) refers to stm32l4xx_it.o(i.HardFault_Handler) for HardFault_Handler
    startup_stm32l476xx.o(RESET) refers to stm32l4xx_it.o(i.MemManage_Handler) for MemManage_Handler
    startup_stm32l476xx.o(RESET) refers to stm32l4xx_it.o(i.BusFault_Handler) for BusFault_Handler
    startup_stm32l476xx.o(RESET) refers to stm32l4xx_it.o(i.UsageFault_Handler) for UsageFault_Handler
    startup_stm32l476xx.o(RESET) refers to stm32l4xx_it.o(i.SVC_Handler) for SVC_Handler
    startup_stm32l476xx.o(RESET) refers to stm32l4xx_it.o(i.DebugMon_Handler) for DebugMon_Handler
    startup_stm32l476xx.o(RESET) refers to stm32l4xx_it.o(i.PendSV_Handler) for PendSV_Handler
    startup_stm32l476xx.o(RESET) refers to stm32l4xx_it.o(i.SysTick_Handler) for SysTick_Handler
    startup_stm32l476xx.o(RESET) refers to stm32l4xx_it.o(i.EXTI4_IRQHandler) for EXTI4_IRQHandler
    startup_stm32l476xx.o(RESET) refers to stm32l4xx_it.o(i.DMA1_Channel3_IRQHandler) for DMA1_Channel3_IRQHandler
    startup_stm32l476xx.o(RESET) refers to stm32l4xx_it.o(i.DMA1_Channel5_IRQHandler) for DMA1_Channel5_IRQHandler
    startup_stm32l476xx.o(RESET) refers to stm32l4xx_it.o(i.TIM1_UP_TIM16_IRQHandler) for TIM1_UP_TIM16_IRQHandler
    startup_stm32l476xx.o(RESET) refers to stm32l4xx_it.o(i.TIM2_IRQHandler) for TIM2_IRQHandler
    startup_stm32l476xx.o(RESET) refers to stm32l4xx_it.o(i.TIM3_IRQHandler) for TIM3_IRQHandler
    startup_stm32l476xx.o(RESET) refers to stm32l4xx_it.o(i.USART1_IRQHandler) for USART1_IRQHandler
    startup_stm32l476xx.o(RESET) refers to stm32l4xx_it.o(i.USART3_IRQHandler) for USART3_IRQHandler
    startup_stm32l476xx.o(RESET) refers to stm32l4xx_it.o(i.RTC_Alarm_IRQHandler) for RTC_Alarm_IRQHandler
    startup_stm32l476xx.o(.text) refers to system_stm32l4xx.o(i.SystemInit) for SystemInit
    startup_stm32l476xx.o(.text) refers to entry.o(.ARM.Collect$$$$00000000) for __main
    hw_gpio.o(i.HW_GPIO_Init) refers to stm32l4xx_hal_gpio.o(i.HAL_GPIO_Init) for HAL_GPIO_Init
    hw_gpio.o(i.HW_GPIO_IrqHandler) refers to hw_gpio.o(i.HW_GPIO_GetBitPos) for HW_GPIO_GetBitPos
    hw_gpio.o(i.HW_GPIO_IrqHandler) refers to hw_gpio.o(.bss) for .bss
    hw_gpio.o(i.HW_GPIO_Read) refers to stm32l4xx_hal_gpio.o(i.HAL_GPIO_ReadPin) for HAL_GPIO_ReadPin
    hw_gpio.o(i.HW_GPIO_SetIrq) refers to hw_gpio.o(i.HW_GPIO_GetBitPos) for HW_GPIO_GetBitPos
    hw_gpio.o(i.HW_GPIO_SetIrq) refers to stm32l4xx_hal_msp.o(i.MSP_GetIRQn) for MSP_GetIRQn
    hw_gpio.o(i.HW_GPIO_SetIrq) refers to stm32l4xx_hal_cortex.o(i.HAL_NVIC_SetPriority) for HAL_NVIC_SetPriority
    hw_gpio.o(i.HW_GPIO_SetIrq) refers to stm32l4xx_hal_cortex.o(i.HAL_NVIC_EnableIRQ) for HAL_NVIC_EnableIRQ
    hw_gpio.o(i.HW_GPIO_SetIrq) refers to hw_gpio.o(.bss) for .bss
    hw_gpio.o(i.HW_GPIO_Write) refers to stm32l4xx_hal_gpio.o(i.HAL_GPIO_WritePin) for HAL_GPIO_WritePin
    low_power_manager.o(i.LPM_EnterLowPower) refers to low_power_manager.o(i.LPM_EnterSleepMode) for LPM_EnterSleepMode
    low_power_manager.o(i.LPM_EnterLowPower) refers to low_power_manager.o(i.LPM_ExitSleepMode) for LPM_ExitSleepMode
    low_power_manager.o(i.LPM_EnterLowPower) refers to low_power_manager.o(i.LPM_EnterStopMode) for LPM_EnterStopMode
    low_power_manager.o(i.LPM_EnterLowPower) refers to low_power_manager.o(i.LPM_ExitStopMode) for LPM_ExitStopMode
    low_power_manager.o(i.LPM_EnterLowPower) refers to low_power_manager.o(i.LPM_EnterOffMode) for LPM_EnterOffMode
    low_power_manager.o(i.LPM_EnterLowPower) refers to low_power_manager.o(i.LPM_ExitOffMode) for LPM_ExitOffMode
    low_power_manager.o(i.LPM_EnterLowPower) refers to low_power_manager.o(.data) for .data
    low_power_manager.o(i.LPM_GetMode) refers to low_power_manager.o(.data) for .data
    low_power_manager.o(i.LPM_SetOffMode) refers to low_power_manager.o(.data) for .data
    low_power_manager.o(i.LPM_SetStopMode) refers to low_power_manager.o(.data) for .data
    sx126x.o(i.SX126xCalibrate) refers to sx1262dvk1cas.o(i.SX126xWriteCommand) for SX126xWriteCommand
    sx126x.o(i.SX126xCalibrateImage) refers to sx1262dvk1cas.o(i.SX126xWriteCommand) for SX126xWriteCommand
    sx126x.o(i.SX126xCheckDeviceReady) refers to sx1262dvk1cas.o(i.SX126xWakeup) for SX126xWakeup
    sx126x.o(i.SX126xCheckDeviceReady) refers to sx1262dvk1cas.o(i.SX126xAntSwOn) for SX126xAntSwOn
    sx126x.o(i.SX126xCheckDeviceReady) refers to sx1262dvk1cas.o(i.SX126xWaitOnBusy) for SX126xWaitOnBusy
    sx126x.o(i.SX126xCheckDeviceReady) refers to sx126x.o(.data) for .data
[...]
    DMA2_Channel5_IRQHandler                 0x080001bb   Thumb Code     0  startup_stm32l476xx.o(.text)
    DMA2_Channel6_IRQHandler                 0x080001bb   Thumb Code     0  startup_stm32l476xx.o(.text)
    DMA2_Channel7_IRQHandler                 0x080001bb   Thumb Code     0  startup_stm32l476xx.o(.text)
    EXTI0_IRQHandler                         0x080001bb   Thumb Code     0  startup_stm32l476xx.o(.text)
    EXTI15_10_IRQHandler                     0x080001bb   Thumb Code     0  startup_stm32l476xx.o(.text)
    EXTI1_IRQHandler                         0x080001bb   Thumb Code     0  startup_stm32l476xx.o(.text)
    EXTI2_IRQHandler                         0x080001bb   Thumb Code     0  startup_stm32l476xx.o(.text)
    EXTI3_IRQHandler                         0x080001bb   Thumb Code     0  startup_stm32l476xx.o(.text)
    EXTI9_5_IRQHandler                       0x080001bb   Thumb Code     0  startup_stm32l476xx.o(.text)
    FLASH_IRQHandler                         0x080001bb   Thumb Code     0  startup_stm32l476xx.o(.text)
    FMC_IRQHandler                           0x080001bb   Thumb Code     0  startup_stm32l476xx.o(.text)
    FPU_IRQHandler                           0x080001bb   Thumb Code     0  startup_stm32l476xx.o(.text)
    I2C1_ER_IRQHandler                       0x080001bb   Thumb Code     0  startup_stm32l476xx.o(.text)
    I2C1_EV_IRQHandler                       0x080001bb   Thumb Code     0  startup_stm32l476xx.o(.text)
    I2C2_ER_IRQHandler                       0x080001bb   Thumb Code     0  startup_stm32l476xx.o(.text)
    I2C2_EV_IRQHandler                       0x080001bb   Thumb Code     0  startup_stm32l476xx.o(.text)
    I2C3_ER_IRQHandler                       0x080001bb   Thumb Code     0  startup_stm32l476xx.o(.text)
    I2C3_EV_IRQHandler                       0x080001bb   Thumb Code     0  startup_stm32l476xx.o(.text)
    LCD_IRQHandler                           0x080001bb   Thumb Code     0  startup_stm32l476xx.o(.text)
    LPTIM1_IRQHandler                        0x080001bb   Thumb Code     0  startup_stm32l476xx.o(.text)
    LPTIM2_IRQHandler                        0x080001bb   Thumb Code     0  startup_stm32l476xx.o(.text)
    LPUART1_IRQHandler                       0x080001bb   Thumb Code     0  startup_stm32l476xx.o(.text)
    OTG_FS_IRQHandler                        0x080001bb   Thumb Code     0  startup_stm32l476xx.o(.text)
    PVD_PVM_IRQHandler                       0x080001bb   Thumb Code     0  startup_stm32l476xx.o(.text)
    QUADSPI_IRQHandler                       0x080001bb   Thumb Code     0  startup_stm32l476xx.o(.text)
    RCC_IRQHandler                           0x080001bb   Thumb Code     0  startup_stm32l476xx.o(.text)
    RNG_IRQHandler                           0x080001bb   Thumb Code     0  startup_stm32l476xx.o(.text)
    RTC_WKUP_IRQHandler                      0x080001bb   Thumb Code     0  startup_stm32l476xx.o(.text)
    SAI1_IRQHandler                          0x080001bb   Thumb Code     0  startup_stm32l476xx.o(.text)
    SAI2_IRQHandler                          0x080001bb   Thumb Code     0  startup_stm32l476xx.o(.text)
    SDMMC1_IRQHandler                        0x080001bb   Thumb Code     0  startup_stm32l476xx.o(.text)
    SPI1_IRQHandler                          0x080001bb   Thumb Code     0  startup_stm32l476xx.o(.text)
    SPI2_IRQHandler                          0x080001bb   Thumb Code     0  startup_stm32l476xx.o(.text)
    SPI3_IRQHandler                          0x080001bb   Thumb Code     0  startup_stm32l476xx.o(.text)
    SWPMI1_IRQHandler                        0x080001bb   Thumb Code     0  startup_stm32l476xx.o(.text)
    TAMP_STAMP_IRQHandler                    0x080001bb   Thumb Code     0  startup_stm32l476xx.o(.text)
    TIM1_BRK_TIM15_IRQHandler                0x080001bb   Thumb Code     0  startup_stm32l476xx.o(.text)
    TIM1_CC_IRQHandler                       0x080001bb   Thumb Code     0  startup_stm32l476xx.o(.text)
    TIM1_TRG_COM_TIM17_IRQHandler            0x080001bb   Thumb Code     0  startup_stm32l476xx.o(.text)
    TIM4_IRQHandler                          0x080001bb   Thumb Code     0  startup_stm32l476xx.o(.text)
    TIM5_IRQHandler                          0x080001bb   Thumb Code     0  startup_stm32l476xx.o(.text)
    TIM6_DAC_IRQHandler                      0x080001bb   Thumb Code     0  startup_stm32l476xx.o(.text)
    TIM7_IRQHandler                          0x080001bb   Thumb Code     0  startup_stm32l476xx.o(.text)
    TIM8_BRK_IRQHandler                      0x080001bb   Thumb Code     0  startup_stm32l476xx.o(.text)
    TIM8_CC_IRQHandler                       0x080001bb   Thumb Code     0  startup_stm32l476xx.o(.text)
    TIM8_TRG_COM_IRQHandler                  0x080001bb   Thumb Code     0  startup_stm32l476xx.o(.text)
    TIM8_UP_IRQHandler                       0x080001bb   Thumb Code     0  startup_stm32l476xx.o(.text)
    TSC_IRQHandler                           0x080001bb   Thumb Code     0  startup_stm32l476xx.o(.text)
    UART4_IRQHandler                         0x080001bb   Thumb Code     0  startup_stm32l476xx.o(.text)
    UART5_IRQHandler                         0x080001bb   Thumb Code     0  startup_stm32l476xx.o(.text)
    USART2_IRQHandler                        0x080001bb   Thumb Code     0  startup_stm32l476xx.o(.text)
    WWDG_IRQHandler                          0x080001bb   Thumb Code     0  startup_stm32l476xx.o(.text)
    __aeabi_uldivmod                         0x080001c5   Thumb Code    98  uldiv.o(.text)
    __aeabi_memcpy                           0x0800022d   Thumb Code    36  memcpya.o(.text)
    __aeabi_memcpy4                          0x0800022d   Thumb Code     0  memcpya.o(.text)
    __aeabi_memcpy8                          0x0800022d   Thumb Code     0  memcpya.o(.text)
    __aeabi_memset                           0x08000251   Thumb Code    14  memseta.o(.text)
    __aeabi_memset4                          0x08000251   Thumb Code     0  memseta.o(.text)
    __aeabi_memset8                          0x08000251   Thumb Code     0  memseta.o(.text)
    __aeabi_memclr                           0x0800025f   Thumb Code     4  memseta.o(.text)
    __aeabi_memclr4                          0x0800025f   Thumb Code     0  memseta.o(.text)
    __aeabi_memclr8                          0x0800025f   Thumb Code     0  memseta.o(.text)
    _memset$wrapper                          0x08000263   Thumb Code    18  memseta.o(.text)
    strstr                                   0x08000275   Thumb Code    36  strstr.o(.text)
    strncpy                                  0x08000299   Thumb Code    24  strncpy.o(.text)
    strchr                                   0x080002b1   Thumb Code    20  strchr.o(.text)
    strcmp                                   0x080002c5   Thumb Code    28  strcmp.o(.text)
    __aeabi_dadd                             0x080002e1   Thumb Code   322  dadd.o(.text)
    __aeabi_dsub                             0x08000423   Thumb Code     6  dadd.o(.text)
    __aeabi_drsub                            0x08000429   Thumb Code     6  dadd.o(.text)
    __aeabi_dmul                             0x0800043f   Thumb Code   228  dmul.o(.text)
    __aeabi_ddiv                             0x08000529   Thumb Code   222  ddiv.o(.text)
    __aeabi_i2d                              0x08000607   Thumb Code    34  dflti.o(.text)
    __aeabi_ui2d                             0x08000629   Thumb Code    26  dfltui.o(.text)
    __aeabi_d2uiz                            0x08000643   Thumb Code    50  dfixui.o(.text)
    __aeabi_cdrcmple                         0x08000675   Thumb Code    48  cdrcmple.o(.text)
    __aeabi_llsl                             0x080006a5   Thumb Code    30  llshl.o(.text)
    _ll_shift_l                              0x080006a5   Thumb Code     0  llshl.o(.text)
    __aeabi_llsr                             0x080006c3   Thumb Code    32  llushr.o(.text)
    _ll_ushift_r                             0x080006c3   Thumb Code     0  llushr.o(.text)
    __aeabi_lasr                             0x080006e3   Thumb Code    36  llsshr.o(.text)
    _ll_sshift_r                             0x080006e3   Thumb Code     0  llsshr.o(.text)
    __I$use$fp                               0x08000707   Thumb Code     0  iusefp.o(.text)
    _double_round                            0x08000707   Thumb Code    30  depilogue.o(.text)
    _double_epilogue                         0x08000725   Thumb Code   156  depilogue.o(.text)
    __ARM_scalbn                             0x080007c1   Thumb Code    46  dscalb.o(.text)
    scalbn                                   0x080007c1   Thumb Code     0  dscalb.o(.text)
    _drnd                                    0x080007f1   Thumb Code   132  drnd.o(.text)
    __scatterload                            0x08000879   Thumb Code    28  init.o(.text)
    __scatterload_rt2                        0x08000879   Thumb Code     0  init.o(.text)
    _dsqrt                                   0x0800089d   Thumb Code   162  dsqrt.o(.text)
    BusFault_Handler                         0x0800093f   Thumb Code     2  stm32l4xx_it.o(i.BusFault_Handler)
    DMA1_Channel3_IRQHandler                 0x08000941   Thumb Code     6  stm32l4xx_it.o(i.DMA1_Channel3_IRQHandler)
    DMA1_Channel5_IRQHandler                 0x0800094d   Thumb Code     6  stm32l4xx_it.o(i.DMA1_Channel5_IRQHandler)
    DebugMon_Handler                         0x08000987   Thumb Code     2  stm32l4xx_it.o(i.DebugMon_Handler)
    EXTI4_IRQHandler                         0x08000989   Thumb Code     6  stm32l4xx_it.o(i.EXTI4_IRQHandler)
    Error_Handler                            0x0800098f   Thumb Code     2  main.o(i.Error_Handler)
    HAL_DMA_Abort                            0x08000991   Thumb Code    74  stm32l4xx_hal_dma.o(i.HAL_DMA_Abort)
    HAL_DMA_Abort_IT                         0x080009db   Thumb Code    78  stm32l4xx_hal_dma.o(i.HAL_DMA_Abort_IT)
    HAL_DMA_GetError                         0x08000a29   Thumb Code     4  stm32l4xx_hal_dma.o(i.HAL_DMA_GetError)
    HAL_DMA_IRQHandler                       0x08000a2d   Thumb Code   186  stm32l4xx_hal_dma.o(i.HAL_DMA_IRQHandler)
    HAL_DMA_Init                             0x08000ae9   Thumb Code   178  stm32l4xx_hal_dma.o(i.HAL_DMA_Init)
    HAL_DMA_Start_IT                         0x08000ba9   Thumb Code   112  stm32l4xx_hal_dma.o(i.HAL_DMA_Start_IT)
    HAL_Delay                                0x08000c19   Thumb Code    10  stm32l4xx_hal_msp.o(i.HAL_Delay)
    HAL_GPIO_EXTI_Callback                   0x08000c23   Thumb Code     4  stm32l4xx_hal_msp.o(i.HAL_GPIO_EXTI_Callback)
    HAL_GPIO_EXTI_IRQHandler                 0x08000c29   Thumb Code    18  stm32l4xx_hal_gpio.o(i.HAL_GPIO_EXTI_IRQHandler)
    HAL_GPIO_Init                            0x08000c41   Thumb Code   570  stm32l4xx_hal_gpio.o(i.HAL_GPIO_Init)
    HAL_GPIO_ReadPin                         0x08000ea7   Thumb Code    10  stm32l4xx_hal_gpio.o(i.HAL_GPIO_ReadPin)
    HAL_GPIO_WritePin                        0x08000eb1   Thumb Code    10  stm32l4xx_hal_gpio.o(i.HAL_GPIO_WritePin)
    HAL_GetTick                              0x08000ebd   Thumb Code     6  stm32l4xx_hal.o(i.HAL_GetTick)
    HAL_IncTick                              0x08000ec9   Thumb Code    12  stm32l4xx_hal.o(i.HAL_IncTick)
    HAL_Init                                 0x08000ed9   Thumb Code    30  stm32l4xx_hal.o(i.HAL_Init)
    HAL_InitTick                             0x08000ef7   Thumb Code     4  stm32l4xx_hal_msp.o(i.HAL_InitTick)
    HAL_MspInit                              0x08000efd   Thumb Code    46  stm32l4xx_hal_msp.o(i.HAL_MspInit)
    HAL_NVIC_EnableIRQ                       0x08000f31   Thumb Code    26  stm32l4xx_hal_cortex.o(i.HAL_NVIC_EnableIRQ)
    HAL_NVIC_SetPriority                     0x08000f4d   Thumb Code    60  stm32l4xx_hal_cortex.o(i.HAL_NVIC_SetPriority)
    HAL_NVIC_SetPriorityGrouping             0x08000f8d   Thumb Code    26  stm32l4xx_hal_cortex.o(i.HAL_NVIC_SetPriorityGrouping)
    HAL_PWREx_ControlVoltageScaling          0x08000fb1   Thumb Code    90  stm32l4xx_hal_pwr_ex.o(i.HAL_PWREx_ControlVoltageScaling)
    HAL_PWREx_GetVoltageRange                0x08001019   Thumb Code    10  stm32l4xx_hal_pwr_ex.o(i.HAL_PWREx_GetVoltageRange)
    HAL_PWR_EnableBkUpAccess                 0x08001029   Thumb Code    12  stm32l4xx_hal_pwr.o(i.HAL_PWR_EnableBkUpAccess)
    HAL_RCCEx_PeriphCLKConfig                0x08001039   Thumb Code   928  stm32l4xx_hal_rcc_ex.o(i.HAL_RCCEx_PeriphCLKConfig)
    HAL_RCC_ClockConfig                      0x080013e9   Thumb Code   266  stm32l4xx_hal_rcc.o(i.HAL_RCC_ClockConfig)
    HAL_RCC_GetPCLK1Freq                     0x08001509   Thumb Code    24  stm32l4xx_hal_rcc.o(i.HAL_RCC_GetPCLK1Freq)
    HAL_RCC_GetPCLK2Freq                     0x0800152d   Thumb Code    24  stm32l4xx_hal_rcc.o(i.HAL_RCC_GetPCLK2Freq)
    HAL_RCC_GetSysClockFreq                  0x08001551   Thumb Code   150  stm32l4xx_hal_rcc.o(i.HAL_RCC_GetSysClockFreq)
    HAL_RCC_OscConfig                        0x080015f5   Thumb Code  1310  stm32l4xx_hal_rcc.o(i.HAL_RCC_OscConfig)
    HAL_RTCEx_AlarmBEventCallback            0x08001b1d   Thumb Code     2  stm32l4xx_hal_rtc_ex.o(i.HAL_RTCEx_AlarmBEventCallback)
    HAL_RTCEx_EnableBypassShadow             0x08001b1f   Thumb Code    66  stm32l4xx_hal_rtc_ex.o(i.HAL_RTCEx_EnableBypassShadow)
    HAL_RTC_AlarmAEventCallback              0x08001b61   Thumb Code     4  stm32l4xx_hal_msp.o(i.HAL_RTC_AlarmAEventCallback)
    HAL_RTC_AlarmIRQHandler                  0x08001b65   Thumb Code    84  stm32l4xx_hal_rtc.o(i.HAL_RTC_AlarmIRQHandler)
    HAL_RTC_DeactivateAlarm                  0x08001bbd   Thumb Code   186  stm32l4xx_hal_rtc.o(i.HAL_RTC_DeactivateAlarm)
    HAL_RTC_GetDate                          0x08001c79   Thumb Code    62  stm32l4xx_hal_rtc.o(i.HAL_RTC_GetDate)
    HAL_RTC_GetTime                          0x08001cbd   Thumb Code    78  stm32l4xx_hal_rtc.o(i.HAL_RTC_GetTime)
    HAL_RTC_Init                             0x08001d11   Thumb Code   150  stm32l4xx_hal_rtc.o(i.HAL_RTC_Init)
    HAL_RTC_MspInit                          0x08001dad   Thumb Code   106  stm32l4xx_hal_msp.o(i.HAL_RTC_MspInit)
    HAL_RTC_SetAlarm_IT                      0x08001e21   Thumb Code   396  stm32l4xx_hal_rtc.o(i.HAL_RTC_SetAlarm_IT)
    HAL_RTC_SetDate                          0x08001fb9   Thumb Code   156  stm32l4xx_hal_rtc.o(i.HAL_RTC_SetDate)
    HAL_RTC_SetTime                          0x08002059   Thumb Code   198  stm32l4xx_hal_rtc.o(i.HAL_RTC_SetTime)
    HAL_RTC_WaitForSynchro                   0x08002125   Thumb Code    54  stm32l4xx_hal_rtc.o(i.HAL_RTC_WaitForSynchro)
    HAL_SPI_Init                             0x0800215b   Thumb Code   224  stm32l4xx_hal_spi.o(i.HAL_SPI_Init)
    HAL_SPI_MspInit                          0x0800223d   Thumb Code    90  stm32l4xx_hal_msp.o(i.HAL_SPI_MspInit)
    HAL_SPI_TransmitReceive                  0x080022a1   Thumb Code   610  stm32l4xx_hal_spi.o(i.HAL_SPI_TransmitReceive)
    HAL_TIMEx_Break2Callback                 0x08002509   Thumb Code     2  stm32l4xx_hal_tim_ex.o(i.HAL_TIMEx_Break2Callback)
    HAL_TIMEx_BreakCallback                  0x0800250b   Thumb Code     2  stm32l4xx_hal_tim_ex.o(i.HAL_TIMEx_BreakCallback)
    HAL_TIMEx_CommutCallback                 0x0800250d   Thumb Code     2  stm32l4xx_hal_tim_ex.o(i.HAL_TIMEx_CommutCallback)
    HAL_TIMEx_MasterConfigSynchronization    0x08002511   Thumb Code   130  stm32l4xx_hal_tim_ex.o(i.HAL_TIMEx_MasterConfigSynchronization)
    HAL_TIM_Base_Init                        0x080025ad   Thumb Code    98  stm32l4xx_hal_tim.o(i.HAL_TIM_Base_Init)
    HAL_TIM_Base_MspInit                     0x08002611   Thumb Code   122  stm32l4xx_hal_msp.o(i.HAL_TIM_Base_MspInit)
    HAL_TIM_Base_Start_IT                    0x08002699   Thumb Code   100  stm32l4xx_hal_tim.o(i.HAL_TIM_Base_Start_IT)
    HAL_TIM_Base_Stop_IT                     0x08002719   Thumb Code    48  stm32l4xx_hal_tim.o(i.HAL_TIM_Base_Stop_IT)
    HAL_TIM_ConfigClockSource                0x08002749   Thumb Code   214  stm32l4xx_hal_tim.o(i.HAL_TIM_ConfigClockSource)
    HAL_TIM_IC_CaptureCallback               0x08002825   Thumb Code     2  stm32l4xx_hal_tim.o(i.HAL_TIM_IC_CaptureCallback)
    HAL_TIM_IRQHandler                       0x08002827   Thumb Code   388  stm32l4xx_hal_tim.o(i.HAL_TIM_IRQHandler)
    HAL_TIM_OC_DelayElapsedCallback          0x080029ab   Thumb Code     2  stm32l4xx_hal_tim.o(i.HAL_TIM_OC_DelayElapsedCallback)
    HAL_TIM_PWM_PulseFinishedCallback        0x080029ad   Thumb Code     2  stm32l4xx_hal_tim.o(i.HAL_TIM_PWM_PulseFinishedCallback)
    HAL_TIM_PeriodElapsedCallback            0x080029b1   Thumb Code    66  timer_app.o(i.HAL_TIM_PeriodElapsedCallback)
    HAL_TIM_TriggerCallback                  0x08002a05   Thumb Code     2  stm32l4xx_hal_tim.o(i.HAL_TIM_TriggerCallback)
    HAL_UARTEx_WakeupCallback                0x08002a07   Thumb Code     2  stm32l4xx_hal_uart_ex.o(i.HAL_UARTEx_WakeupCallback)
    HAL_UART_DMAStop                         0x08002a09   Thumb Code   114  stm32l4xx_hal_uart.o(i.HAL_UART_DMAStop)
    HAL_UART_ErrorCallback                   0x08002a7b   Thumb Code     2  stm32l4xx_hal_uart.o(i.HAL_UART_ErrorCallback)
    HAL_UART_IRQHandler                      0x08002a7d   Thumb Code   348  stm32l4xx_hal_uart.o(i.HAL_UART_IRQHandler)
    HAL_UART_Init                            0x08002be1   Thumb Code   102  stm32l4xx_hal_uart.o(i.HAL_UART_Init)
    HAL_UART_MspInit                         0x08002c49   Thumb Code   268  stm32l4xx_hal_msp.o(i.HAL_UART_MspInit)
    HAL_UART_Receive_DMA                     0x08002d75   Thumb Code   142  stm32l4xx_hal_uart.o(i.HAL_UART_Receive_DMA)
    HAL_UART_RxCpltCallback                  0x08002e11   Thumb Code     2  stm32l4xx_hal_uart.o(i.HAL_UART_RxCpltCallback)
    HAL_UART_RxHalfCpltCallback              0x08002e13   Thumb Code     2  stm32l4xx_hal_uart.o(i.HAL_UART_RxHalfCpltCallback)
    HAL_UART_Transmit                        0x08002e15   Thumb Code   182  stm32l4xx_hal_uart.o(i.HAL_UART_Transmit)
    HAL_UART_TxCpltCallback                  0x08002ecb   Thumb Code     2  stm32l4xx_hal_uart.o(i.HAL_UART_TxCpltCallback)
    HW_GPIO_Init                             0x08002efd   Thumb Code   116  hw_gpio.o(i.HW_GPIO_Init)
    HW_GPIO_IrqHandler                       0x08002f79   Thumb Code    26  hw_gpio.o(i.HW_GPIO_IrqHandler)
    HW_GPIO_Read                             0x08002f99   Thumb Code     4  hw_gpio.o(i.HW_GPIO_Read)
    HW_GPIO_SetIrq                           0x08002f9d   Thumb Code    56  hw_gpio.o(i.HW_GPIO_SetIrq)
    HW_GPIO_Write                            0x08002fd9   Thumb Code     6  hw_gpio.o(i.HW_GPIO_Write)
    HW_RTC_DelayMs                           0x08002fdf   Thumb Code    38  hw_rtc.o(i.HW_RTC_DelayMs)
    HW_RTC_GetMinimumTimeout                 0x080030c1   Thumb Code     4  hw_rtc.o(i.HW_RTC_GetMinimumTimeout)
    HW_RTC_GetTimerContext                   0x080030c5   Thumb Code     6  hw_rtc.o(i.HW_RTC_GetTimerContext)
    HW_RTC_GetTimerElapsedTime               0x080030d1   Thumb Code    22  hw_rtc.o(i.HW_RTC_GetTimerElapsedTime)
    HW_RTC_GetTimerValue                     0x080030ed   Thumb Code    16  hw_rtc.o(i.HW_RTC_GetTimerValue)
    HW_RTC_Init                              0x080030fd   Thumb Code    34  hw_rtc.o(i.HW_RTC_Init)
    HW_RTC_IrqHandler                        0x08003129   Thumb Code    58  hw_rtc.o(i.HW_RTC_IrqHandler)
    HW_RTC_SetAlarm                          0x0800316d   Thumb Code    58  hw_rtc.o(i.HW_RTC_SetAlarm)
    HW_RTC_SetTimerContext                   0x08003211   Thumb Code    18  hw_rtc.o(i.HW_RTC_SetTimerContext)
    HW_RTC_StopAlarm                         0x08003349   Thumb Code    38  hw_rtc.o(i.HW_RTC_StopAlarm)
    HW_RTC_Tick2ms                           0x08003379   Thumb Code    22  hw_rtc.o(i.HW_RTC_Tick2ms)
    HW_RTC_ms2Tick                           0x0800338f   Thumb Code    16  hw_rtc.o(i.HW_RTC_ms2Tick)
    HW_SPI_InOut                             0x080033a1   Thumb Code    28  hw_spi.o(i.HW_SPI_InOut)
    HW_SPI_Init                              0x080033c1   Thumb Code   116  hw_spi.o(i.HW_SPI_Init)
    HW_SPI_IoInit                            0x08003449   Thumb Code    94  hw_spi.o(i.HW_SPI_IoInit)
    HardFault_Handler                        0x080034a7   Thumb Code     2  stm32l4xx_it.o(i.HardFault_Handler)
    LPM_GetMode                              0x080034a9   Thumb Code    32  low_power_manager.o(i.LPM_GetMode)
    LPM_SetStopMode                          0x080034cd   Thumb Code    32  low_power_manager.o(i.LPM_SetStopMode)
    MSP_GetIRQn                              0x080034f1   Thumb Code    86  stm32l4xx_hal_msp.o(i.MSP_GetIRQn)
    MemManage_Handler                        0x0800376d   Thumb Code     2  stm32l4xx_it.o(i.MemManage_Handler)
    NMI_Handler                              0x0800376f   Thumb Code     2  stm32l4xx_it.o(i.NMI_Handler)
    OnRxDone                                 0x08003771   Thumb Code    54  application.o(i.OnRxDone)
    OnRxError                                0x080037b1   Thumb Code     6  application.o(i.OnRxError)
    OnRxTimeout                              0x080037bd   Thumb Code    22  application.o(i.OnRxTimeout)
    OnTxDone                                 0x080037dd   Thumb Code     6  application.o(i.OnTxDone)
    OnTxTimeout                              0x080037e9   Thumb Code     6  application.o(i.OnTxTimeout)
    PendSV_Handler                           0x080037f5   Thumb Code     2  stm32l4xx_it.o(i.PendSV_Handler)
    RTC_Alarm_IRQHandler                     0x08003aa9   Thumb Code    16  stm32l4xx_it.o(i.RTC_Alarm_IRQHandler)
    RTC_Bcd2ToByte                           0x08003abd   Thumb Code    18  stm32l4xx_hal_rtc.o(i.RTC_Bcd2ToByte)
    RTC_ByteToBcd2                           0x08003acf   Thumb Code    24  stm32l4xx_hal_rtc.o(i.RTC_ByteToBcd2)
    RTC_EnterInitMode                        0x08003ae9   Thumb Code    70  stm32l4xx_hal_rtc.o(i.RTC_EnterInitMode)
    RTC_ExitInitMode                         0x08003b31   Thumb Code    82  stm32l4xx_hal_rtc.o(i.RTC_ExitInitMode)
    RadioCheckRfFrequency                    0x08003b89   Thumb Code     4  radio.o(i.RadioCheckRfFrequency)
    RadioGetStatus                           0x08003bc1   Thumb Code    34  radio.o(i.RadioGetStatus)
    RadioGetWakeupTime                       0x08003be3   Thumb Code    10  radio.o(i.RadioGetWakeupTime)
    RadioInit                                0x08003bed   Thumb Code    84  radio.o(i.RadioInit)
    RadioIrqProcess                          0x08003c55   Thumb Code   370  radio.o(i.RadioIrqProcess)
    RadioIsChannelFree                       0x08003dd5   Thumb Code    90  radio.o(i.RadioIsChannelFree)
    RadioOnDioIrq                            0x08003e31   Thumb Code    10  radio.o(i.RadioOnDioIrq)
    RadioOnRxTimeoutIrq                      0x08003e41   Thumb Code    18  radio.o(i.RadioOnRxTimeoutIrq)
    RadioOnTxTimeoutIrq                      0x08003e59   Thumb Code    18  radio.o(i.RadioOnTxTimeoutIrq)
    RadioRandom                              0x08003e71   Thumb Code    58  radio.o(i.RadioRandom)
    RadioRead                                0x08003eab   Thumb Code     4  radio.o(i.RadioRead)
    RadioReadBuffer                          0x08003eaf   Thumb Code     4  radio.o(i.RadioReadBuffer)
    RadioRssi                                0x08003eb3   Thumb Code     4  radio.o(i.RadioRssi)
    RadioRx                                  0x08003eb9   Thumb Code    58  radio.o(i.RadioRx)
    RadioRxBoosted                           0x08003efd   Thumb Code    58  radio.o(i.RadioRxBoosted)
    RadioSend                                0x08003f41   Thumb Code    78  radio.o(i.RadioSend)
    RadioSetChannel                          0x08003f99   Thumb Code     4  radio.o(i.RadioSetChannel)
    RadioSetMaxPayloadLength                 0x08003f9d   Thumb Code    32  radio.o(i.RadioSetMaxPayloadLength)
    RadioSetModem                            0x08003fc5   Thumb Code    44  radio.o(i.RadioSetModem)
    RadioSetPublicNetwork                    0x08003ff5   Thumb Code    52  radio.o(i.RadioSetPublicNetwork)
    RadioSetRxConfig                         0x0800402d   Thumb Code   470  radio.o(i.RadioSetRxConfig)
    RadioSetRxDutyCycle                      0x08004237   Thumb Code     4  radio.o(i.RadioSetRxDutyCycle)
    RadioSetTxConfig                         0x0800423d   Thumb Code   358  radio.o(i.RadioSetTxConfig)
    RadioSetTxContinuousWave                 0x080043c1   Thumb Code    44  radio.o(i.RadioSetTxContinuousWave)
    RadioSleep                               0x080043f1   Thumb Code    18  radio.o(i.RadioSleep)
    RadioStandby                             0x08004403   Thumb Code     6  radio.o(i.RadioStandby)
    RadioStartCad                            0x08004409   Thumb Code     4  radio.o(i.RadioStartCad)
    RadioTimeOnAir                           0x0800440d   Thumb Code   440  radio.o(i.RadioTimeOnAir)
    RadioWrite                               0x0800461d   Thumb Code     4  radio.o(i.RadioWrite)
    RadioWriteBuffer                         0x08004621   Thumb Code     4  radio.o(i.RadioWriteBuffer)
    SVC_Handler                              0x080047f5   Thumb Code     2  stm32l4xx_it.o(i.SVC_Handler)
    SX126xAntSwOff                           0x080047f7   Thumb Code    14  sx1262dvk1cas.o(i.SX126xAntSwOff)
    SX126xAntSwOn                            0x08004805   Thumb Code    12  sx1262dvk1cas.o(i.SX126xAntSwOn)
    SX126xBoardIsTcxoPresent                 0x08004811   Thumb Code     4  sx1262dvk1cas.o(i.SX126xBoardIsTcxoPresent)
    SX126xBoardSetLedRx                      0x08004815   Thumb Code     2  sx1262dvk1cas.o(i.SX126xBoardSetLedRx)
    SX126xBoardSetLedTx                      0x08004817   Thumb Code     2  sx1262dvk1cas.o(i.SX126xBoardSetLedTx)
    SX126xCalibrate                          0x08004819   Thumb Code    70  sx126x.o(i.SX126xCalibrate)
    SX126xCalibrateImage                     0x08004861   Thumb Code    96  sx126x.o(i.SX126xCalibrateImage)
    SX126xCheckDeviceReady                   0x080048d5   Thumb Code    28  sx126x.o(i.SX126xCheckDeviceReady)
    SX126xClearIrqStatus                     0x080048f5   Thumb Code    24  sx126x.o(i.SX126xClearIrqStatus)
    SX126xGetBoardTcxoWakeupTime             0x0800490d   Thumb Code     4  sx1262dvk1cas.o(i.SX126xGetBoardTcxoWakeupTime)
    SX126xGetIrqStatus                       0x08004911   Thumb Code    20  sx126x.o(i.SX126xGetIrqStatus)
    SX126xGetOperatingMode                   0x08004925   Thumb Code     6  sx126x.o(i.SX126xGetOperatingMode)
    SX126xGetPacketStatus                    0x08004931   Thumb Code   108  sx126x.o(i.SX126xGetPacketStatus)
    SX126xGetPacketType                      0x080049a1   Thumb Code     6  sx126x.o(i.SX126xGetPacketType)
    SX126xGetPayload                         0x080049ad   Thumb Code    46  sx126x.o(i.SX126xGetPayload)
    SX126xGetRssiInst                        0x080049db   Thumb Code    24  sx126x.o(i.SX126xGetRssiInst)
    SX126xGetRxBufferStatus                  0x080049f5   Thumb Code    54  sx126x.o(i.SX126xGetRxBufferStatus)
    SX126xInit                               0x08004a31   Thumb Code    62  sx126x.o(i.SX126xInit)
    SX126xIoDeInit                           0x08004a75   Thumb Code     2  sx1262dvk1cas.o(i.SX126xIoDeInit)
    SX126xIoInit                             0x08004a79   Thumb Code   108  sx1262dvk1cas.o(i.SX126xIoInit)
    SX126xIoIrqInit                          0x08004aed   Thumb Code    12  sx1262dvk1cas.o(i.SX126xIoIrqInit)
    SX126xReadBuffer                         0x08004afd   Thumb Code    88  sx1262dvk1cas.o(i.SX126xReadBuffer)
    SX126xReadCommand                        0x08004b55   Thumb Code    86  sx1262dvk1cas.o(i.SX126xReadCommand)
    SX126xReadRegister                       0x08004bab   Thumb Code    16  sx1262dvk1cas.o(i.SX126xReadRegister)
    SX126xReadRegisters                      0x08004bbb   Thumb Code    94  sx1262dvk1cas.o(i.SX126xReadRegisters)
    SX126xReset                              0x08004c19   Thumb Code    92  sx1262dvk1cas.o(i.SX126xReset)
    SX126xSendPayload                        0x08004c75   Thumb Code    18  sx126x.o(i.SX126xSendPayload)
    SX126xSetBufferBaseAddress               0x08004c87   Thumb Code    22  sx126x.o(i.SX126xSetBufferBaseAddress)
    SX126xSetCad                             0x08004c9d   Thumb Code    20  sx126x.o(i.SX126xSetCad)
    SX126xSetCrcPolynomial                   0x08004cb5   Thumb Code    34  sx126x.o(i.SX126xSetCrcPolynomial)
    SX126xSetCrcSeed                         0x08004cdd   Thumb Code    34  sx126x.o(i.SX126xSetCrcSeed)
    SX126xSetDio2AsRfSwitchCtrl              0x08004d05   Thumb Code    14  sx126x.o(i.SX126xSetDio2AsRfSwitchCtrl)
    SX126xSetDio3AsTcxoCtrl                  0x08004d13   Thumb Code    38  sx126x.o(i.SX126xSetDio3AsTcxoCtrl)
    SX126xSetDioIrqParams                    0x08004d39   Thumb Code    54  sx126x.o(i.SX126xSetDioIrqParams)
    SX126xSetLoRaSymbNumTimeout              0x08004d6f   Thumb Code    14  sx126x.o(i.SX126xSetLoRaSymbNumTimeout)
    SX126xSetModulationParams                0x08004d7d   Thumb Code   218  sx126x.o(i.SX126xSetModulationParams)
    SX126xSetOperatingMode                   0x08004e7d   Thumb Code     6  sx126x.o(i.SX126xSetOperatingMode)
    SX126xSetPaConfig                        0x08004e89   Thumb Code    30  sx126x.o(i.SX126xSetPaConfig)
    SX126xSetPacketParams                    0x08004ea9   Thumb Code   192  sx126x.o(i.SX126xSetPacketParams)
    SX126xSetPacketType                      0x08004f6d   Thumb Code    22  sx126x.o(i.SX126xSetPacketType)
    SX126xSetPayload                         0x08004f89   Thumb Code    10  sx126x.o(i.SX126xSetPayload)
    SX126xSetRegulatorMode                   0x08004f93   Thumb Code    14  sx126x.o(i.SX126xSetRegulatorMode)
    SX126xSetRfFrequency                     0x08004fa1   Thumb Code   116  sx126x.o(i.SX126xSetRfFrequency)
    SX126xSetRfTxPower                       0x08005031   Thumb Code     6  sx1262dvk1cas.o(i.SX126xSetRfTxPower)
    SX126xSetRx                              0x08005039   Thumb Code    42  sx126x.o(i.SX126xSetRx)
    SX126xSetRxBoosted                       0x08005069   Thumb Code    48  sx126x.o(i.SX126xSetRxBoosted)
    SX126xSetRxDutyCycle                     0x0800509d   Thumb Code    52  sx126x.o(i.SX126xSetRxDutyCycle)
    SX126xSetSleep                           0x080050d5   Thumb Code    50  sx126x.o(i.SX126xSetSleep)
    SX126xSetStandby                         0x0800510d   Thumb Code    30  sx126x.o(i.SX126xSetStandby)
    SX126xSetStopRxTimerOnPreambleDetect     0x08005131   Thumb Code    14  sx126x.o(i.SX126xSetStopRxTimerOnPreambleDetect)
    SX126xSetSyncWord                        0x0800513f   Thumb Code    18  sx126x.o(i.SX126xSetSyncWord)
    SX126xSetTx                              0x08005151   Thumb Code    42  sx126x.o(i.SX126xSetTx)
    SX126xSetTxContinuousWave                0x08005181   Thumb Code    10  sx126x.o(i.SX126xSetTxContinuousWave)
    SX126xSetTxParams                        0x0800518b   Thumb Code    86  sx126x.o(i.SX126xSetTxParams)
    SX126xSetWhiteningSeed                   0x080051e1   Thumb Code    52  sx126x.o(i.SX126xSetWhiteningSeed)
    SX126xWaitOnBusy                         0x08005219   Thumb Code    18  sx1262dvk1cas.o(i.SX126xWaitOnBusy)
    SX126xWakeup                             0x08005231   Thumb Code    50  sx1262dvk1cas.o(i.SX126xWakeup)
    SX126xWriteBuffer                        0x08005263   Thumb Code    80  sx1262dvk1cas.o(i.SX126xWriteBuffer)
    SX126xWriteCommand                       0x080052b3   Thumb Code    82  sx1262dvk1cas.o(i.SX126xWriteCommand)
    SX126xWriteRegister                      0x08005305   Thumb Code    12  sx1262dvk1cas.o(i.SX126xWriteRegister)
    SX126xWriteRegisters                     0x08005311   Thumb Code    86  sx1262dvk1cas.o(i.SX126xWriteRegisters)
    SysTick_Handler                          0x08005367   Thumb Code     4  stm32l4xx_it.o(i.SysTick_Handler)
    SystemClock_Config                       0x0800536d   Thumb Code   138  main.o(i.SystemClock_Config)
    SystemInit                               0x08005401   Thumb Code    56  system_stm32l4xx.o(i.SystemInit)
    TIM1_UP_TIM16_IRQHandler                 0x08005445   Thumb Code     6  stm32l4xx_it.o(i.TIM1_UP_TIM16_IRQHandler)
    TIM2_IRQHandler                          0x08005451   Thumb Code     6  stm32l4xx_it.o(i.TIM2_IRQHandler)
    TIM3_IRQHandler                          0x0800545d   Thumb Code     6  stm32l4xx_it.o(i.TIM3_IRQHandler)
    TIM_Base_SetConfig                       0x08005469   Thumb Code   160  stm32l4xx_hal_tim.o(i.TIM_Base_SetConfig)
    TIM_ETR_SetConfig                        0x08005529   Thumb Code    20  stm32l4xx_hal_tim.o(i.TIM_ETR_SetConfig)
    TimerGetCurrentTime                      0x08005593   Thumb Code    14  timeserver.o(i.TimerGetCurrentTime)
    TimerGetElapsedTime                      0x080055a1   Thumb Code    32  timeserver.o(i.TimerGetElapsedTime)
    TimerInit                                0x080055c1   Thumb Code    18  timeserver.o(i.TimerInit)
    TimerIrqHandler                          0x080055ed   Thumb Code   124  timeserver.o(i.TimerIrqHandler)
    TimerSetValue                            0x0800569b   Thumb Code    34  timeserver.o(i.TimerSetValue)
    TimerStart                               0x080056bd   Thumb Code   112  timeserver.o(i.TimerStart)
    TimerStop                                0x08005731   Thumb Code    90  timeserver.o(i.TimerStop)
    UART_AdvFeatureConfig                    0x08005791   Thumb Code   200  stm32l4xx_hal_uart.o(i.UART_AdvFeatureConfig)
    UART_CheckIdleState                      0x08005859   Thumb Code    88  stm32l4xx_hal_uart.o(i.UART_CheckIdleState)
    UART_SetConfig                           0x08005981   Thumb Code   548  stm32l4xx_hal_uart.o(i.UART_SetConfig)
    UART_WaitOnFlagUntilTimeout              0x08005bcd   Thumb Code   164  stm32l4xx_hal_uart.o(i.UART_WaitOnFlagUntilTimeout)
    USART1_IRQHandler                        0x08005c71   Thumb Code    62  stm32l4xx_it.o(i.USART1_IRQHandler)
    USART3_IRQHandler                        0x08005cc5   Thumb Code    62  stm32l4xx_it.o(i.USART3_IRQHandler)
    UsageFault_Handler                       0x08005d19   Thumb Code     2  stm32l4xx_it.o(i.UsageFault_Handler)
    __0printf$8                              0x08005d1d   Thumb Code    22  printf8.o(i.__0printf$8)
    __1printf$8                              0x08005d1d   Thumb Code     0  printf8.o(i.__0printf$8)
    __2printf                                0x08005d1d   Thumb Code     0  printf8.o(i.__0printf$8)
    __ARM_fpclassify                         0x08005d3d   Thumb Code    48  fpclassify.o(i.__ARM_fpclassify)
    __hardfp_ceil                            0x08005d91   Thumb Code   252  ceil.o(i.__hardfp_ceil)
    __hardfp_floor                           0x08005ea9   Thumb Code   252  floor.o(i.__hardfp_floor)
    __hardfp_pow                             0x08005fc1   Thumb Code  3072  pow.o(i.__hardfp_pow)
    __hardfp_rint                            0x08006c41   Thumb Code    16  rint.o(i.__hardfp_rint)
    __kernel_poly                            0x08006c51   Thumb Code   248  poly.o(i.__kernel_poly)
    __mathlib_dbl_divzero                    0x08006d49   Thumb Code    28  dunder.o(i.__mathlib_dbl_divzero)
    __mathlib_dbl_infnan2                    0x08006d79   Thumb Code    20  dunder.o(i.__mathlib_dbl_infnan2)
    __mathlib_dbl_invalid                    0x08006d91   Thumb Code    24  dunder.o(i.__mathlib_dbl_invalid)
    __mathlib_dbl_overflow                   0x08006db1   Thumb Code    24  dunder.o(i.__mathlib_dbl_overflow)
    __mathlib_dbl_underflow                  0x08006dd1   Thumb Code    24  dunder.o(i.__mathlib_dbl_underflow)
    __scatterload_copy                       0x08006df1   Thumb Code    14  handlers.o(i.__scatterload_copy)
    __scatterload_null                       0x08006dff   Thumb Code     2  handlers.o(i.__scatterload_null)
    __scatterload_zeroinit                   0x08006e01   Thumb Code    14  handlers.o(i.__scatterload_zeroinit)
    __set_errno                              0x08006e11   Thumb Code     6  errno.o(i.__set_errno)
    check_act_cmd                            0x08007279   Thumb Code    44  at_cmd.o(i.check_act_cmd)
    check_cmd_from_gw                        0x080072b5   Thumb Code    60  application.o(i.check_cmd_from_gw)
    check_query_cmd                          0x080072f9   Thumb Code    34  at_cmd.o(i.check_query_cmd)
    check_set_cmd                            0x08007321   Thumb Code    34  at_cmd.o(i.check_set_cmd)
    clear_timer02_1msec                      0x0800734d   Thumb Code     8  timer_app.o(i.clear_timer02_1msec)
    clear_timer03_1msec                      0x08007359   Thumb Code     8  timer_app.o(i.clear_timer03_1msec)
    enable_at_receive                        0x08007365   Thumb Code    14  uart_app.o(i.enable_at_receive)
    fabs                                     0x08007379   Thumb Code    24  fabs.o(i.fabs)
    fputc                                    0x08007391   Thumb Code    20  uart_app.o(i.fputc)
    get_lora_working_freq                    0x080073a9   Thumb Code    26  lora_app.o(i.get_lora_working_freq)
    get_tx_head_and_value                    0x080073c9   Thumb Code    64  application.o(i.get_tx_head_and_value)
    init_at_cmd                              0x08007409   Thumb Code     8  at_cmd.o(i.init_at_cmd)
    init_lora                                0x08007411   Thumb Code   156  lora_app.o(i.init_lora)
    is_timer02_1msec_over                    0x080074c9   Thumb Code     6  timer_app.o(i.is_timer02_1msec_over)
    is_timer03_1msec_over                    0x080074d5   Thumb Code     6  timer_app.o(i.is_timer03_1msec_over)
    lora_rx_parse                            0x080074e1   Thumb Code    80  application.o(i.lora_rx_parse)
    main                                     0x08007535   Thumb Code   126  main.o(i.main)
    parse_rx_cmd                             0x080075b9   Thumb Code   332  at_cmd.o(i.parse_rx_cmd)
    reload_timer03_1msec                     0x08007729   Thumb Code    22  timer_app.o(i.reload_timer03_1msec)
    run_process                              0x08007745   Thumb Code   334  application.o(i.run_process)
    sqrt                                     0x080078b9   Thumb Code   110  sqrt.o(i.sqrt)
    start_at_dma_receive                     0x08007929   Thumb Code    10  uart_app.o(i.start_at_dma_receive)
    start_timer01_1msec                      0x0800793d   Thumb Code    12  timer_app.o(i.start_timer01_1msec)
    start_timer02_1msec                      0x08007951   Thumb Code    12  timer_app.o(i.start_timer02_1msec)
    start_timer03_1msec                      0x08007965   Thumb Code    12  timer_app.o(i.start_timer03_1msec)
    stop_timer01_1msec                       0x08007979   Thumb Code    26  timer_app.o(i.stop_timer01_1msec)
    stop_timer02_1msec                       0x0800799d   Thumb Code    26  timer_app.o(i.stop_timer02_1msec)
    stop_timer03_1msec                       0x080079c1   Thumb Code    26  timer_app.o(i.stop_timer03_1msec)
    uart_app_init                            0x080079e5   Thumb Code    16  uart_app.o(i.uart_app_init)
    write_at_bytes                           0x080079f9   Thumb Code    14  uart_app.o(i.write_at_bytes)
    Radio                                    0x08007a0c   Data         116  radio.o(.constdata)
    Bandwidths                               0x08007a80   Data           3  radio.o(.constdata)
    FskBandwidths                            0x08007a84   Data         176  radio.o(.constdata)
    AHBPrescTable                            0x08007b4c   Data          16  system_stm32l4xx.o(.constdata)
    MSIRangeTable                            0x08007b5c   Data          48  system_stm32l4xx.o(.constdata)
    APBPrescTable                            0x08007b8c   Data           8  system_stm32l4xx.o(.constdata)
    __mathlib_zero                           0x08007c20   Data           8  qnan.o(.constdata)
    Region$$Table$$Base                      0x08007c28   Number         0  anon$$obj.o(Region$$Table)
    Region$$Table$$Limit                     0x08007c48   Number         0  anon$$obj.o(Region$$Table)
    FrequencyError                           0x2000000c   Data           4  sx126x.o(.data)
    MaxPayloadLength                         0x20000010   Data           1  radio.o(.data)
    RxContinuous                             0x20000011   Data           1  radio.o(.data)
    IrqFired                                 0x20000012   Data           1  radio.o(.data)
    TxTimeout                                0x20000018   Data           4  radio.o(.data)
    RxTimeout                                0x2000001c   Data           4  radio.o(.data)
    flag_overcome_dma_bug                    0x200000c0   Data           1  application.o(.data)
    count_node_send                          0x200000c2   Data           2  application.o(.data)
    sync_count                               0x200000c4   Data           2  application.o(.data)
    node_time                                0x200000c6   Data           2  application.o(.data)
    flag_timer01_1_msec_over                 0x200000c8   Data           1  timer_app.o(.data)
    flag_timer02_1_msec_over                 0x200000c9   Data           1  timer_app.o(.data)
    flag_timer03_1_msec_over                 0x200000ca   Data           1  timer_app.o(.data)
    temp                                     0x200000cc   Data           4  stm32l4xx_it.o(.data)
    uwTickFreq                               0x200000d0   Data           1  stm32l4xx_hal.o(.data)
    uwTickPrio                               0x200000d4   Data           4  stm32l4xx_hal.o(.data)
    uwTick                                   0x200000d8   Data           4  stm32l4xx_hal.o(.data)
    SystemCoreClock                          0x200000dc   Data           4  system_stm32l4xx.o(.data)
    __stdout                                 0x200000e0   Data           4  stdout.o(.data)
    RadioPktStatus                           0x20000128   Data          20  radio.o(.bss)
    RadioRxPayload                           0x2000013c   Data         255  radio.o(.bss)
    SX126x                                   0x2000023c   Data          60  radio.o(.bss)
    TxTimeoutTimer                           0x20000278   Data          24  radio.o(.bss)
    RxTimeoutTimer                           0x20000290   Data          24  radio.o(.bss)
    at_rec_str_st                            0x2000030c   Data          78  uart_app.o(.bss)
    radio_events                             0x200003a4   Data          28  lora_app.o(.bss)
    lora_package_st                          0x200003c0   Data         436  lora_app.o(.bss)
    hrtc                                     0x20000574   Data          36  main.o(.bss)
    htim1                                    0x20000598   Data          76  main.o(.bss)
    htim2                                    0x200005e4   Data          76  main.o(.bss)
    htim3                                    0x20000630   Data          76  main.o(.bss)
    huart1                                   0x2000067c   Data         128  main.o(.bss)
    huart3                                   0x200006fc   Data         128  main.o(.bss)
    hdma_usart1_rx                           0x2000077c   Data          72  main.o(.bss)
    hdma_usart3_rx                           0x200007c4   Data          72  main.o(.bss)
    __initial_sp                             0x20000c10   Data           0  startup_stm32l476xx.o(STACK)



==============================================================================

Memory Map of the image

  Image Entry point : 0x08000189

  Load Region LR_IROM1 (Base: 0x08000000, Size: 0x00007d30, Max: 0x00100000, ABSOLUTE)

    Execution Region ER_IROM1 (Exec base: 0x08000000, Load base: 0x08000000, Size: 0x00007c48, Max: 0x00100000, ABSOLUTE)

    Exec Addr    Load Addr    Size         Type   Attr      Idx    E Section Name        Object

    0x08000000   0x08000000   0x00000188   Data   RO            3    RESET               startup_stm32l476xx.o
    0x08000188   0x08000188   0x00000000   Code   RO         6305  * .ARM.Collect$$$$00000000  mc_w.l(entry.o)
    0x08000188   0x08000188   0x00000004   Code   RO         6640    .ARM.Collect$$$$00000001  mc_w.l(entry2.o)
    0x0800018c   0x0800018c   0x00000004   Code   RO         6643    .ARM.Collect$$$$00000004  mc_w.l(entry5.o)
    0x08000190   0x08000190   0x00000000   Code   RO         6645    .ARM.Collect$$$$00000008  mc_w.l(entry7b.o)
    0x08000190   0x08000190   0x00000000   Code   RO         6647    .ARM.Collect$$$$0000000A  mc_w.l(entry8b.o)
    0x08000190   0x08000190   0x00000008   Code   RO         6648    .ARM.Collect$$$$0000000B  mc_w.l(entry9a.o)
    0x08000198   0x08000198   0x00000004   Code   RO         6655    .ARM.Collect$$$$0000000E  mc_w.l(entry12b.o)
    0x0800019c   0x0800019c   0x00000000   Code   RO         6650    .ARM.Collect$$$$0000000F  mc_w.l(entry10a.o)
    0x0800019c   0x0800019c   0x00000000   Code   RO         6652    .ARM.Collect$$$$00000011  mc_w.l(entry11a.o)
    0x0800019c   0x0800019c   0x00000004   Code   RO         6641    .ARM.Collect$$$$00002712  mc_w.l(entry2.o)
    0x080001a0   0x080001a0   0x00000024   Code   RO            4    .text               startup_stm32l476xx.o
    0x080001c4   0x080001c4   0x00000068   Code   RO         6308    .text               mc_w.l(uldiv.o)
    0x0800022c   0x0800022c   0x00000024   Code   RO         6310    .text               mc_w.l(memcpya.o)
    0x08000250   0x08000250   0x00000024   Code   RO         6312    .text               mc_w.l(memseta.o)
    0x08000274   0x08000274   0x00000024   Code   RO         6314    .text               mc_w.l(strstr.o)
    0x08000298   0x08000298   0x00000018   Code   RO         6316    .text               mc_w.l(strncpy.o)
    0x080002b0   0x080002b0   0x00000014   Code   RO         6318    .text               mc_w.l(strchr.o)
    0x080002c4   0x080002c4   0x0000001c   Code   RO         6320    .text               mc_w.l(strcmp.o)
    0x080002e0   0x080002e0   0x0000015e   Code   RO         6585    .text               mf_w.l(dadd.o)
    0x0800043e   0x0800043e   0x000000ea   Code   RO         6587    .text               mf_w.l(dmul.o)
    0x08000528   0x08000528   0x000000de   Code   RO         6589    .text               mf_w.l(ddiv.o)
    0x08000606   0x08000606   0x00000022   Code   RO         6591    .text               mf_w.l(dflti.o)
    0x08000628   0x08000628   0x0000001a   Code   RO         6593    .text               mf_w.l(dfltui.o)
    0x08000642   0x08000642   0x00000032   Code   RO         6595    .text               mf_w.l(dfixui.o)
    0x08000674   0x08000674   0x00000030   Code   RO         6599    .text               mf_w.l(cdrcmple.o)
    0x080006a4   0x080006a4   0x0000001e   Code   RO         6659    .text               mc_w.l(llshl.o)
    0x080006c2   0x080006c2   0x00000020   Code   RO         6661    .text               mc_w.l(llushr.o)
    0x080006e2   0x080006e2   0x00000024   Code   RO         6663    .text               mc_w.l(llsshr.o)
    0x08000706   0x08000706   0x00000000   Code   RO         6672    .text               mc_w.l(iusefp.o)
    0x08000706   0x08000706   0x000000ba   Code   RO         6675    .text               mf_w.l(depilogue.o)
    0x080007c0   0x080007c0   0x0000002e   Code   RO         6679    .text               mf_w.l(dscalb.o)
    0x080007ee   0x080007ee   0x00000002   PAD
    0x080007f0   0x080007f0   0x00000088   Code   RO         6681    .text               mf_w.l(drnd.o)
    0x08000878   0x08000878   0x00000024   Code   RO         6685    .text               mc_w.l(init.o)
    0x0800089c   0x0800089c   0x000000a2   Code   RO         6687    .text               mf_w.l(dsqrt.o)
    0x0800093e   0x0800093e   0x00000002   Code   RO         1855    i.BusFault_Handler  stm32l4xx_it.o
    0x08000940   0x08000940   0x0000000c   Code   RO         1856    i.DMA1_Channel3_IRQHandler  stm32l4xx_it.o
    0x0800094c   0x0800094c   0x0000000c   Code   RO         1857    i.DMA1_Channel5_IRQHandler  stm32l4xx_it.o
    0x08000958   0x08000958   0x0000002e   Code   RO         3762    i.DMA_SetConfig     stm32l4xx_hal_dma.o
    0x08000986   0x08000986   0x00000002   Code   RO         1858    i.DebugMon_Handler  stm32l4xx_it.o
    0x08000988   0x08000988   0x00000006   Code   RO         1859    i.EXTI4_IRQHandler  stm32l4xx_it.o
    0x0800098e   0x0800098e   0x00000002   Code   RO         1736    i.Error_Handler     main.o
    0x08000990   0x08000990   0x0000004a   Code   RO         3763    i.HAL_DMA_Abort     stm32l4xx_hal_dma.o
    0x080009da   0x080009da   0x0000004e   Code   RO         3764    i.HAL_DMA_Abort_IT  stm32l4xx_hal_dma.o
    0x08000a28   0x08000a28   0x00000004   Code   RO         3766    i.HAL_DMA_GetError  stm32l4xx_hal_dma.o
    0x08000a2c   0x08000a2c   0x000000ba   Code   RO         3768    i.HAL_DMA_IRQHandler  stm32l4xx_hal_dma.o
    0x08000ae6   0x08000ae6   0x00000002   PAD
    0x08000ae8   0x08000ae8   0x000000c0   Code   RO         3769    i.HAL_DMA_Init      stm32l4xx_hal_dma.o
    0x08000ba8   0x08000ba8   0x00000070   Code   RO         3773    i.HAL_DMA_Start_IT  stm32l4xx_hal_dma.o
    0x08000c18   0x08000c18   0x0000000a   Code   RO         1988    i.HAL_Delay         stm32l4xx_hal_msp.o
    0x08000c22   0x08000c22   0x00000004   Code   RO         1989    i.HAL_GPIO_EXTI_Callback  stm32l4xx_hal_msp.o
    0x08000c26   0x08000c26   0x00000002   PAD
    0x08000c28   0x08000c28   0x00000018   Code   RO         3698    i.HAL_GPIO_EXTI_IRQHandler  stm32l4xx_hal_gpio.o
    0x08000c40   0x08000c40   0x00000266   Code   RO         3699    i.HAL_GPIO_Init     stm32l4xx_hal_gpio.o
    0x08000ea6   0x08000ea6   0x0000000a   Code   RO         3701    i.HAL_GPIO_ReadPin  stm32l4xx_hal_gpio.o
    0x08000eb0   0x08000eb0   0x0000000a   Code   RO         3703    i.HAL_GPIO_WritePin  stm32l4xx_hal_gpio.o
    0x08000eba   0x08000eba   0x00000002   PAD
    0x08000ebc   0x08000ebc   0x0000000c   Code   RO         2500    i.HAL_GetTick       stm32l4xx_hal.o
    0x08000ec8   0x08000ec8   0x00000010   Code   RO         2506    i.HAL_IncTick       stm32l4xx_hal.o
    0x08000ed8   0x08000ed8   0x0000001e   Code   RO         2507    i.HAL_Init          stm32l4xx_hal.o
    0x08000ef6   0x08000ef6   0x00000004   Code   RO         1990    i.HAL_InitTick      stm32l4xx_hal_msp.o
    0x08000efa   0x08000efa   0x00000002   PAD
    0x08000efc   0x08000efc   0x00000034   Code   RO         1991    i.HAL_MspInit       stm32l4xx_hal_msp.o
    0x08000f30   0x08000f30   0x0000001a   Code   RO         4246    i.HAL_NVIC_EnableIRQ  stm32l4xx_hal_cortex.o
    0x08000f4a   0x08000f4a   0x00000002   PAD
    0x08000f4c   0x08000f4c   0x00000040   Code   RO         4252    i.HAL_NVIC_SetPriority  stm32l4xx_hal_cortex.o
    0x08000f8c   0x08000f8c   0x00000024   Code   RO         4253    i.HAL_NVIC_SetPriorityGrouping  stm32l4xx_hal_cortex.o
    0x08000fb0   0x08000fb0   0x00000068   Code   RO         3990    i.HAL_PWREx_ControlVoltageScaling  stm32l4xx_hal_pwr_ex.o
    0x08001018   0x08001018   0x00000010   Code   RO         4021    i.HAL_PWREx_GetVoltageRange  stm32l4xx_hal_pwr_ex.o
    0x08001028   0x08001028   0x00000010   Code   RO         3882    i.HAL_PWR_EnableBkUpAccess  stm32l4xx_hal_pwr.o
    0x08001038   0x08001038   0x000003ae   Code   RO         3355    i.HAL_RCCEx_PeriphCLKConfig  stm32l4xx_hal_rcc_ex.o
    0x080013e6   0x080013e6   0x00000002   PAD
    0x080013e8   0x080013e8   0x00000120   Code   RO         3240    i.HAL_RCC_ClockConfig  stm32l4xx_hal_rcc.o
    0x08001508   0x08001508   0x00000024   Code   RO         3246    i.HAL_RCC_GetPCLK1Freq  stm32l4xx_hal_rcc.o
    0x0800152c   0x0800152c   0x00000024   Code   RO         3247    i.HAL_RCC_GetPCLK2Freq  stm32l4xx_hal_rcc.o
    0x08001550   0x08001550   0x000000a4   Code   RO         3248    i.HAL_RCC_GetSysClockFreq  stm32l4xx_hal_rcc.o
    0x080015f4   0x080015f4   0x00000528   Code   RO         3251    i.HAL_RCC_OscConfig  stm32l4xx_hal_rcc.o
    0x08001b1c   0x08001b1c   0x00000002   Code   RO         2249    i.HAL_RTCEx_AlarmBEventCallback  stm32l4xx_hal_rtc_ex.o
    0x08001b1e   0x08001b1e   0x00000042   Code   RO         2259    i.HAL_RTCEx_EnableBypassShadow  stm32l4xx_hal_rtc_ex.o
    0x08001b60   0x08001b60   0x00000004   Code   RO         1992    i.HAL_RTC_AlarmAEventCallback  stm32l4xx_hal_msp.o
    0x08001b64   0x08001b64   0x00000058   Code   RO         2107    i.HAL_RTC_AlarmIRQHandler  stm32l4xx_hal_rtc.o
    0x08001bbc   0x08001bbc   0x000000ba   Code   RO         2109    i.HAL_RTC_DeactivateAlarm  stm32l4xx_hal_rtc.o
    0x08001c76   0x08001c76   0x00000002   PAD
    0x08001c78   0x08001c78   0x00000044   Code   RO         2111    i.HAL_RTC_GetDate   stm32l4xx_hal_rtc.o
    0x08001cbc   0x08001cbc   0x00000054   Code   RO         2113    i.HAL_RTC_GetTime   stm32l4xx_hal_rtc.o
    0x08001d10   0x08001d10   0x0000009c   Code   RO         2114    i.HAL_RTC_Init      stm32l4xx_hal_rtc.o
    0x08001dac   0x08001dac   0x00000074   Code   RO         1994    i.HAL_RTC_MspInit   stm32l4xx_hal_msp.o
    0x08001e20   0x08001e20   0x00000196   Code   RO         2119    i.HAL_RTC_SetAlarm_IT  stm32l4xx_hal_rtc.o
    0x08001fb6   0x08001fb6   0x00000002   PAD
    0x08001fb8   0x08001fb8   0x000000a0   Code   RO         2120    i.HAL_RTC_SetDate   stm32l4xx_hal_rtc.o
    0x08002058   0x08002058   0x000000cc   Code   RO         2121    i.HAL_RTC_SetTime   stm32l4xx_hal_rtc.o
    0x08002124   0x08002124   0x00000036   Code   RO         2122    i.HAL_RTC_WaitForSynchro  stm32l4xx_hal_rtc.o
    0x0800215a   0x0800215a   0x000000e0   Code   RO         4459    i.HAL_SPI_Init      stm32l4xx_hal_spi.o
    0x0800223a   0x0800223a   0x00000002   PAD
    0x0800223c   0x0800223c   0x00000064   Code   RO         1996    i.HAL_SPI_MspInit   stm32l4xx_hal_msp.o
    0x080022a0   0x080022a0   0x00000268   Code   RO         4468    i.HAL_SPI_TransmitReceive  stm32l4xx_hal_spi.o
    0x08002508   0x08002508   0x00000002   Code   RO         5515    i.HAL_TIMEx_Break2Callback  stm32l4xx_hal_tim_ex.o
    0x0800250a   0x0800250a   0x00000002   Code   RO         5516    i.HAL_TIMEx_BreakCallback  stm32l4xx_hal_tim_ex.o
    0x0800250c   0x0800250c   0x00000002   Code   RO         5517    i.HAL_TIMEx_CommutCallback  stm32l4xx_hal_tim_ex.o
    0x0800250e   0x0800250e   0x00000002   PAD
    0x08002510   0x08002510   0x0000009c   Code   RO         5537    i.HAL_TIMEx_MasterConfigSynchronization  stm32l4xx_hal_tim_ex.o
    0x080025ac   0x080025ac   0x00000062   Code   RO         4801    i.HAL_TIM_Base_Init  stm32l4xx_hal_tim.o
    0x0800260e   0x0800260e   0x00000002   PAD
    0x08002610   0x08002610   0x00000088   Code   RO         1998    i.HAL_TIM_Base_MspInit  stm32l4xx_hal_msp.o
    0x08002698   0x08002698   0x00000080   Code   RO         4806    i.HAL_TIM_Base_Start_IT  stm32l4xx_hal_tim.o
    0x08002718   0x08002718   0x00000030   Code   RO         4809    i.HAL_TIM_Base_Stop_IT  stm32l4xx_hal_tim.o
    0x08002748   0x08002748   0x000000dc   Code   RO         4810    i.HAL_TIM_ConfigClockSource  stm32l4xx_hal_tim.o
    0x08002824   0x08002824   0x00000002   Code   RO         4835    i.HAL_TIM_IC_CaptureCallback  stm32l4xx_hal_tim.o
    0x08002826   0x08002826   0x00000184   Code   RO         4849    i.HAL_TIM_IRQHandler  stm32l4xx_hal_tim.o
    0x080029aa   0x080029aa   0x00000002   Code   RO         4852    i.HAL_TIM_OC_DelayElapsedCallback  stm32l4xx_hal_tim.o
    0x080029ac   0x080029ac   0x00000002   Code   RO         4879    i.HAL_TIM_PWM_PulseFinishedCallback  stm32l4xx_hal_tim.o
    0x080029ae   0x080029ae   0x00000002   PAD
    0x080029b0   0x080029b0   0x00000054   Code   RO         1618    i.HAL_TIM_PeriodElapsedCallback  timer_app.o
    0x08002a04   0x08002a04   0x00000002   Code   RO         4892    i.HAL_TIM_TriggerCallback  stm32l4xx_hal_tim.o
    0x08002a06   0x08002a06   0x00000002   Code   RO         6181    i.HAL_UARTEx_WakeupCallback  stm32l4xx_hal_uart_ex.o
    0x08002a08   0x08002a08   0x00000072   Code   RO         5820    i.HAL_UART_DMAStop  stm32l4xx_hal_uart.o
    0x08002a7a   0x08002a7a   0x00000002   Code   RO         5824    i.HAL_UART_ErrorCallback  stm32l4xx_hal_uart.o
    0x08002a7c   0x08002a7c   0x00000164   Code   RO         5827    i.HAL_UART_IRQHandler  stm32l4xx_hal_uart.o
    0x08002be0   0x08002be0   0x00000066   Code   RO         5828    i.HAL_UART_Init     stm32l4xx_hal_uart.o
    0x08002c46   0x08002c46   0x00000002   PAD
    0x08002c48   0x08002c48   0x0000012c   Code   RO         2000    i.HAL_UART_MspInit  stm32l4xx_hal_msp.o
    0x08002d74   0x08002d74   0x0000009c   Code   RO         5832    i.HAL_UART_Receive_DMA  stm32l4xx_hal_uart.o
    0x08002e10   0x08002e10   0x00000002   Code   RO         5835    i.HAL_UART_RxCpltCallback  stm32l4xx_hal_uart.o
    0x08002e12   0x08002e12   0x00000002   Code   RO         5836    i.HAL_UART_RxHalfCpltCallback  stm32l4xx_hal_uart.o
    0x08002e14   0x08002e14   0x000000b6   Code   RO         5837    i.HAL_UART_Transmit  stm32l4xx_hal_uart.o
    0x08002eca   0x08002eca   0x00000002   Code   RO         5840    i.HAL_UART_TxCpltCallback  stm32l4xx_hal_uart.o
    0x08002ecc   0x08002ecc   0x00000030   Code   RO           13    i.HW_GPIO_GetBitPos  hw_gpio.o
    0x08002efc   0x08002efc   0x0000007c   Code   RO           14    i.HW_GPIO_Init      hw_gpio.o
    0x08002f78   0x08002f78   0x00000020   Code   RO           15    i.HW_GPIO_IrqHandler  hw_gpio.o
    0x08002f98   0x08002f98   0x00000004   Code   RO           16    i.HW_GPIO_Read      hw_gpio.o
    0x08002f9c   0x08002f9c   0x0000003c   Code   RO           17    i.HW_GPIO_SetIrq    hw_gpio.o
    0x08002fd8   0x08002fd8   0x00000006   Code   RO           18    i.HW_GPIO_Write     hw_gpio.o
    0x08002fde   0x08002fde   0x00000026   Code   RO         1284    i.HW_RTC_DelayMs    hw_rtc.o
    0x08003004   0x08003004   0x000000bc   Code   RO         1286    i.HW_RTC_GetCalendarValue  hw_rtc.o
    0x080030c0   0x080030c0   0x00000004   Code   RO         1287    i.HW_RTC_GetMinimumTimeout  hw_rtc.o
    0x080030c4   0x080030c4   0x0000000c   Code   RO         1288    i.HW_RTC_GetTimerContext  hw_rtc.o
    0x080030d0   0x080030d0   0x0000001c   Code   RO         1289    i.HW_RTC_GetTimerElapsedTime  hw_rtc.o
    0x080030ec   0x080030ec   0x00000010   Code   RO         1290    i.HW_RTC_GetTimerValue  hw_rtc.o
    0x080030fc   0x080030fc   0x0000002c   Code   RO         1291    i.HW_RTC_Init       hw_rtc.o
    0x08003128   0x08003128   0x00000044   Code   RO         1292    i.HW_RTC_IrqHandler  hw_rtc.o
    0x0800316c   0x0800316c   0x00000040   Code   RO         1293    i.HW_RTC_SetAlarm   hw_rtc.o
    0x080031ac   0x080031ac   0x00000064   Code   RO         1294    i.HW_RTC_SetConfig  hw_rtc.o
    0x08003210   0x08003210   0x00000018   Code   RO         1295    i.HW_RTC_SetTimerContext  hw_rtc.o
    0x08003228   0x08003228   0x00000120   Code   RO         1296    i.HW_RTC_StartWakeUpAlarm  hw_rtc.o
    0x08003348   0x08003348   0x00000030   Code   RO         1297    i.HW_RTC_StopAlarm  hw_rtc.o
    0x08003378   0x08003378   0x00000016   Code   RO         1298    i.HW_RTC_Tick2ms    hw_rtc.o
    0x0800338e   0x0800338e   0x00000010   Code   RO         1300    i.HW_RTC_ms2Tick    hw_rtc.o
    0x0800339e   0x0800339e   0x00000002   PAD
    0x080033a0   0x080033a0   0x00000020   Code   RO         1133    i.HW_SPI_InOut      hw_spi.o
    0x080033c0   0x080033c0   0x00000088   Code   RO         1134    i.HW_SPI_Init       hw_spi.o
    0x08003448   0x08003448   0x0000005e   Code   RO         1136    i.HW_SPI_IoInit     hw_spi.o
    0x080034a6   0x080034a6   0x00000002   Code   RO         1860    i.HardFault_Handler  stm32l4xx_it.o
    0x080034a8   0x080034a8   0x00000024   Code   RO          244    i.LPM_GetMode       low_power_manager.o
    0x080034cc   0x080034cc   0x00000024   Code   RO          246    i.LPM_SetStopMode   low_power_manager.o
    0x080034f0   0x080034f0   0x00000056   Code   RO         2001    i.MSP_GetIRQn       stm32l4xx_hal_msp.o
    0x08003546   0x08003546   0x00000002   PAD
    0x08003548   0x08003548   0x000000c8   Code   RO         1737    i.MX_GPIO_Init      main.o
    0x08003610   0x08003610   0x00000058   Code   RO         1738    i.MX_TIM1_Init      main.o
    0x08003668   0x08003668   0x00000054   Code   RO         1739    i.MX_TIM2_Init      main.o
    0x080036bc   0x080036bc   0x00000058   Code   RO         1740    i.MX_TIM3_Init      main.o
    0x08003714   0x08003714   0x0000002c   Code   RO         1741    i.MX_USART1_UART_Init  main.o
    0x08003740   0x08003740   0x0000002c   Code   RO         1742    i.MX_USART3_UART_Init  main.o
    0x0800376c   0x0800376c   0x00000002   Code   RO         1861    i.MemManage_Handler  stm32l4xx_it.o
    0x0800376e   0x0800376e   0x00000002   Code   RO         1862    i.NMI_Handler       stm32l4xx_it.o
    0x08003770   0x08003770   0x00000040   Code   RO         1426    i.OnRxDone          application.o
    0x080037b0   0x080037b0   0x0000000c   Code   RO         1427    i.OnRxError         application.o
    0x080037bc   0x080037bc   0x00000020   Code   RO         1428    i.OnRxTimeout       application.o
    0x080037dc   0x080037dc   0x0000000c   Code   RO         1429    i.OnTxDone          application.o
    0x080037e8   0x080037e8   0x0000000c   Code   RO         1430    i.OnTxTimeout       application.o
    0x080037f4   0x080037f4   0x00000002   Code   RO         1863    i.PendSV_Handler    stm32l4xx_it.o
    0x080037f6   0x080037f6   0x00000002   PAD
    0x080037f8   0x080037f8   0x0000012c   Code   RO         3359    i.RCCEx_PLLSAI1_Config  stm32l4xx_hal_rcc_ex.o
    0x08003924   0x08003924   0x00000108   Code   RO         3360    i.RCCEx_PLLSAI2_Config  stm32l4xx_hal_rcc_ex.o
    0x08003a2c   0x08003a2c   0x0000007c   Code   RO         3252    i.RCC_SetFlashLatencyFromMSIRange  stm32l4xx_hal_rcc.o
    0x08003aa8   0x08003aa8   0x00000014   Code   RO         1864    i.RTC_Alarm_IRQHandler  stm32l4xx_it.o
    0x08003abc   0x08003abc   0x00000012   Code   RO         2123    i.RTC_Bcd2ToByte    stm32l4xx_hal_rtc.o
    0x08003ace   0x08003ace   0x00000018   Code   RO         2124    i.RTC_ByteToBcd2    stm32l4xx_hal_rtc.o
    0x08003ae6   0x08003ae6   0x00000002   PAD
    0x08003ae8   0x08003ae8   0x00000046   Code   RO         2125    i.RTC_EnterInitMode  stm32l4xx_hal_rtc.o
    0x08003b2e   0x08003b2e   0x00000002   PAD
    0x08003b30   0x08003b30   0x00000058   Code   RO         2126    i.RTC_ExitInitMode  stm32l4xx_hal_rtc.o
    0x08003b88   0x08003b88   0x00000004   Code   RO          641    i.RadioCheckRfFrequency  radio.o
    0x08003b8c   0x08003b8c   0x00000034   Code   RO          642    i.RadioGetFskBandwidthRegValue  radio.o
    0x08003bc0   0x08003bc0   0x00000022   Code   RO          643    i.RadioGetStatus    radio.o
    0x08003be2   0x08003be2   0x0000000a   Code   RO          644    i.RadioGetWakeupTime  radio.o
    0x08003bec   0x08003bec   0x00000068   Code   RO          645    i.RadioInit         radio.o
    0x08003c54   0x08003c54   0x00000180   Code   RO          646    i.RadioIrqProcess   radio.o
    0x08003dd4   0x08003dd4   0x0000005a   Code   RO          647    i.RadioIsChannelFree  radio.o
    0x08003e2e   0x08003e2e   0x00000002   PAD
    0x08003e30   0x08003e30   0x00000010   Code   RO          648    i.RadioOnDioIrq     radio.o
    0x08003e40   0x08003e40   0x00000018   Code   RO          649    i.RadioOnRxTimeoutIrq  radio.o
    0x08003e58   0x08003e58   0x00000018   Code   RO          650    i.RadioOnTxTimeoutIrq  radio.o
    0x08003e70   0x08003e70   0x0000003a   Code   RO          651    i.RadioRandom       radio.o
    0x08003eaa   0x08003eaa   0x00000004   Code   RO          652    i.RadioRead         radio.o
    0x08003eae   0x08003eae   0x00000004   Code   RO          653    i.RadioReadBuffer   radio.o
    0x08003eb2   0x08003eb2   0x00000004   Code   RO          655    i.RadioRssi         radio.o
    0x08003eb6   0x08003eb6   0x00000002   PAD
    0x08003eb8   0x08003eb8   0x00000044   Code   RO          656    i.RadioRx           radio.o
    0x08003efc   0x08003efc   0x00000044   Code   RO          657    i.RadioRxBoosted    radio.o
    0x08003f40   0x08003f40   0x00000058   Code   RO          658    i.RadioSend         radio.o
    0x08003f98   0x08003f98   0x00000004   Code   RO          659    i.RadioSetChannel   radio.o
    0x08003f9c   0x08003f9c   0x00000028   Code   RO          660    i.RadioSetMaxPayloadLength  radio.o
    0x08003fc4   0x08003fc4   0x00000030   Code   RO          661    i.RadioSetModem     radio.o
    0x08003ff4   0x08003ff4   0x00000038   Code   RO          662    i.RadioSetPublicNetwork  radio.o
    0x0800402c   0x0800402c   0x0000020a   Code   RO          663    i.RadioSetRxConfig  radio.o
    0x08004236   0x08004236   0x00000004   Code   RO          664    i.RadioSetRxDutyCycle  radio.o
    0x0800423a   0x0800423a   0x00000002   PAD
    0x0800423c   0x0800423c   0x00000182   Code   RO          665    i.RadioSetTxConfig  radio.o
    0x080043be   0x080043be   0x00000002   PAD
    0x080043c0   0x080043c0   0x00000030   Code   RO          666    i.RadioSetTxContinuousWave  radio.o
    0x080043f0   0x080043f0   0x00000012   Code   RO          667    i.RadioSleep        radio.o
    0x08004402   0x08004402   0x00000006   Code   RO          668    i.RadioStandby      radio.o
    0x08004408   0x08004408   0x00000004   Code   RO          669    i.RadioStartCad     radio.o
    0x0800440c   0x0800440c   0x00000210   Code   RO          670    i.RadioTimeOnAir    radio.o
    0x0800461c   0x0800461c   0x00000004   Code   RO          672    i.RadioWrite        radio.o
    0x08004620   0x08004620   0x00000004   Code   RO          673    i.RadioWriteBuffer  radio.o
    0x08004624   0x08004624   0x00000048   Code   RO         4497    i.SPI_EndRxTxTransaction  stm32l4xx_hal_spi.o
    0x0800466c   0x0800466c   0x000000ce   Code   RO         4502    i.SPI_WaitFifoStateUntilTimeout  stm32l4xx_hal_spi.o
    0x0800473a   0x0800473a   0x00000002   PAD
    0x0800473c   0x0800473c   0x000000b8   Code   RO         4503    i.SPI_WaitFlagStateUntilTimeout  stm32l4xx_hal_spi.o
    0x080047f4   0x080047f4   0x00000002   Code   RO         1865    i.SVC_Handler       stm32l4xx_it.o
    0x080047f6   0x080047f6   0x0000000e   Code   RO          870    i.SX126xAntSwOff    sx1262dvk1cas.o
    0x08004804   0x08004804   0x0000000c   Code   RO          871    i.SX126xAntSwOn     sx1262dvk1cas.o
    0x08004810   0x08004810   0x00000004   Code   RO          872    i.SX126xBoardIsTcxoPresent  sx1262dvk1cas.o
    0x08004814   0x08004814   0x00000002   Code   RO          873    i.SX126xBoardSetLedRx  sx1262dvk1cas.o
    0x08004816   0x08004816   0x00000002   Code   RO          874    i.SX126xBoardSetLedTx  sx1262dvk1cas.o
    0x08004818   0x08004818   0x00000046   Code   RO          323    i.SX126xCalibrate   sx126x.o
    0x0800485e   0x0800485e   0x00000002   PAD
    0x08004860   0x08004860   0x00000074   Code   RO          324    i.SX126xCalibrateImage  sx126x.o
    0x080048d4   0x080048d4   0x00000020   Code   RO          325    i.SX126xCheckDeviceReady  sx126x.o
    0x080048f4   0x080048f4   0x00000018   Code   RO          327    i.SX126xClearIrqStatus  sx126x.o
    0x0800490c   0x0800490c   0x00000004   Code   RO          876    i.SX126xGetBoardTcxoWakeupTime  sx1262dvk1cas.o
    0x08004910   0x08004910   0x00000014   Code   RO          329    i.SX126xGetIrqStatus  sx126x.o
    0x08004924   0x08004924   0x0000000c   Code   RO          330    i.SX126xGetOperatingMode  sx126x.o
    0x08004930   0x08004930   0x00000070   Code   RO          331    i.SX126xGetPacketStatus  sx126x.o
    0x080049a0   0x080049a0   0x0000000c   Code   RO          332    i.SX126xGetPacketType  sx126x.o
    0x080049ac   0x080049ac   0x0000002e   Code   RO          333    i.SX126xGetPayload  sx126x.o
    0x080049da   0x080049da   0x00000018   Code   RO          335    i.SX126xGetRssiInst  sx126x.o
    0x080049f2   0x080049f2   0x00000002   PAD
    0x080049f4   0x080049f4   0x0000003c   Code   RO          336    i.SX126xGetRxBufferStatus  sx126x.o
    0x08004a30   0x08004a30   0x00000044   Code   RO          338    i.SX126xInit        sx126x.o
    0x08004a74   0x08004a74   0x00000002   Code   RO          878    i.SX126xIoDeInit    sx1262dvk1cas.o
    0x08004a76   0x08004a76   0x00000002   PAD
    0x08004a78   0x08004a78   0x00000074   Code   RO          879    i.SX126xIoInit      sx1262dvk1cas.o
    0x08004aec   0x08004aec   0x00000010   Code   RO          880    i.SX126xIoIrqInit   sx1262dvk1cas.o
    0x08004afc   0x08004afc   0x00000058   Code   RO          881    i.SX126xReadBuffer  sx1262dvk1cas.o
    0x08004b54   0x08004b54   0x00000056   Code   RO          882    i.SX126xReadCommand  sx1262dvk1cas.o
    0x08004baa   0x08004baa   0x00000010   Code   RO          883    i.SX126xReadRegister  sx1262dvk1cas.o
    0x08004bba   0x08004bba   0x0000005e   Code   RO          884    i.SX126xReadRegisters  sx1262dvk1cas.o
    0x08004c18   0x08004c18   0x0000005c   Code   RO          885    i.SX126xReset       sx1262dvk1cas.o
    0x08004c74   0x08004c74   0x00000012   Code   RO          339    i.SX126xSendPayload  sx126x.o
    0x08004c86   0x08004c86   0x00000016   Code   RO          340    i.SX126xSetBufferBaseAddress  sx126x.o
    0x08004c9c   0x08004c9c   0x00000018   Code   RO          341    i.SX126xSetCad      sx126x.o
    0x08004cb4   0x08004cb4   0x00000028   Code   RO          343    i.SX126xSetCrcPolynomial  sx126x.o
    0x08004cdc   0x08004cdc   0x00000028   Code   RO          344    i.SX126xSetCrcSeed  sx126x.o
    0x08004d04   0x08004d04   0x0000000e   Code   RO          345    i.SX126xSetDio2AsRfSwitchCtrl  sx126x.o
    0x08004d12   0x08004d12   0x00000026   Code   RO          346    i.SX126xSetDio3AsTcxoCtrl  sx126x.o
    0x08004d38   0x08004d38   0x00000036   Code   RO          347    i.SX126xSetDioIrqParams  sx126x.o
    0x08004d6e   0x08004d6e   0x0000000e   Code   RO          349    i.SX126xSetLoRaSymbNumTimeout  sx126x.o
    0x08004d7c   0x08004d7c   0x00000100   Code   RO          350    i.SX126xSetModulationParams  sx126x.o
    0x08004e7c   0x08004e7c   0x0000000c   Code   RO          351    i.SX126xSetOperatingMode  sx126x.o
    0x08004e88   0x08004e88   0x0000001e   Code   RO          352    i.SX126xSetPaConfig  sx126x.o
    0x08004ea6   0x08004ea6   0x00000002   PAD
    0x08004ea8   0x08004ea8   0x000000c4   Code   RO          353    i.SX126xSetPacketParams  sx126x.o
    0x08004f6c   0x08004f6c   0x0000001c   Code   RO          354    i.SX126xSetPacketType  sx126x.o
    0x08004f88   0x08004f88   0x0000000a   Code   RO          355    i.SX126xSetPayload  sx126x.o
    0x08004f92   0x08004f92   0x0000000e   Code   RO          356    i.SX126xSetRegulatorMode  sx126x.o
    0x08004fa0   0x08004fa0   0x00000090   Code   RO          357    i.SX126xSetRfFrequency  sx126x.o
    0x08005030   0x08005030   0x00000006   Code   RO          886    i.SX126xSetRfTxPower  sx1262dvk1cas.o
    0x08005036   0x08005036   0x00000002   PAD
    0x08005038   0x08005038   0x00000030   Code   RO          358    i.SX126xSetRx       sx126x.o
    0x08005068   0x08005068   0x00000034   Code   RO          359    i.SX126xSetRxBoosted  sx126x.o
    0x0800509c   0x0800509c   0x00000038   Code   RO          360    i.SX126xSetRxDutyCycle  sx126x.o
    0x080050d4   0x080050d4   0x00000038   Code   RO          362    i.SX126xSetSleep    sx126x.o
    0x0800510c   0x0800510c   0x00000024   Code   RO          363    i.SX126xSetStandby  sx126x.o
    0x08005130   0x08005130   0x0000000e   Code   RO          364    i.SX126xSetStopRxTimerOnPreambleDetect  sx126x.o
    0x0800513e   0x0800513e   0x00000012   Code   RO          365    i.SX126xSetSyncWord  sx126x.o
    0x08005150   0x08005150   0x00000030   Code   RO          366    i.SX126xSetTx       sx126x.o
    0x08005180   0x08005180   0x0000000a   Code   RO          367    i.SX126xSetTxContinuousWave  sx126x.o
    0x0800518a   0x0800518a   0x00000056   Code   RO          369    i.SX126xSetTxParams  sx126x.o
    0x080051e0   0x080051e0   0x00000038   Code   RO          370    i.SX126xSetWhiteningSeed  sx126x.o
    0x08005218   0x08005218   0x00000018   Code   RO          887    i.SX126xWaitOnBusy  sx1262dvk1cas.o
    0x08005230   0x08005230   0x00000032   Code   RO          888    i.SX126xWakeup      sx1262dvk1cas.o
    0x08005262   0x08005262   0x00000050   Code   RO          889    i.SX126xWriteBuffer  sx1262dvk1cas.o
    0x080052b2   0x080052b2   0x00000052   Code   RO          890    i.SX126xWriteCommand  sx1262dvk1cas.o
    0x08005304   0x08005304   0x0000000c   Code   RO          891    i.SX126xWriteRegister  sx1262dvk1cas.o
    0x08005310   0x08005310   0x00000056   Code   RO          892    i.SX126xWriteRegisters  sx1262dvk1cas.o
    0x08005366   0x08005366   0x00000004   Code   RO         1866    i.SysTick_Handler   stm32l4xx_it.o
    0x0800536a   0x0800536a   0x00000002   PAD
    0x0800536c   0x0800536c   0x00000094   Code   RO         1743    i.SystemClock_Config  main.o
    0x08005400   0x08005400   0x00000044   Code   RO         6241    i.SystemInit        system_stm32l4xx.o
    0x08005444   0x08005444   0x0000000c   Code   RO         1867    i.TIM1_UP_TIM16_IRQHandler  stm32l4xx_it.o
    0x08005450   0x08005450   0x0000000c   Code   RO         1868    i.TIM2_IRQHandler   stm32l4xx_it.o
    0x0800545c   0x0800545c   0x0000000c   Code   RO         1869    i.TIM3_IRQHandler   stm32l4xx_it.o
    0x08005468   0x08005468   0x000000c0   Code   RO         4894    i.TIM_Base_SetConfig  stm32l4xx_hal_tim.o
    0x08005528   0x08005528   0x00000014   Code   RO         4905    i.TIM_ETR_SetConfig  stm32l4xx_hal_tim.o
    0x0800553c   0x0800553c   0x00000010   Code   RO         4906    i.TIM_ITRx_SetConfig  stm32l4xx_hal_tim.o
    0x0800554c   0x0800554c   0x00000022   Code   RO         4914    i.TIM_TI1_ConfigInputStage  stm32l4xx_hal_tim.o
    0x0800556e   0x0800556e   0x00000024   Code   RO         4916    i.TIM_TI2_ConfigInputStage  stm32l4xx_hal_tim.o
    0x08005592   0x08005592   0x0000000e   Code   RO         1026    i.TimerGetCurrentTime  timeserver.o
    0x080055a0   0x080055a0   0x00000020   Code   RO         1027    i.TimerGetElapsedTime  timeserver.o
    0x080055c0   0x080055c0   0x00000012   Code   RO         1028    i.TimerInit         timeserver.o
    0x080055d2   0x080055d2   0x00000002   PAD
    0x080055d4   0x080055d4   0x00000018   Code   RO         1029    i.TimerInsertNewHeadTimer  timeserver.o
    0x080055ec   0x080055ec   0x00000080   Code   RO         1030    i.TimerIrqHandler   timeserver.o
    0x0800566c   0x0800566c   0x0000002e   Code   RO         1034    i.TimerSetTimeout   timeserver.o
    0x0800569a   0x0800569a   0x00000022   Code   RO         1035    i.TimerSetValue     timeserver.o
    0x080056bc   0x080056bc   0x00000074   Code   RO         1036    i.TimerStart        timeserver.o
    0x08005730   0x08005730   0x00000060   Code   RO         1037    i.TimerStop         timeserver.o
    0x08005790   0x08005790   0x000000c8   Code   RO         5842    i.UART_AdvFeatureConfig  stm32l4xx_hal_uart.o
    0x08005858   0x08005858   0x00000058   Code   RO         5843    i.UART_CheckIdleState  stm32l4xx_hal_uart.o
    0x080058b0   0x080058b0   0x00000014   Code   RO         5844    i.UART_DMAAbortOnError  stm32l4xx_hal_uart.o
    0x080058c4   0x080058c4   0x00000048   Code   RO         5845    i.UART_DMAError     stm32l4xx_hal_uart.o
    0x0800590c   0x0800590c   0x0000003c   Code   RO         5846    i.UART_DMAReceiveCplt  stm32l4xx_hal_uart.o
    0x08005948   0x08005948   0x0000000a   Code   RO         5848    i.UART_DMARxHalfCplt  stm32l4xx_hal_uart.o
    0x08005952   0x08005952   0x0000001e   Code   RO         5854    i.UART_EndRxTransfer  stm32l4xx_hal_uart.o
    0x08005970   0x08005970   0x00000010   Code   RO         5855    i.UART_EndTxTransfer  stm32l4xx_hal_uart.o
    0x08005980   0x08005980   0x0000024c   Code   RO         5858    i.UART_SetConfig    stm32l4xx_hal_uart.o
    0x08005bcc   0x08005bcc   0x000000a4   Code   RO         5861    i.UART_WaitOnFlagUntilTimeout  stm32l4xx_hal_uart.o
    0x08005c70   0x08005c70   0x00000054   Code   RO         1870    i.USART1_IRQHandler  stm32l4xx_it.o
    0x08005cc4   0x08005cc4   0x00000054   Code   RO         1871    i.USART3_IRQHandler  stm32l4xx_it.o
    0x08005d18   0x08005d18   0x00000002   Code   RO         1872    i.UsageFault_Handler  stm32l4xx_it.o
    0x08005d1a   0x08005d1a   0x00000002   PAD
    0x08005d1c   0x08005d1c   0x00000020   Code   RO         6531    i.__0printf$8       mc_w.l(printf8.o)
    0x08005d3c   0x08005d3c   0x00000030   Code   RO         6623    i.__ARM_fpclassify  m_wm.l(fpclassify.o)
    0x08005d6c   0x08005d6c   0x00000020   Code   RO         4259    i.__NVIC_SetPriority  stm32l4xx_hal_cortex.o
    0x08005d8c   0x08005d8c   0x00000004   PAD
    0x08005d90   0x08005d90   0x00000118   Code   RO         6275    i.__hardfp_ceil     m_wm.l(ceil.o)
    0x08005ea8   0x08005ea8   0x00000118   Code   RO         6281    i.__hardfp_floor    m_wm.l(floor.o)
    0x08005fc0   0x08005fc0   0x00000c80   Code   RO         6287    i.__hardfp_pow      m_wm.l(pow.o)
    0x08006c40   0x08006c40   0x00000010   Code   RO         6301    i.__hardfp_rint     m_wm.l(rint.o)
    0x08006c50   0x08006c50   0x000000f8   Code   RO         6625    i.__kernel_poly     m_wm.l(poly.o)
    0x08006d48   0x08006d48   0x00000030   Code   RO         6603    i.__mathlib_dbl_divzero  m_wm.l(dunder.o)
    0x08006d78   0x08006d78   0x00000014   Code   RO         6605    i.__mathlib_dbl_infnan2  m_wm.l(dunder.o)
    0x08006d8c   0x08006d8c   0x00000004   PAD
    0x08006d90   0x08006d90   0x00000020   Code   RO         6606    i.__mathlib_dbl_invalid  m_wm.l(dunder.o)
    0x08006db0   0x08006db0   0x00000020   Code   RO         6607    i.__mathlib_dbl_overflow  m_wm.l(dunder.o)
    0x08006dd0   0x08006dd0   0x00000020   Code   RO         6609    i.__mathlib_dbl_underflow  m_wm.l(dunder.o)
    0x08006df0   0x08006df0   0x0000000e   Code   RO         6693    i.__scatterload_copy  mc_w.l(handlers.o)
    0x08006dfe   0x08006dfe   0x00000002   Code   RO         6694    i.__scatterload_null  mc_w.l(handlers.o)
    0x08006e00   0x08006e00   0x0000000e   Code   RO         6695    i.__scatterload_zeroinit  mc_w.l(handlers.o)
    0x08006e0e   0x08006e0e   0x00000002   PAD
    0x08006e10   0x08006e10   0x0000000c   Code   RO         6667    i.__set_errno       mc_w.l(errno.o)
    0x08006e1c   0x08006e1c   0x0000040a   Code   RO         6538    i._printf_core      mc_w.l(printf8.o)
    0x08007226   0x08007226   0x00000024   Code   RO         6539    i._printf_post_padding  mc_w.l(printf8.o)
    0x0800724a   0x0800724a   0x0000002e   Code   RO         6540    i._printf_pre_padding  mc_w.l(printf8.o)
    0x08007278   0x08007278   0x0000003c   Code   RO         1519    i.check_act_cmd     at_cmd.o
    0x080072b4   0x080072b4   0x00000044   Code   RO         1431    i.check_cmd_from_gw  application.o
    0x080072f8   0x080072f8   0x00000028   Code   RO         1520    i.check_query_cmd   at_cmd.o
    0x08007320   0x08007320   0x0000002c   Code   RO         1521    i.check_set_cmd     at_cmd.o
    0x0800734c   0x0800734c   0x0000000c   Code   RO         1620    i.clear_timer02_1msec  timer_app.o
    0x08007358   0x08007358   0x0000000c   Code   RO         1621    i.clear_timer03_1msec  timer_app.o
    0x08007364   0x08007364   0x00000014   Code   RO         1182    i.enable_at_receive  uart_app.o
    0x08007378   0x08007378   0x00000018   Code   RO         6619    i.fabs              m_wm.l(fabs.o)
    0x08007390   0x08007390   0x00000018   Code   RO         1183    i.fputc             uart_app.o
    0x080073a8   0x080073a8   0x00000020   Code   RO         1585    i.get_lora_working_freq  lora_app.o
    0x080073c8   0x080073c8   0x00000040   Code   RO         1432    i.get_tx_head_and_value  application.o
    0x08007408   0x08007408   0x00000008   Code   RO         1522    i.init_at_cmd       at_cmd.o
    0x08007410   0x08007410   0x000000b8   Code   RO         1586    i.init_lora         lora_app.o
    0x080074c8   0x080074c8   0x0000000c   Code   RO         1623    i.is_timer02_1msec_over  timer_app.o
    0x080074d4   0x080074d4   0x0000000c   Code   RO         1624    i.is_timer03_1msec_over  timer_app.o
    0x080074e0   0x080074e0   0x00000054   Code   RO         1433    i.lora_rx_parse     application.o
    0x08007534   0x08007534   0x00000084   Code   RO         1744    i.main              main.o
    0x080075b8   0x080075b8   0x00000170   Code   RO         1523    i.parse_rx_cmd      at_cmd.o
    0x08007728   0x08007728   0x0000001c   Code   RO         1627    i.reload_timer03_1msec  timer_app.o
    0x08007744   0x08007744   0x00000174   Code   RO         1434    i.run_process       application.o
    0x080078b8   0x080078b8   0x0000006e   Code   RO         6630    i.sqrt              m_wm.l(sqrt.o)
    0x08007926   0x08007926   0x00000002   PAD
    0x08007928   0x08007928   0x00000014   Code   RO         1184    i.start_at_dma_receive  uart_app.o
    0x0800793c   0x0800793c   0x00000014   Code   RO         1628    i.start_timer01_1msec  timer_app.o
    0x08007950   0x08007950   0x00000014   Code   RO         1629    i.start_timer02_1msec  timer_app.o
    0x08007964   0x08007964   0x00000014   Code   RO         1630    i.start_timer03_1msec  timer_app.o
    0x08007978   0x08007978   0x00000024   Code   RO         1631    i.stop_timer01_1msec  timer_app.o
    0x0800799c   0x0800799c   0x00000024   Code   RO         1632    i.stop_timer02_1msec  timer_app.o
    0x080079c0   0x080079c0   0x00000024   Code   RO         1633    i.stop_timer03_1msec  timer_app.o
    0x080079e4   0x080079e4   0x00000014   Code   RO         1185    i.uart_app_init     uart_app.o
    0x080079f8   0x080079f8   0x00000014   Code   RO         1186    i.write_at_bytes    uart_app.o
    0x08007a0c   0x08007a0c   0x00000074   Data   RO          676    .constdata          radio.o
    0x08007a80   0x08007a80   0x000000b4   Data   RO          677    .constdata          radio.o
    0x08007b34   0x08007b34   0x00000018   Data   RO         1304    .constdata          hw_rtc.o
    0x08007b4c   0x08007b4c   0x00000040   Data   RO         6242    .constdata          system_stm32l4xx.o
    0x08007b8c   0x08007b8c   0x00000008   Data   RO         6243    .constdata          system_stm32l4xx.o
    0x08007b94   0x08007b94   0x00000004   PAD
    0x08007b98   0x08007b98   0x00000088   Data   RO         6290    .constdata          m_wm.l(pow.o)
    0x08007c20   0x08007c20   0x00000008   Data   RO         6627    .constdata          m_wm.l(qnan.o)
    0x08007c28   0x08007c28   0x00000020   Data   RO         6691    Region$$Table       anon$$obj.o


    Execution Region RW_IRAM2 (Exec base: 0x10000000, Load base: 0x08007d30, Size: 0x00000000, Max: 0x00008000, ABSOLUTE)

    **** No section assigned to this execution region ****


    Execution Region RW_IRAM1 (Exec base: 0x20000000, Load base: 0x08007c48, Size: 0x00000c10, Max: 0x00018000, ABSOLUTE)

    Exec Addr    Load Addr    Size         Type   Attr      Idx    E Section Name        Object

    0x20000000   0x08007c48   0x00000008   Data   RW          247    .data               low_power_manager.o
    0x20000008   0x08007c50   0x00000008   Data   RW          371    .data               sx126x.o
    0x20000010   0x08007c58   0x000000a8   Data   RW          678    .data               radio.o
    0x200000b8   0x08007d00   0x00000004   Data   RW         1039    .data               timeserver.o
    0x200000bc   0x08007d04   0x00000004   Data   RW         1305    .data               hw_rtc.o
    0x200000c0   0x08007d08   0x00000008   Data   RW         1435    .data               application.o
    0x200000c8   0x08007d10   0x00000003   Data   RW         1634    .data               timer_app.o
    0x200000cb   0x08007d13   0x00000001   PAD
    0x200000cc   0x08007d14   0x00000004   Data   RW         1873    .data               stm32l4xx_it.o
    0x200000d0   0x08007d18   0x0000000c   Data   RW         2524    .data               stm32l4xx_hal.o
    0x200000dc   0x08007d24   0x00000004   Data   RW         6244    .data               system_stm32l4xx.o
    0x200000e0   0x08007d28   0x00000004   Data   RW         6656    .data               mc_w.l(stdout.o)
    0x200000e4   0x08007d2c   0x00000004   Data   RW         6668    .data               mc_w.l(errno.o)
    0x200000e8        -       0x00000040   Zero   RW           19    .bss                hw_gpio.o
    0x20000128        -       0x00000180   Zero   RW          675    .bss                radio.o
    0x200002a8        -       0x00000064   Zero   RW         1137    .bss                hw_spi.o
    0x2000030c        -       0x0000004e   Zero   RW         1187    .bss                uart_app.o
    0x2000035a   0x08007d30   0x00000002   PAD
    0x2000035c        -       0x00000048   Zero   RW         1303    .bss                hw_rtc.o
    0x200003a4        -       0x000001d0   Zero   RW         1587    .bss                lora_app.o
    0x20000574        -       0x00000024   Zero   RW         1745    .bss                main.o
    0x20000598        -       0x000001e4   Zero   RW         1747    .bss                main.o
    0x2000077c        -       0x00000048   Zero   RW         1748    .bss                main.o
    0x200007c4        -       0x00000048   Zero   RW         1749    .bss                main.o
    0x2000080c   0x08007d30   0x00000004   PAD
    0x20000810        -       0x00000400   Zero   RW            1    STACK               startup_stm32l476xx.o


==============================================================================

Image component sizes


      Code (inc. data)   RO Data    RW Data    ZI Data      Debug   Object Name

       720         88          0          8          0       8931   application.o
       520         68          0          0          0       4070   at_cmd.o
       274         18          0          0         64     876700   hw_gpio.o
       960        104         24          4         72      29936   hw_rtc.o
       262         24          0          0        100       2521   hw_spi.o
       216         34          0          0        464       1615   lora_app.o
        72          8          0          8          0       7360   low_power_manager.o
       830         68          0          0        664       6079   main.o
      2708        238        296        168        384      22092   radio.o
        36          8        392          0       1024        820   startup_stm32l476xx.o
        58         10          0         12          0      12974   stm32l4xx_hal.o
       158         14          0          0          0      32970   stm32l4xx_hal_cortex.o
       692         14          0          0          0       5637   stm32l4xx_hal_dma.o
       658         44          0          0          0       3882   stm32l4xx_hal_gpio.o
       812         72          0          0          0       7988   stm32l4xx_hal_msp.o
        16          4          0          0          0        531   stm32l4xx_hal_pwr.o
       120         20          0          0          0       1338   stm32l4xx_hal_pwr_ex.o
      1968         98          0          0          0       6804   stm32l4xx_hal_rcc.o
      1506         44          0          0          0       3988   stm32l4xx_hal_rcc_ex.o
      1606         42          0          0          0      11013   stm32l4xx_hal_rtc.o
        68          0          0          0          0       1619   stm32l4xx_hal_rtc_ex.o
      1302          8          0          0          0       6233   stm32l4xx_hal_spi.o
      1188         66          0          0          0      10560   stm32l4xx_hal_tim.o
       162         26          0          0          0       3000   stm32l4xx_hal_tim_ex.o
      2166         82          0          0          0      14916   stm32l4xx_hal_uart.o
         2          0          0          0          0        972   stm32l4xx_hal_uart_ex.o
       274         78          0          4          0       8568   stm32l4xx_it.o
       888         18          0          0          0      11826   sx1262dvk1cas.o
      2030        186          0          8          0      33636   sx126x.o
        68         12         72          4          0       1189   system_stm32l4xx.o
       328         98          0          3          0       6353   timer_app.o
       508         20          0          4          0       6607   timeserver.o
       104         30          0          0         78       4087   uart_app.o

    ----------------------------------------------------------------------
     23346       1644        820        224       2856    1156815   Object Totals
         0          0         32          0          0          0   (incl. Generated)
        66          0          4          1          6          0   (incl. Padding)

    ----------------------------------------------------------------------

      Code (inc. data)   RO Data    RW Data    ZI Data      Debug   Library Member Name

       280         28          0          0          0        156   ceil.o
       164         44          0          0          0        620   dunder.o
        24          0          0          0          0        124   fabs.o
       280         28          0          0          0        156   floor.o
        48          0          0          0          0        124   fpclassify.o
       248          0          0          0          0        152   poly.o
      3200        296        136          0          0        352   pow.o
         0          0          8          0          0          0   qnan.o
        16          0          0          0          0        124   rint.o
       110          0          0          0          0        148   sqrt.o
         0          0          0          0          0          0   entry.o
         0          0          0          0          0          0   entry10a.o
         0          0          0          0          0          0   entry11a.o
         4          0          0          0          0          0   entry12b.o
         8          4          0          0          0          0   entry2.o
         4          0          0          0          0          0   entry5.o
         0          0          0          0          0          0   entry7b.o
         0          0          0          0          0          0   entry8b.o
         8          4          0          0          0          0   entry9a.o
        12          6          0          4          0         68   errno.o
        30          0          0          0          0          0   handlers.o
        36          8          0          0          0         68   init.o
         0          0          0          0          0          0   iusefp.o
        30          0          0          0          0         68   llshl.o
        36          0          0          0          0         68   llsshr.o
        32          0          0          0          0         68   llushr.o
        36          0          0          0          0         68   memcpya.o
        36          0          0          0          0        108   memseta.o
      1148         54          0          0          0        352   printf8.o
         0          0          0          4          0          0   stdout.o
        20          0          0          0          0         68   strchr.o
        28          0          0          0          0         76   strcmp.o
        24          0          0          0          0         76   strncpy.o
        36          0          0          0          0         80   strstr.o
       104          0          0          0          0         92   uldiv.o
        48          0          0          0          0         68   cdrcmple.o
       350          0          0          0          0        148   dadd.o
       222          0          0          0          0        100   ddiv.o
       186          0          0          0          0        176   depilogue.o
        50          0          0          0          0         76   dfixui.o
        34          0          0          0          0         76   dflti.o
        26          0          0          0          0         76   dfltui.o
       234          0          0          0          0         96   dmul.o
       136          4          0          0          0         92   drnd.o
        46          0          0          0          0         80   dscalb.o
       162          0          0          0          0        100   dsqrt.o

    ----------------------------------------------------------------------
      7506        476        144          8          0       4304   Library Totals
        10          0          0          0          0          0   (incl. Padding)

    ----------------------------------------------------------------------

      Code (inc. data)   RO Data    RW Data    ZI Data      Debug   Library Name

      4370        396        144          0          0       1956   m_wm.l
      1632         76          0          8          0       1260   mc_w.l
      1494          4          0          0          0       1088   mf_w.l

    ----------------------------------------------------------------------
      7506        476        144          8          0       4304   Library Totals

    ----------------------------------------------------------------------

==============================================================================


      Code (inc. data)   RO Data    RW Data    ZI Data      Debug   

     30852       2120        964        232       2856    1131127   Grand Totals
     30852       2120        964        232       2856    1131127   ELF Image Totals
     30852       2120        964        232          0          0   ROM Totals

==============================================================================

    Total RO  Size (Code + RO Data)                31816 (  31.07kB)
    Total RW  Size (RW Data + ZI Data)              3088 (   3.02kB)
    Total ROM Size (Code + RO Data + RW Data)      32048 (  31.30kB)

==============================================================================

