<html>
<body>
<pre>
<h1>µVision Build Log</h1>
<h2>Tool Versions:</h2>
IDE-Version: £gVision V5.32.0.0
Copyright (C) 2020 ARM Ltd and ARM Germany GmbH. All rights reserved.
License Information: bb cc, dd, LIC=65ISZ-J9J4H-EVX1R-KJ78U-G89HQ-6VF0T
 
Tool Versions:
Toolchain:       MDK-ARM Plus  Version: 5.32.0.0
Toolchain Path:  C:\Keil_v5\ARM\ARMCC\Bin
C Compiler:      Armcc.exe V5.06 update 7 (build 960)
Assembler:       Armasm.exe V5.06 update 7 (build 960)
Linker/Locator:  ArmLink.exe V5.06 update 7 (build 960)
Library Manager: ArmAr.exe V5.06 update 7 (build 960)
Hex Converter:   FromElf.exe V5.06 update 7 (build 960)
CPU DLL:         SARMCM3.DLL V5.32.0.0
Dialog DLL:      DCM.DLL V1.17.3.0
Target DLL:      STLink\ST-LINKIII-KEIL_SWO.dll V3.0.8.0
Dialog DLL:      TCM.DLL V1.46.0.0
 
<h2>Project:</h2>
E:\prj\c\keil\lora_05\MDK-ARM\lora_01.uvprojx
Project File Date:  12/25/2020

<h2>Output:</h2>
*** Using Compiler 'V5.06 update 7 (build 960)', folder: 'C:\Keil_v5\ARM\ARMCC\Bin'
Build target 'lora_01'
compiling main.c...
../Core/Src/main.c(631): warning:  #177-D: function "MX_SPI1_Init"  was declared but never referenced
  static void MX_SPI1_Init(void)
../Core/Src/main.c(550): warning:  #177-D: function "MX_RTC_Init"  was declared but never referenced
  static void MX_RTC_Init(void)
../Core/Src/main.c: 2 warnings, 0 errors
compiling lora_app.c...
compiling application.c...
application.c(180): warning:  #188-D: enumerated type mixed with another type
  	lora_package_st.rx_cmd_type=rx_buf[POS_CMD_TYPE];
application.c(274): warning:  #177-D: variable "n_char"  was declared but never referenced
  	uint16_t n_char;
application.c(288): warning:  #177-D: variable "len_temp"  was declared but never referenced
  	    uint8_t len_temp;
application.c: 3 warnings, 0 errors
linking...
Program Size: Code=30852 RO-data=964 RW-data=232 ZI-data=2856  
FromELF: creating hex file...
"lora_01\lora_01.axf" - 0 Error(s), 5 Warning(s).

<h2>Software Packages used:</h2>

Package Vendor: ARM
                http://www.keil.com/pack/ARM.CMSIS.5.7.0.pack
                ARM.CMSIS.5.7.0
                CMSIS (Cortex Microcontroller Software Interface Standard)
   * Component: CORE Version: 5.4.0

Package Vendor: Keil
                https://www.keil.com/pack/Keil.STM32L4xx_DFP.2.5.0.pack
                Keil.STM32L4xx_DFP.2.5.0
                STMicroelectronics STM32L4 Series Device Support, Drivers and Examples

<h2>Collection of Component include folders:</h2>
  .\RTE\_lora_01
  C:\Users\simon\AppData\Local\Arm\Packs\ARM\CMSIS\5.7.0\CMSIS\Core\Include
  C:\Users\simon\AppData\Local\Arm\Packs\Keil\STM32L4xx_DFP\2.5.0\Drivers\CMSIS\Device\ST\STM32L4xx\Include

<h2>Collection of Component Files used:</h2>

   * Component: ARM::CMSIS:CORE:5.4.0
Build Time Elapsed:  00:00:04
</pre>
</body>
</html>
