<!doctype html public "-//w3c//dtd html 4.0 transitional//en">
<html><head>
<title>Static Call Graph - [lora_01\lora_01.axf]</title></head>
<body><HR>
<H1>Static Call Graph for image lora_01\lora_01.axf</H1><HR>
<BR><P>#&#060CALLGRAPH&#062# ARM Linker, 5060960: Last Updated: Fri Jan 08 18:07:03 2021
<BR><P>
<H3>Maximum Stack Usage =        408 bytes + Unknown(Cycles, Untraceable Function Pointers)</H3><H3>
Call chain for Maximum Stack Depth:</H3>
RadioSetRxConfig &rArr; SX126xSetModulationParams &rArr; __hardfp_pow &rArr; __kernel_poly &rArr; __aeabi_dmul &rArr; _double_epilogue &rArr; _double_round
<P>
<H3>
Mutually Recursive functions
</H3> <LI><a href="#[1d]">ADC1_2_IRQHandler</a>&nbsp;&nbsp;&nbsp;&rArr;&nbsp;&nbsp;&nbsp;<a href="#[1d]">ADC1_2_IRQHandler</a><BR>
 <LI><a href="#[5]">BusFault_Handler</a>&nbsp;&nbsp;&nbsp;&rArr;&nbsp;&nbsp;&nbsp;<a href="#[5]">BusFault_Handler</a><BR>
 <LI><a href="#[3]">HardFault_Handler</a>&nbsp;&nbsp;&nbsp;&rArr;&nbsp;&nbsp;&nbsp;<a href="#[3]">HardFault_Handler</a><BR>
 <LI><a href="#[4]">MemManage_Handler</a>&nbsp;&nbsp;&nbsp;&rArr;&nbsp;&nbsp;&nbsp;<a href="#[4]">MemManage_Handler</a><BR>
 <LI><a href="#[84]">RadioSetPublicNetwork</a>&nbsp;&nbsp;&nbsp;&rArr;&nbsp;&nbsp;&nbsp;<a href="#[70]">RadioSetModem</a><BR>
 <LI><a href="#[6]">UsageFault_Handler</a>&nbsp;&nbsp;&nbsp;&rArr;&nbsp;&nbsp;&nbsp;<a href="#[6]">UsageFault_Handler</a><BR>
</UL>
<P>
<H3>
Function Pointers
</H3><UL>
 <LI><a href="#[1d]">ADC1_2_IRQHandler</a> from startup_stm32l476xx.o(.text) referenced from startup_stm32l476xx.o(RESET)
 <LI><a href="#[3a]">ADC3_IRQHandler</a> from startup_stm32l476xx.o(.text) referenced from startup_stm32l476xx.o(RESET)
 <LI><a href="#[5]">BusFault_Handler</a> from stm32l4xx_it.o(i.BusFault_Handler) referenced from startup_stm32l476xx.o(RESET)
 <LI><a href="#[1f]">CAN1_RX0_IRQHandler</a> from startup_stm32l476xx.o(.text) referenced from startup_stm32l476xx.o(RESET)
 <LI><a href="#[20]">CAN1_RX1_IRQHandler</a> from startup_stm32l476xx.o(.text) referenced from startup_stm32l476xx.o(RESET)
 <LI><a href="#[21]">CAN1_SCE_IRQHandler</a> from startup_stm32l476xx.o(.text) referenced from startup_stm32l476xx.o(RESET)
 <LI><a href="#[1e]">CAN1_TX_IRQHandler</a> from startup_stm32l476xx.o(.text) referenced from startup_stm32l476xx.o(RESET)
 <LI><a href="#[4b]">COMP_IRQHandler</a> from startup_stm32l476xx.o(.text) referenced from startup_stm32l476xx.o(RESET)
 <LI><a href="#[48]">DFSDM1_FLT0_IRQHandler</a> from startup_stm32l476xx.o(.text) referenced from startup_stm32l476xx.o(RESET)
 <LI><a href="#[49]">DFSDM1_FLT1_IRQHandler</a> from startup_stm32l476xx.o(.text) referenced from startup_stm32l476xx.o(RESET)
 <LI><a href="#[4a]">DFSDM1_FLT2_IRQHandler</a> from startup_stm32l476xx.o(.text) referenced from startup_stm32l476xx.o(RESET)
 <LI><a href="#[35]">DFSDM1_FLT3_IRQHandler</a> from startup_stm32l476xx.o(.text) referenced from startup_stm32l476xx.o(RESET)
 <LI><a href="#[16]">DMA1_Channel1_IRQHandler</a> from startup_stm32l476xx.o(.text) referenced from startup_stm32l476xx.o(RESET)
 <LI><a href="#[17]">DMA1_Channel2_IRQHandler</a> from startup_stm32l476xx.o(.text) referenced from startup_stm32l476xx.o(RESET)
 <LI><a href="#[18]">DMA1_Channel3_IRQHandler</a> from stm32l4xx_it.o(i.DMA1_Channel3_IRQHandler) referenced from startup_stm32l476xx.o(RESET)
 <LI><a href="#[19]">DMA1_Channel4_IRQHandler</a> from startup_stm32l476xx.o(.text) referenced from startup_stm32l476xx.o(RESET)
 <LI><a href="#[1a]">DMA1_Channel5_IRQHandler</a> from stm32l4xx_it.o(i.DMA1_Channel5_IRQHandler) referenced from startup_stm32l476xx.o(RESET)
 <LI><a href="#[1b]">DMA1_Channel6_IRQHandler</a> from startup_stm32l476xx.o(.text) referenced from startup_stm32l476xx.o(RESET)
 <LI><a href="#[1c]">DMA1_Channel7_IRQHandler</a> from startup_stm32l476xx.o(.text) referenced from startup_stm32l476xx.o(RESET)
 <LI><a href="#[43]">DMA2_Channel1_IRQHandler</a> from startup_stm32l476xx.o(.text) referenced from startup_stm32l476xx.o(RESET)
 <LI><a href="#[44]">DMA2_Channel2_IRQHandler</a> from startup_stm32l476xx.o(.text) referenced from startup_stm32l476xx.o(RESET)
 <LI><a href="#[45]">DMA2_Channel3_IRQHandler</a> from startup_stm32l476xx.o(.text) referenced from startup_stm32l476xx.o(RESET)
 <LI><a href="#[46]">DMA2_Channel4_IRQHandler</a> from startup_stm32l476xx.o(.text) referenced from startup_stm32l476xx.o(RESET)
 <LI><a href="#[47]">DMA2_Channel5_IRQHandler</a> from startup_stm32l476xx.o(.text) referenced from startup_stm32l476xx.o(RESET)
 <LI><a href="#[4f]">DMA2_Channel6_IRQHandler</a> from startup_stm32l476xx.o(.text) referenced from startup_stm32l476xx.o(RESET)
 <LI><a href="#[50]">DMA2_Channel7_IRQHandler</a> from startup_stm32l476xx.o(.text) referenced from startup_stm32l476xx.o(RESET)
 <LI><a href="#[8]">DebugMon_Handler</a> from stm32l4xx_it.o(i.DebugMon_Handler) referenced from startup_stm32l476xx.o(RESET)
 <LI><a href="#[11]">EXTI0_IRQHandler</a> from startup_stm32l476xx.o(.text) referenced from startup_stm32l476xx.o(RESET)
 <LI><a href="#[33]">EXTI15_10_IRQHandler</a> from startup_stm32l476xx.o(.text) referenced from startup_stm32l476xx.o(RESET)
 <LI><a href="#[12]">EXTI1_IRQHandler</a> from startup_stm32l476xx.o(.text) referenced from startup_stm32l476xx.o(RESET)
 <LI><a href="#[13]">EXTI2_IRQHandler</a> from startup_stm32l476xx.o(.text) referenced from startup_stm32l476xx.o(RESET)
 <LI><a href="#[14]">EXTI3_IRQHandler</a> from startup_stm32l476xx.o(.text) referenced from startup_stm32l476xx.o(RESET)
 <LI><a href="#[15]">EXTI4_IRQHandler</a> from stm32l4xx_it.o(i.EXTI4_IRQHandler) referenced from startup_stm32l476xx.o(RESET)
 <LI><a href="#[22]">EXTI9_5_IRQHandler</a> from startup_stm32l476xx.o(.text) referenced from startup_stm32l476xx.o(RESET)
 <LI><a href="#[f]">FLASH_IRQHandler</a> from startup_stm32l476xx.o(.text) referenced from startup_stm32l476xx.o(RESET)
 <LI><a href="#[3b]">FMC_IRQHandler</a> from startup_stm32l476xx.o(.text) referenced from startup_stm32l476xx.o(RESET)
 <LI><a href="#[5b]">FPU_IRQHandler</a> from startup_stm32l476xx.o(.text) referenced from startup_stm32l476xx.o(RESET)
 <LI><a href="#[3]">HardFault_Handler</a> from stm32l4xx_it.o(i.HardFault_Handler) referenced from startup_stm32l476xx.o(RESET)
 <LI><a href="#[2b]">I2C1_ER_IRQHandler</a> from startup_stm32l476xx.o(.text) referenced from startup_stm32l476xx.o(RESET)
 <LI><a href="#[2a]">I2C1_EV_IRQHandler</a> from startup_stm32l476xx.o(.text) referenced from startup_stm32l476xx.o(RESET)
 <LI><a href="#[2d]">I2C2_ER_IRQHandler</a> from startup_stm32l476xx.o(.text) referenced from startup_stm32l476xx.o(RESET)
 <LI><a href="#[2c]">I2C2_EV_IRQHandler</a> from startup_stm32l476xx.o(.text) referenced from startup_stm32l476xx.o(RESET)
 <LI><a href="#[54]">I2C3_ER_IRQHandler</a> from startup_stm32l476xx.o(.text) referenced from startup_stm32l476xx.o(RESET)
 <LI><a href="#[53]">I2C3_EV_IRQHandler</a> from startup_stm32l476xx.o(.text) referenced from startup_stm32l476xx.o(RESET)
 <LI><a href="#[59]">LCD_IRQHandler</a> from startup_stm32l476xx.o(.text) referenced from startup_stm32l476xx.o(RESET)
 <LI><a href="#[4c]">LPTIM1_IRQHandler</a> from startup_stm32l476xx.o(.text) referenced from startup_stm32l476xx.o(RESET)
 <LI><a href="#[4d]">LPTIM2_IRQHandler</a> from startup_stm32l476xx.o(.text) referenced from startup_stm32l476xx.o(RESET)
 <LI><a href="#[51]">LPUART1_IRQHandler</a> from startup_stm32l476xx.o(.text) referenced from startup_stm32l476xx.o(RESET)
 <LI><a href="#[4]">MemManage_Handler</a> from stm32l4xx_it.o(i.MemManage_Handler) referenced from startup_stm32l476xx.o(RESET)
 <LI><a href="#[2]">NMI_Handler</a> from stm32l4xx_it.o(i.NMI_Handler) referenced from startup_stm32l476xx.o(RESET)
 <LI><a href="#[4e]">OTG_FS_IRQHandler</a> from startup_stm32l476xx.o(.text) referenced from startup_stm32l476xx.o(RESET)
 <LI><a href="#[68]">OnRxDone</a> from application.o(i.OnRxDone) referenced from lora_app.o(i.init_lora)
 <LI><a href="#[6b]">OnRxError</a> from application.o(i.OnRxError) referenced from lora_app.o(i.init_lora)
 <LI><a href="#[6a]">OnRxTimeout</a> from application.o(i.OnRxTimeout) referenced from lora_app.o(i.init_lora)
 <LI><a href="#[67]">OnTxDone</a> from application.o(i.OnTxDone) referenced from lora_app.o(i.init_lora)
 <LI><a href="#[69]">OnTxTimeout</a> from application.o(i.OnTxTimeout) referenced from lora_app.o(i.init_lora)
 <LI><a href="#[c]">PVD_PVM_IRQHandler</a> from startup_stm32l476xx.o(.text) referenced from startup_stm32l476xx.o(RESET)
 <LI><a href="#[9]">PendSV_Handler</a> from stm32l4xx_it.o(i.PendSV_Handler) referenced from startup_stm32l476xx.o(RESET)
 <LI><a href="#[52]">QUADSPI_IRQHandler</a> from startup_stm32l476xx.o(.text) referenced from startup_stm32l476xx.o(RESET)
 <LI><a href="#[10]">RCC_IRQHandler</a> from startup_stm32l476xx.o(.text) referenced from startup_stm32l476xx.o(RESET)
 <LI><a href="#[5a]">RNG_IRQHandler</a> from startup_stm32l476xx.o(.text) referenced from startup_stm32l476xx.o(RESET)
 <LI><a href="#[34]">RTC_Alarm_IRQHandler</a> from stm32l4xx_it.o(i.RTC_Alarm_IRQHandler) referenced from startup_stm32l476xx.o(RESET)
 <LI><a href="#[e]">RTC_WKUP_IRQHandler</a> from startup_stm32l476xx.o(.text) referenced from startup_stm32l476xx.o(RESET)
 <LI><a href="#[76]">RadioCheckRfFrequency</a> from radio.o(i.RadioCheckRfFrequency) referenced from radio.o(.constdata)
 <LI><a href="#[6f]">RadioGetStatus</a> from radio.o(i.RadioGetStatus) referenced from radio.o(.constdata)
 <LI><a href="#[85]">RadioGetWakeupTime</a> from radio.o(i.RadioGetWakeupTime) referenced from radio.o(.constdata)
 <LI><a href="#[6e]">RadioInit</a> from radio.o(i.RadioInit) referenced from radio.o(.constdata)
 <LI><a href="#[86]">RadioIrqProcess</a> from radio.o(i.RadioIrqProcess) referenced from radio.o(.constdata)
 <LI><a href="#[72]">RadioIsChannelFree</a> from radio.o(i.RadioIsChannelFree) referenced from radio.o(.constdata)
 <LI><a href="#[63]">RadioOnDioIrq</a> from radio.o(i.RadioOnDioIrq) referenced from radio.o(i.RadioInit)
 <LI><a href="#[65]">RadioOnRxTimeoutIrq</a> from radio.o(i.RadioOnRxTimeoutIrq) referenced from radio.o(i.RadioInit)
 <LI><a href="#[64]">RadioOnTxTimeoutIrq</a> from radio.o(i.RadioOnTxTimeoutIrq) referenced from radio.o(i.RadioInit)
 <LI><a href="#[73]">RadioRandom</a> from radio.o(i.RadioRandom) referenced from radio.o(.constdata)
 <LI><a href="#[80]">RadioRead</a> from radio.o(i.RadioRead) referenced from radio.o(.constdata)
 <LI><a href="#[82]">RadioReadBuffer</a> from radio.o(i.RadioReadBuffer) referenced from radio.o(.constdata)
 <LI><a href="#[7e]">RadioRssi</a> from radio.o(i.RadioRssi) referenced from radio.o(.constdata)
 <LI><a href="#[7b]">RadioRx</a> from radio.o(i.RadioRx) referenced from radio.o(.constdata)
 <LI><a href="#[87]">RadioRxBoosted</a> from radio.o(i.RadioRxBoosted) referenced from radio.o(.constdata)
 <LI><a href="#[78]">RadioSend</a> from radio.o(i.RadioSend) referenced from radio.o(.constdata)
 <LI><a href="#[71]">RadioSetChannel</a> from radio.o(i.RadioSetChannel) referenced from radio.o(.constdata)
 <LI><a href="#[83]">RadioSetMaxPayloadLength</a> from radio.o(i.RadioSetMaxPayloadLength) referenced from radio.o(.constdata)
 <LI><a href="#[70]">RadioSetModem</a> from radio.o(i.RadioSetModem) referenced from radio.o(.constdata)
 <LI><a href="#[84]">RadioSetPublicNetwork</a> from radio.o(i.RadioSetPublicNetwork) referenced from radio.o(.constdata)
 <LI><a href="#[74]">RadioSetRxConfig</a> from radio.o(i.RadioSetRxConfig) referenced from radio.o(.constdata)
 <LI><a href="#[88]">RadioSetRxDutyCycle</a> from radio.o(i.RadioSetRxDutyCycle) referenced from radio.o(.constdata)
 <LI><a href="#[75]">RadioSetTxConfig</a> from radio.o(i.RadioSetTxConfig) referenced from radio.o(.constdata)
 <LI><a href="#[7d]">RadioSetTxContinuousWave</a> from radio.o(i.RadioSetTxContinuousWave) referenced from radio.o(.constdata)
 <LI><a href="#[79]">RadioSleep</a> from radio.o(i.RadioSleep) referenced from radio.o(.constdata)
 <LI><a href="#[7a]">RadioStandby</a> from radio.o(i.RadioStandby) referenced from radio.o(.constdata)
 <LI><a href="#[7c]">RadioStartCad</a> from radio.o(i.RadioStartCad) referenced from radio.o(.constdata)
 <LI><a href="#[77]">RadioTimeOnAir</a> from radio.o(i.RadioTimeOnAir) referenced from radio.o(.constdata)
 <LI><a href="#[7f]">RadioWrite</a> from radio.o(i.RadioWrite) referenced from radio.o(.constdata)
 <LI><a href="#[81]">RadioWriteBuffer</a> from radio.o(i.RadioWriteBuffer) referenced from radio.o(.constdata)
 <LI><a href="#[1]">Reset_Handler</a> from startup_stm32l476xx.o(.text) referenced from startup_stm32l476xx.o(RESET)
 <LI><a href="#[55]">SAI1_IRQHandler</a> from startup_stm32l476xx.o(.text) referenced from startup_stm32l476xx.o(RESET)
 <LI><a href="#[56]">SAI2_IRQHandler</a> from startup_stm32l476xx.o(.text) referenced from startup_stm32l476xx.o(RESET)
 <LI><a href="#[3c]">SDMMC1_IRQHandler</a> from startup_stm32l476xx.o(.text) referenced from startup_stm32l476xx.o(RESET)
 <LI><a href="#[2e]">SPI1_IRQHandler</a> from startup_stm32l476xx.o(.text) referenced from startup_stm32l476xx.o(RESET)
 <LI><a href="#[2f]">SPI2_IRQHandler</a> from startup_stm32l476xx.o(.text) referenced from startup_stm32l476xx.o(RESET)
 <LI><a href="#[3e]">SPI3_IRQHandler</a> from startup_stm32l476xx.o(.text) referenced from startup_stm32l476xx.o(RESET)
 <LI><a href="#[7]">SVC_Handler</a> from stm32l4xx_it.o(i.SVC_Handler) referenced from startup_stm32l476xx.o(RESET)
 <LI><a href="#[57]">SWPMI1_IRQHandler</a> from startup_stm32l476xx.o(.text) referenced from startup_stm32l476xx.o(RESET)
 <LI><a href="#[6d]">SX126xIoDeInit</a> from sx1262dvk1cas.o(i.SX126xIoDeInit) referenced from radio.o(.constdata)
 <LI><a href="#[6c]">SX126xIoInit</a> from sx1262dvk1cas.o(i.SX126xIoInit) referenced from radio.o(.constdata)
 <LI><a href="#[a]">SysTick_Handler</a> from stm32l4xx_it.o(i.SysTick_Handler) referenced from startup_stm32l476xx.o(RESET)
 <LI><a href="#[5d]">SystemInit</a> from system_stm32l4xx.o(i.SystemInit) referenced from startup_stm32l476xx.o(.text)
 <LI><a href="#[d]">TAMP_STAMP_IRQHandler</a> from startup_stm32l476xx.o(.text) referenced from startup_stm32l476xx.o(RESET)
 <LI><a href="#[23]">TIM1_BRK_TIM15_IRQHandler</a> from startup_stm32l476xx.o(.text) referenced from startup_stm32l476xx.o(RESET)
 <LI><a href="#[26]">TIM1_CC_IRQHandler</a> from startup_stm32l476xx.o(.text) referenced from startup_stm32l476xx.o(RESET)
 <LI><a href="#[25]">TIM1_TRG_COM_TIM17_IRQHandler</a> from startup_stm32l476xx.o(.text) referenced from startup_stm32l476xx.o(RESET)
 <LI><a href="#[24]">TIM1_UP_TIM16_IRQHandler</a> from stm32l4xx_it.o(i.TIM1_UP_TIM16_IRQHandler) referenced from startup_stm32l476xx.o(RESET)
 <LI><a href="#[27]">TIM2_IRQHandler</a> from stm32l4xx_it.o(i.TIM2_IRQHandler) referenced from startup_stm32l476xx.o(RESET)
 <LI><a href="#[28]">TIM3_IRQHandler</a> from stm32l4xx_it.o(i.TIM3_IRQHandler) referenced from startup_stm32l476xx.o(RESET)
 <LI><a href="#[29]">TIM4_IRQHandler</a> from startup_stm32l476xx.o(.text) referenced from startup_stm32l476xx.o(RESET)
 <LI><a href="#[3d]">TIM5_IRQHandler</a> from startup_stm32l476xx.o(.text) referenced from startup_stm32l476xx.o(RESET)
 <LI><a href="#[41]">TIM6_DAC_IRQHandler</a> from startup_stm32l476xx.o(.text) referenced from startup_stm32l476xx.o(RESET)
 <LI><a href="#[42]">TIM7_IRQHandler</a> from startup_stm32l476xx.o(.text) referenced from startup_stm32l476xx.o(RESET)
 <LI><a href="#[36]">TIM8_BRK_IRQHandler</a> from startup_stm32l476xx.o(.text) referenced from startup_stm32l476xx.o(RESET)
 <LI><a href="#[39]">TIM8_CC_IRQHandler</a> from startup_stm32l476xx.o(.text) referenced from startup_stm32l476xx.o(RESET)
 <LI><a href="#[38]">TIM8_TRG_COM_IRQHandler</a> from startup_stm32l476xx.o(.text) referenced from startup_stm32l476xx.o(RESET)
 <LI><a href="#[37]">TIM8_UP_IRQHandler</a> from startup_stm32l476xx.o(.text) referenced from startup_stm32l476xx.o(RESET)
 <LI><a href="#[58]">TSC_IRQHandler</a> from startup_stm32l476xx.o(.text) referenced from startup_stm32l476xx.o(RESET)
 <LI><a href="#[3f]">UART4_IRQHandler</a> from startup_stm32l476xx.o(.text) referenced from startup_stm32l476xx.o(RESET)
 <LI><a href="#[40]">UART5_IRQHandler</a> from startup_stm32l476xx.o(.text) referenced from startup_stm32l476xx.o(RESET)
 <LI><a href="#[5f]">UART_DMAAbortOnError</a> from stm32l4xx_hal_uart.o(i.UART_DMAAbortOnError) referenced from stm32l4xx_hal_uart.o(i.HAL_UART_IRQHandler)
 <LI><a href="#[62]">UART_DMAError</a> from stm32l4xx_hal_uart.o(i.UART_DMAError) referenced from stm32l4xx_hal_uart.o(i.HAL_UART_Receive_DMA)
 <LI><a href="#[60]">UART_DMAReceiveCplt</a> from stm32l4xx_hal_uart.o(i.UART_DMAReceiveCplt) referenced from stm32l4xx_hal_uart.o(i.HAL_UART_Receive_DMA)
 <LI><a href="#[61]">UART_DMARxHalfCplt</a> from stm32l4xx_hal_uart.o(i.UART_DMARxHalfCplt) referenced from stm32l4xx_hal_uart.o(i.HAL_UART_Receive_DMA)
 <LI><a href="#[30]">USART1_IRQHandler</a> from stm32l4xx_it.o(i.USART1_IRQHandler) referenced from startup_stm32l476xx.o(RESET)
 <LI><a href="#[31]">USART2_IRQHandler</a> from startup_stm32l476xx.o(.text) referenced from startup_stm32l476xx.o(RESET)
 <LI><a href="#[32]">USART3_IRQHandler</a> from stm32l4xx_it.o(i.USART3_IRQHandler) referenced from startup_stm32l476xx.o(RESET)
 <LI><a href="#[6]">UsageFault_Handler</a> from stm32l4xx_it.o(i.UsageFault_Handler) referenced from startup_stm32l476xx.o(RESET)
 <LI><a href="#[b]">WWDG_IRQHandler</a> from startup_stm32l476xx.o(.text) referenced from startup_stm32l476xx.o(RESET)
 <LI><a href="#[5e]">__main</a> from entry.o(.ARM.Collect$$$$00000000) referenced from startup_stm32l476xx.o(.text)
 <LI><a href="#[66]">fputc</a> from uart_app.o(i.fputc) referenced from printf8.o(i.__0printf$8)
 <LI><a href="#[5c]">main</a> from main.o(i.main) referenced from entry9a.o(.ARM.Collect$$$$0000000B)
</UL>
<P>
<H3>
Global Symbols
</H3>
<P><STRONG><a name="[5e]"></a>__main</STRONG> (Thumb, 0 bytes, Stack size unknown bytes, entry.o(.ARM.Collect$$$$00000000))
<BR>[Address Reference Count : 1]<UL><LI> startup_stm32l476xx.o(.text)
</UL>
<P><STRONG><a name="[19b]"></a>_main_stk</STRONG> (Thumb, 0 bytes, Stack size unknown bytes, entry2.o(.ARM.Collect$$$$00000001))

<P><STRONG><a name="[89]"></a>_main_scatterload</STRONG> (Thumb, 0 bytes, Stack size unknown bytes, entry5.o(.ARM.Collect$$$$00000004))
<BR><BR>[Calls]<UL><LI><a href="#[8a]">&gt;&gt;</a>&nbsp;&nbsp;&nbsp;__scatterload
</UL>

<P><STRONG><a name="[9d]"></a>__main_after_scatterload</STRONG> (Thumb, 0 bytes, Stack size unknown bytes, entry5.o(.ARM.Collect$$$$00000004))
<BR><BR>[Called By]<UL><LI><a href="#[8a]">&gt;&gt;</a>&nbsp;&nbsp;&nbsp;__scatterload
</UL>

<P><STRONG><a name="[19c]"></a>_main_clock</STRONG> (Thumb, 0 bytes, Stack size unknown bytes, entry7b.o(.ARM.Collect$$$$00000008))

<P><STRONG><a name="[19d]"></a>_main_cpp_init</STRONG> (Thumb, 0 bytes, Stack size unknown bytes, entry8b.o(.ARM.Collect$$$$0000000A))

<P><STRONG><a name="[19e]"></a>_main_init</STRONG> (Thumb, 0 bytes, Stack size unknown bytes, entry9a.o(.ARM.Collect$$$$0000000B))

<P><STRONG><a name="[19f]"></a>__rt_lib_shutdown_fini</STRONG> (Thumb, 0 bytes, Stack size unknown bytes, entry12b.o(.ARM.Collect$$$$0000000E))

<P><STRONG><a name="[1a0]"></a>__rt_final_cpp</STRONG> (Thumb, 0 bytes, Stack size unknown bytes, entry10a.o(.ARM.Collect$$$$0000000F))

<P><STRONG><a name="[1a1]"></a>__rt_final_exit</STRONG> (Thumb, 0 bytes, Stack size unknown bytes, entry11a.o(.ARM.Collect$$$$00000011))

<P><STRONG><a name="[1]"></a>Reset_Handler</STRONG> (Thumb, 8 bytes, Stack size 0 bytes, startup_stm32l476xx.o(.text))
<BR>[Address Reference Count : 1]<UL><LI> startup_stm32l476xx.o(RESET)
</UL>
<P><STRONG><a name="[1d]"></a>ADC1_2_IRQHandler</STRONG> (Thumb, 0 bytes, Stack size 0 bytes, startup_stm32l476xx.o(.text))
<BR><BR>[Calls]<UL><LI><a href="#[1d]">&gt;&gt;</a>&nbsp;&nbsp;&nbsp;ADC1_2_IRQHandler
</UL>
<BR>[Called By]<UL><LI><a href="#[1d]">&gt;&gt;</a>&nbsp;&nbsp;&nbsp;ADC1_2_IRQHandler
</UL>
<BR>[Address Reference Count : 1]<UL><LI> startup_stm32l476xx.o(RESET)
</UL>
<P><STRONG><a name="[3a]"></a>ADC3_IRQHandler</STRONG> (Thumb, 0 bytes, Stack size 0 bytes, startup_stm32l476xx.o(.text))
<BR>[Address Reference Count : 1]<UL><LI> startup_stm32l476xx.o(RESET)
</UL>
<P><STRONG><a name="[1f]"></a>CAN1_RX0_IRQHandler</STRONG> (Thumb, 0 bytes, Stack size 0 bytes, startup_stm32l476xx.o(.text))
<BR>[Address Reference Count : 1]<UL><LI> startup_stm32l476xx.o(RESET)
</UL>
<P><STRONG><a name="[20]"></a>CAN1_RX1_IRQHandler</STRONG> (Thumb, 0 bytes, Stack size 0 bytes, startup_stm32l476xx.o(.text))
<BR>[Address Reference Count : 1]<UL><LI> startup_stm32l476xx.o(RESET)
</UL>
<P><STRONG><a name="[21]"></a>CAN1_SCE_IRQHandler</STRONG> (Thumb, 0 bytes, Stack size 0 bytes, startup_stm32l476xx.o(.text))
<BR>[Address Reference Count : 1]<UL><LI> startup_stm32l476xx.o(RESET)
</UL>
<P><STRONG><a name="[1e]"></a>CAN1_TX_IRQHandler</STRONG> (Thumb, 0 bytes, Stack size 0 bytes, startup_stm32l476xx.o(.text))
<BR>[Address Reference Count : 1]<UL><LI> startup_stm32l476xx.o(RESET)
</UL>
<P><STRONG><a name="[4b]"></a>COMP_IRQHandler</STRONG> (Thumb, 0 bytes, Stack size 0 bytes, startup_stm32l476xx.o(.text))
<BR>[Address Reference Count : 1]<UL><LI> startup_stm32l476xx.o(RESET)
</UL>
<P><STRONG><a name="[48]"></a>DFSDM1_FLT0_IRQHandler</STRONG> (Thumb, 0 bytes, Stack size 0 bytes, startup_stm32l476xx.o(.text))
<BR>[Address Reference Count : 1]<UL><LI> startup_stm32l476xx.o(RESET)
</UL>
<P><STRONG><a name="[49]"></a>DFSDM1_FLT1_IRQHandler</STRONG> (Thumb, 0 bytes, Stack size 0 bytes, startup_stm32l476xx.o(.text))
<BR>[Address Reference Count : 1]<UL><LI> startup_stm32l476xx.o(RESET)
</UL>
<P><STRONG><a name="[4a]"></a>DFSDM1_FLT2_IRQHandler</STRONG> (Thumb, 0 bytes, Stack size 0 bytes, startup_stm32l476xx.o(.text))
<BR>[Address Reference Count : 1]<UL><LI> startup_stm32l476xx.o(RESET)
</UL>
<P><STRONG><a name="[35]"></a>DFSDM1_FLT3_IRQHandler</STRONG> (Thumb, 0 bytes, Stack size 0 bytes, startup_stm32l476xx.o(.text))
<BR>[Address Reference Count : 1]<UL><LI> startup_stm32l476xx.o(RESET)
</UL>
<P><STRONG><a name="[16]"></a>DMA1_Channel1_IRQHandler</STRONG> (Thumb, 0 bytes, Stack size 0 bytes, startup_stm32l476xx.o(.text))
<BR>[Address Reference Count : 1]<UL><LI> startup_stm32l476xx.o(RESET)
</UL>
<P><STRONG><a name="[17]"></a>DMA1_Channel2_IRQHandler</STRONG> (Thumb, 0 bytes, Stack size 0 bytes, startup_stm32l476xx.o(.text))
<BR>[Address Reference Count : 1]<UL><LI> startup_stm32l476xx.o(RESET)
</UL>
<P><STRONG><a name="[19]"></a>DMA1_Channel4_IRQHandler</STRONG> (Thumb, 0 bytes, Stack size 0 bytes, startup_stm32l476xx.o(.text))
<BR>[Address Reference Count : 1]<UL><LI> startup_stm32l476xx.o(RESET)
</UL>
<P><STRONG><a name="[1b]"></a>DMA1_Channel6_IRQHandler</STRONG> (Thumb, 0 bytes, Stack size 0 bytes, startup_stm32l476xx.o(.text))
<BR>[Address Reference Count : 1]<UL><LI> startup_stm32l476xx.o(RESET)
</UL>
<P><STRONG><a name="[1c]"></a>DMA1_Channel7_IRQHandler</STRONG> (Thumb, 0 bytes, Stack size 0 bytes, startup_stm32l476xx.o(.text))
<BR>[Address Reference Count : 1]<UL><LI> startup_stm32l476xx.o(RESET)
</UL>
<P><STRONG><a name="[43]"></a>DMA2_Channel1_IRQHandler</STRONG> (Thumb, 0 bytes, Stack size 0 bytes, startup_stm32l476xx.o(.text))
<BR>[Address Reference Count : 1]<UL><LI> startup_stm32l476xx.o(RESET)
</UL>
<P><STRONG><a name="[44]"></a>DMA2_Channel2_IRQHandler</STRONG> (Thumb, 0 bytes, Stack size 0 bytes, startup_stm32l476xx.o(.text))
<BR>[Address Reference Count : 1]<UL><LI> startup_stm32l476xx.o(RESET)
</UL>
<P><STRONG><a name="[45]"></a>DMA2_Channel3_IRQHandler</STRONG> (Thumb, 0 bytes, Stack size 0 bytes, startup_stm32l476xx.o(.text))
<BR>[Address Reference Count : 1]<UL><LI> startup_stm32l476xx.o(RESET)
</UL>
<P><STRONG><a name="[46]"></a>DMA2_Channel4_IRQHandler</STRONG> (Thumb, 0 bytes, Stack size 0 bytes, startup_stm32l476xx.o(.text))
<BR>[Address Reference Count : 1]<UL><LI> startup_stm32l476xx.o(RESET)
</UL>
<P><STRONG><a name="[47]"></a>DMA2_Channel5_IRQHandler</STRONG> (Thumb, 0 bytes, Stack size 0 bytes, startup_stm32l476xx.o(.text))
<BR>[Address Reference Count : 1]<UL><LI> startup_stm32l476xx.o(RESET)
</UL>
<P><STRONG><a name="[4f]"></a>DMA2_Channel6_IRQHandler</STRONG> (Thumb, 0 bytes, Stack size 0 bytes, startup_stm32l476xx.o(.text))
<BR>[Address Reference Count : 1]<UL><LI> startup_stm32l476xx.o(RESET)
</UL>
<P><STRONG><a name="[50]"></a>DMA2_Channel7_IRQHandler</STRONG> (Thumb, 0 bytes, Stack size 0 bytes, startup_stm32l476xx.o(.text))
<BR>[Address Reference Count : 1]<UL><LI> startup_stm32l476xx.o(RESET)
</UL>
<P><STRONG><a name="[11]"></a>EXTI0_IRQHandler</STRONG> (Thumb, 0 bytes, Stack size 0 bytes, startup_stm32l476xx.o(.text))
<BR>[Address Reference Count : 1]<UL><LI> startup_stm32l476xx.o(RESET)
</UL>
<P><STRONG><a name="[33]"></a>EXTI15_10_IRQHandler</STRONG> (Thumb, 0 bytes, Stack size 0 bytes, startup_stm32l476xx.o(.text))
<BR>[Address Reference Count : 1]<UL><LI> startup_stm32l476xx.o(RESET)
</UL>
<P><STRONG><a name="[12]"></a>EXTI1_IRQHandler</STRONG> (Thumb, 0 bytes, Stack size 0 bytes, startup_stm32l476xx.o(.text))
<BR>[Address Reference Count : 1]<UL><LI> startup_stm32l476xx.o(RESET)
</UL>
<P><STRONG><a name="[13]"></a>EXTI2_IRQHandler</STRONG> (Thumb, 0 bytes, Stack size 0 bytes, startup_stm32l476xx.o(.text))
<BR>[Address Reference Count : 1]<UL><LI> startup_stm32l476xx.o(RESET)
</UL>
<P><STRONG><a name="[14]"></a>EXTI3_IRQHandler</STRONG> (Thumb, 0 bytes, Stack size 0 bytes, startup_stm32l476xx.o(.text))
<BR>[Address Reference Count : 1]<UL><LI> startup_stm32l476xx.o(RESET)
</UL>
<P><STRONG><a name="[22]"></a>EXTI9_5_IRQHandler</STRONG> (Thumb, 0 bytes, Stack size 0 bytes, startup_stm32l476xx.o(.text))
<BR>[Address Reference Count : 1]<UL><LI> startup_stm32l476xx.o(RESET)
</UL>
<P><STRONG><a name="[f]"></a>FLASH_IRQHandler</STRONG> (Thumb, 0 bytes, Stack size 0 bytes, startup_stm32l476xx.o(.text))
<BR>[Address Reference Count : 1]<UL><LI> startup_stm32l476xx.o(RESET)
</UL>
<P><STRONG><a name="[3b]"></a>FMC_IRQHandler</STRONG> (Thumb, 0 bytes, Stack size 0 bytes, startup_stm32l476xx.o(.text))
<BR>[Address Reference Count : 1]<UL><LI> startup_stm32l476xx.o(RESET)
</UL>
<P><STRONG><a name="[5b]"></a>FPU_IRQHandler</STRONG> (Thumb, 0 bytes, Stack size 0 bytes, startup_stm32l476xx.o(.text))
<BR>[Address Reference Count : 1]<UL><LI> startup_stm32l476xx.o(RESET)
</UL>
<P><STRONG><a name="[2b]"></a>I2C1_ER_IRQHandler</STRONG> (Thumb, 0 bytes, Stack size 0 bytes, startup_stm32l476xx.o(.text))
<BR>[Address Reference Count : 1]<UL><LI> startup_stm32l476xx.o(RESET)
</UL>
<P><STRONG><a name="[2a]"></a>I2C1_EV_IRQHandler</STRONG> (Thumb, 0 bytes, Stack size 0 bytes, startup_stm32l476xx.o(.text))
<BR>[Address Reference Count : 1]<UL><LI> startup_stm32l476xx.o(RESET)
</UL>
<P><STRONG><a name="[2d]"></a>I2C2_ER_IRQHandler</STRONG> (Thumb, 0 bytes, Stack size 0 bytes, startup_stm32l476xx.o(.text))
<BR>[Address Reference Count : 1]<UL><LI> startup_stm32l476xx.o(RESET)
</UL>
<P><STRONG><a name="[2c]"></a>I2C2_EV_IRQHandler</STRONG> (Thumb, 0 bytes, Stack size 0 bytes, startup_stm32l476xx.o(.text))
<BR>[Address Reference Count : 1]<UL><LI> startup_stm32l476xx.o(RESET)
</UL>
<P><STRONG><a name="[54]"></a>I2C3_ER_IRQHandler</STRONG> (Thumb, 0 bytes, Stack size 0 bytes, startup_stm32l476xx.o(.text))
<BR>[Address Reference Count : 1]<UL><LI> startup_stm32l476xx.o(RESET)
</UL>
<P><STRONG><a name="[53]"></a>I2C3_EV_IRQHandler</STRONG> (Thumb, 0 bytes, Stack size 0 bytes, startup_stm32l476xx.o(.text))
<BR>[Address Reference Count : 1]<UL><LI> startup_stm32l476xx.o(RESET)
</UL>
<P><STRONG><a name="[59]"></a>LCD_IRQHandler</STRONG> (Thumb, 0 bytes, Stack size 0 bytes, startup_stm32l476xx.o(.text))
<BR>[Address Reference Count : 1]<UL><LI> startup_stm32l476xx.o(RESET)
</UL>
<P><STRONG><a name="[4c]"></a>LPTIM1_IRQHandler</STRONG> (Thumb, 0 bytes, Stack size 0 bytes, startup_stm32l476xx.o(.text))
<BR>[Address Reference Count : 1]<UL><LI> startup_stm32l476xx.o(RESET)
</UL>
<P><STRONG><a name="[4d]"></a>LPTIM2_IRQHandler</STRONG> (Thumb, 0 bytes, Stack size 0 bytes, startup_stm32l476xx.o(.text))
<BR>[Address Reference Count : 1]<UL><LI> startup_stm32l476xx.o(RESET)
</UL>
<P><STRONG><a name="[51]"></a>LPUART1_IRQHandler</STRONG> (Thumb, 0 bytes, Stack size 0 bytes, startup_stm32l476xx.o(.text))
<BR>[Address Reference Count : 1]<UL><LI> startup_stm32l476xx.o(RESET)
</UL>
<P><STRONG><a name="[4e]"></a>OTG_FS_IRQHandler</STRONG> (Thumb, 0 bytes, Stack size 0 bytes, startup_stm32l476xx.o(.text))
<BR>[Address Reference Count : 1]<UL><LI> startup_stm32l476xx.o(RESET)
</UL>
<P><STRONG><a name="[c]"></a>PVD_PVM_IRQHandler</STRONG> (Thumb, 0 bytes, Stack size 0 bytes, startup_stm32l476xx.o(.text))
<BR>[Address Reference Count : 1]<UL><LI> startup_stm32l476xx.o(RESET)
</UL>
<P><STRONG><a name="[52]"></a>QUADSPI_IRQHandler</STRONG> (Thumb, 0 bytes, Stack size 0 bytes, startup_stm32l476xx.o(.text))
<BR>[Address Reference Count : 1]<UL><LI> startup_stm32l476xx.o(RESET)
</UL>
<P><STRONG><a name="[10]"></a>RCC_IRQHandler</STRONG> (Thumb, 0 bytes, Stack size 0 bytes, startup_stm32l476xx.o(.text))
<BR>[Address Reference Count : 1]<UL><LI> startup_stm32l476xx.o(RESET)
</UL>
<P><STRONG><a name="[5a]"></a>RNG_IRQHandler</STRONG> (Thumb, 0 bytes, Stack size 0 bytes, startup_stm32l476xx.o(.text))
<BR>[Address Reference Count : 1]<UL><LI> startup_stm32l476xx.o(RESET)
</UL>
<P><STRONG><a name="[e]"></a>RTC_WKUP_IRQHandler</STRONG> (Thumb, 0 bytes, Stack size 0 bytes, startup_stm32l476xx.o(.text))
<BR>[Address Reference Count : 1]<UL><LI> startup_stm32l476xx.o(RESET)
</UL>
<P><STRONG><a name="[55]"></a>SAI1_IRQHandler</STRONG> (Thumb, 0 bytes, Stack size 0 bytes, startup_stm32l476xx.o(.text))
<BR>[Address Reference Count : 1]<UL><LI> startup_stm32l476xx.o(RESET)
</UL>
<P><STRONG><a name="[56]"></a>SAI2_IRQHandler</STRONG> (Thumb, 0 bytes, Stack size 0 bytes, startup_stm32l476xx.o(.text))
<BR>[Address Reference Count : 1]<UL><LI> startup_stm32l476xx.o(RESET)
</UL>
<P><STRONG><a name="[3c]"></a>SDMMC1_IRQHandler</STRONG> (Thumb, 0 bytes, Stack size 0 bytes, startup_stm32l476xx.o(.text))
<BR>[Address Reference Count : 1]<UL><LI> startup_stm32l476xx.o(RESET)
</UL>
<P><STRONG><a name="[2e]"></a>SPI1_IRQHandler</STRONG> (Thumb, 0 bytes, Stack size 0 bytes, startup_stm32l476xx.o(.text))
<BR>[Address Reference Count : 1]<UL><LI> startup_stm32l476xx.o(RESET)
</UL>
<P><STRONG><a name="[2f]"></a>SPI2_IRQHandler</STRONG> (Thumb, 0 bytes, Stack size 0 bytes, startup_stm32l476xx.o(.text))
<BR>[Address Reference Count : 1]<UL><LI> startup_stm32l476xx.o(RESET)
</UL>
<P><STRONG><a name="[3e]"></a>SPI3_IRQHandler</STRONG> (Thumb, 0 bytes, Stack size 0 bytes, startup_stm32l476xx.o(.text))
<BR>[Address Reference Count : 1]<UL><LI> startup_stm32l476xx.o(RESET)
</UL>
<P><STRONG><a name="[57]"></a>SWPMI1_IRQHandler</STRONG> (Thumb, 0 bytes, Stack size 0 bytes, startup_stm32l476xx.o(.text))
<BR>[Address Reference Count : 1]<UL><LI> startup_stm32l476xx.o(RESET)
</UL>
<P><STRONG><a name="[d]"></a>TAMP_STAMP_IRQHandler</STRONG> (Thumb, 0 bytes, Stack size 0 bytes, startup_stm32l476xx.o(.text))
<BR>[Address Reference Count : 1]<UL><LI> startup_stm32l476xx.o(RESET)
</UL>
<P><STRONG><a name="[23]"></a>TIM1_BRK_TIM15_IRQHandler</STRONG> (Thumb, 0 bytes, Stack size 0 bytes, startup_stm32l476xx.o(.text))
<BR>[Address Reference Count : 1]<UL><LI> startup_stm32l476xx.o(RESET)
</UL>
<P><STRONG><a name="[26]"></a>TIM1_CC_IRQHandler</STRONG> (Thumb, 0 bytes, Stack size 0 bytes, startup_stm32l476xx.o(.text))
<BR>[Address Reference Count : 1]<UL><LI> startup_stm32l476xx.o(RESET)
</UL>
<P><STRONG><a name="[25]"></a>TIM1_TRG_COM_TIM17_IRQHandler</STRONG> (Thumb, 0 bytes, Stack size 0 bytes, startup_stm32l476xx.o(.text))
<BR>[Address Reference Count : 1]<UL><LI> startup_stm32l476xx.o(RESET)
</UL>
<P><STRONG><a name="[29]"></a>TIM4_IRQHandler</STRONG> (Thumb, 0 bytes, Stack size 0 bytes, startup_stm32l476xx.o(.text))
<BR>[Address Reference Count : 1]<UL><LI> startup_stm32l476xx.o(RESET)
</UL>
<P><STRONG><a name="[3d]"></a>TIM5_IRQHandler</STRONG> (Thumb, 0 bytes, Stack size 0 bytes, startup_stm32l476xx.o(.text))
<BR>[Address Reference Count : 1]<UL><LI> startup_stm32l476xx.o(RESET)
</UL>
<P><STRONG><a name="[41]"></a>TIM6_DAC_IRQHandler</STRONG> (Thumb, 0 bytes, Stack size 0 bytes, startup_stm32l476xx.o(.text))
<BR>[Address Reference Count : 1]<UL><LI> startup_stm32l476xx.o(RESET)
</UL>
<P><STRONG><a name="[42]"></a>TIM7_IRQHandler</STRONG> (Thumb, 0 bytes, Stack size 0 bytes, startup_stm32l476xx.o(.text))
<BR>[Address Reference Count : 1]<UL><LI> startup_stm32l476xx.o(RESET)
</UL>
<P><STRONG><a name="[36]"></a>TIM8_BRK_IRQHandler</STRONG> (Thumb, 0 bytes, Stack size 0 bytes, startup_stm32l476xx.o(.text))
<BR>[Address Reference Count : 1]<UL><LI> startup_stm32l476xx.o(RESET)
</UL>
<P><STRONG><a name="[39]"></a>TIM8_CC_IRQHandler</STRONG> (Thumb, 0 bytes, Stack size 0 bytes, startup_stm32l476xx.o(.text))
<BR>[Address Reference Count : 1]<UL><LI> startup_stm32l476xx.o(RESET)
</UL>
<P><STRONG><a name="[38]"></a>TIM8_TRG_COM_IRQHandler</STRONG> (Thumb, 0 bytes, Stack size 0 bytes, startup_stm32l476xx.o(.text))
<BR>[Address Reference Count : 1]<UL><LI> startup_stm32l476xx.o(RESET)
</UL>
<P><STRONG><a name="[37]"></a>TIM8_UP_IRQHandler</STRONG> (Thumb, 0 bytes, Stack size 0 bytes, startup_stm32l476xx.o(.text))
<BR>[Address Reference Count : 1]<UL><LI> startup_stm32l476xx.o(RESET)
</UL>
<P><STRONG><a name="[58]"></a>TSC_IRQHandler</STRONG> (Thumb, 0 bytes, Stack size 0 bytes, startup_stm32l476xx.o(.text))
<BR>[Address Reference Count : 1]<UL><LI> startup_stm32l476xx.o(RESET)
</UL>
<P><STRONG><a name="[3f]"></a>UART4_IRQHandler</STRONG> (Thumb, 0 bytes, Stack size 0 bytes, startup_stm32l476xx.o(.text))
<BR>[Address Reference Count : 1]<UL><LI> startup_stm32l476xx.o(RESET)
</UL>
<P><STRONG><a name="[40]"></a>UART5_IRQHandler</STRONG> (Thumb, 0 bytes, Stack size 0 bytes, startup_stm32l476xx.o(.text))
<BR>[Address Reference Count : 1]<UL><LI> startup_stm32l476xx.o(RESET)
</UL>
<P><STRONG><a name="[31]"></a>USART2_IRQHandler</STRONG> (Thumb, 0 bytes, Stack size 0 bytes, startup_stm32l476xx.o(.text))
<BR>[Address Reference Count : 1]<UL><LI> startup_stm32l476xx.o(RESET)
</UL>
<P><STRONG><a name="[b]"></a>WWDG_IRQHandler</STRONG> (Thumb, 0 bytes, Stack size 0 bytes, startup_stm32l476xx.o(.text))
<BR>[Address Reference Count : 1]<UL><LI> startup_stm32l476xx.o(RESET)
</UL>
<P><STRONG><a name="[8b]"></a>__aeabi_uldivmod</STRONG> (Thumb, 98 bytes, Stack size 40 bytes, uldiv.o(.text))
<BR><BR>[Stack]<UL><LI>Max Depth = 40<LI>Call Chain = __aeabi_uldivmod
</UL>
<BR>[Calls]<UL><LI><a href="#[8c]">&gt;&gt;</a>&nbsp;&nbsp;&nbsp;__aeabi_llsr
<LI><a href="#[8d]">&gt;&gt;</a>&nbsp;&nbsp;&nbsp;__aeabi_llsl
</UL>
<BR>[Called By]<UL><LI><a href="#[a4]">&gt;&gt;</a>&nbsp;&nbsp;&nbsp;HW_RTC_DelayMs
<LI><a href="#[109]">&gt;&gt;</a>&nbsp;&nbsp;&nbsp;HW_RTC_ms2Tick
<LI><a href="#[ec]">&gt;&gt;</a>&nbsp;&nbsp;&nbsp;UART_SetConfig
<LI><a href="#[16d]">&gt;&gt;</a>&nbsp;&nbsp;&nbsp;_printf_core
</UL>

<P><STRONG><a name="[114]"></a>__aeabi_memcpy</STRONG> (Thumb, 36 bytes, Stack size 0 bytes, memcpya.o(.text))
<BR><BR>[Called By]<UL><LI><a href="#[185]">&gt;&gt;</a>&nbsp;&nbsp;&nbsp;lora_rx_parse
<LI><a href="#[182]">&gt;&gt;</a>&nbsp;&nbsp;&nbsp;get_tx_head_and_value
<LI><a href="#[68]">&gt;&gt;</a>&nbsp;&nbsp;&nbsp;OnRxDone
</UL>

<P><STRONG><a name="[107]"></a>__aeabi_memcpy4</STRONG> (Thumb, 0 bytes, Stack size 0 bytes, memcpya.o(.text))
<BR><BR>[Called By]<UL><LI><a href="#[105]">&gt;&gt;</a>&nbsp;&nbsp;&nbsp;HW_RTC_StartWakeUpAlarm
</UL>

<P><STRONG><a name="[1a2]"></a>__aeabi_memcpy8</STRONG> (Thumb, 0 bytes, Stack size 0 bytes, memcpya.o(.text), UNUSED)

<P><STRONG><a name="[8f]"></a>__aeabi_memset</STRONG> (Thumb, 14 bytes, Stack size 0 bytes, memseta.o(.text), UNUSED)
<BR><BR>[Called By]<UL><LI><a href="#[90]">&gt;&gt;</a>&nbsp;&nbsp;&nbsp;_memset$wrapper
<LI><a href="#[8e]">&gt;&gt;</a>&nbsp;&nbsp;&nbsp;__aeabi_memclr
</UL>

<P><STRONG><a name="[1a3]"></a>__aeabi_memset4</STRONG> (Thumb, 0 bytes, Stack size 0 bytes, memseta.o(.text), UNUSED)

<P><STRONG><a name="[1a4]"></a>__aeabi_memset8</STRONG> (Thumb, 0 bytes, Stack size 0 bytes, memseta.o(.text), UNUSED)

<P><STRONG><a name="[8e]"></a>__aeabi_memclr</STRONG> (Thumb, 4 bytes, Stack size 0 bytes, memseta.o(.text), UNUSED)
<BR><BR>[Calls]<UL><LI><a href="#[8f]">&gt;&gt;</a>&nbsp;&nbsp;&nbsp;__aeabi_memset
</UL>

<P><STRONG><a name="[c1]"></a>__aeabi_memclr4</STRONG> (Thumb, 0 bytes, Stack size 0 bytes, memseta.o(.text))
<BR><BR>[Called By]<UL><LI><a href="#[153]">&gt;&gt;</a>&nbsp;&nbsp;&nbsp;SX126xReset
<LI><a href="#[127]">&gt;&gt;</a>&nbsp;&nbsp;&nbsp;SX126xGetPacketStatus
<LI><a href="#[10c]">&gt;&gt;</a>&nbsp;&nbsp;&nbsp;HW_SPI_IoInit
<LI><a href="#[6c]">&gt;&gt;</a>&nbsp;&nbsp;&nbsp;SX126xIoInit
<LI><a href="#[eb]">&gt;&gt;</a>&nbsp;&nbsp;&nbsp;HAL_UART_MspInit
<LI><a href="#[ca]">&gt;&gt;</a>&nbsp;&nbsp;&nbsp;HAL_SPI_MspInit
<LI><a href="#[be]">&gt;&gt;</a>&nbsp;&nbsp;&nbsp;HAL_RTC_MspInit
<LI><a href="#[160]">&gt;&gt;</a>&nbsp;&nbsp;&nbsp;SystemClock_Config
<LI><a href="#[10d]">&gt;&gt;</a>&nbsp;&nbsp;&nbsp;MX_GPIO_Init
</UL>

<P><STRONG><a name="[1a5]"></a>__aeabi_memclr8</STRONG> (Thumb, 0 bytes, Stack size 0 bytes, memseta.o(.text), UNUSED)

<P><STRONG><a name="[90]"></a>_memset$wrapper</STRONG> (Thumb, 18 bytes, Stack size 8 bytes, memseta.o(.text), UNUSED)
<BR><BR>[Calls]<UL><LI><a href="#[8f]">&gt;&gt;</a>&nbsp;&nbsp;&nbsp;__aeabi_memset
</UL>

<P><STRONG><a name="[18f]"></a>strstr</STRONG> (Thumb, 36 bytes, Stack size 12 bytes, strstr.o(.text))
<BR><BR>[Stack]<UL><LI>Max Depth = 12<LI>Call Chain = strstr
</UL>
<BR>[Called By]<UL><LI><a href="#[18d]">&gt;&gt;</a>&nbsp;&nbsp;&nbsp;parse_rx_cmd
</UL>

<P><STRONG><a name="[191]"></a>strncpy</STRONG> (Thumb, 24 bytes, Stack size 8 bytes, strncpy.o(.text))
<BR><BR>[Stack]<UL><LI>Max Depth = 8<LI>Call Chain = strncpy
</UL>
<BR>[Called By]<UL><LI><a href="#[18d]">&gt;&gt;</a>&nbsp;&nbsp;&nbsp;parse_rx_cmd
</UL>

<P><STRONG><a name="[190]"></a>strchr</STRONG> (Thumb, 20 bytes, Stack size 0 bytes, strchr.o(.text))
<BR><BR>[Called By]<UL><LI><a href="#[18d]">&gt;&gt;</a>&nbsp;&nbsp;&nbsp;parse_rx_cmd
</UL>

<P><STRONG><a name="[17c]"></a>strcmp</STRONG> (Thumb, 28 bytes, Stack size 8 bytes, strcmp.o(.text))
<BR><BR>[Stack]<UL><LI>Max Depth = 8<LI>Call Chain = strcmp
</UL>
<BR>[Called By]<UL><LI><a href="#[181]">&gt;&gt;</a>&nbsp;&nbsp;&nbsp;check_set_cmd
<LI><a href="#[180]">&gt;&gt;</a>&nbsp;&nbsp;&nbsp;check_query_cmd
<LI><a href="#[17b]">&gt;&gt;</a>&nbsp;&nbsp;&nbsp;check_act_cmd
</UL>

<P><STRONG><a name="[91]"></a>__aeabi_dadd</STRONG> (Thumb, 322 bytes, Stack size 48 bytes, dadd.o(.text))
<BR><BR>[Stack]<UL><LI>Max Depth = 88<LI>Call Chain = __aeabi_dadd &rArr; _double_epilogue &rArr; _double_round
</UL>
<BR>[Calls]<UL><LI><a href="#[92]">&gt;&gt;</a>&nbsp;&nbsp;&nbsp;__aeabi_lasr
<LI><a href="#[8d]">&gt;&gt;</a>&nbsp;&nbsp;&nbsp;__aeabi_llsl
<LI><a href="#[94]">&gt;&gt;</a>&nbsp;&nbsp;&nbsp;_double_round
<LI><a href="#[93]">&gt;&gt;</a>&nbsp;&nbsp;&nbsp;_double_epilogue
</UL>
<BR>[Called By]<UL><LI><a href="#[77]">&gt;&gt;</a>&nbsp;&nbsp;&nbsp;RadioTimeOnAir
<LI><a href="#[95]">&gt;&gt;</a>&nbsp;&nbsp;&nbsp;__aeabi_dsub
<LI><a href="#[15c]">&gt;&gt;</a>&nbsp;&nbsp;&nbsp;__hardfp_pow
<LI><a href="#[143]">&gt;&gt;</a>&nbsp;&nbsp;&nbsp;__hardfp_floor
<LI><a href="#[96]">&gt;&gt;</a>&nbsp;&nbsp;&nbsp;__aeabi_drsub
<LI><a href="#[141]">&gt;&gt;</a>&nbsp;&nbsp;&nbsp;__hardfp_ceil
<LI><a href="#[176]">&gt;&gt;</a>&nbsp;&nbsp;&nbsp;__kernel_poly
<LI><a href="#[16e]">&gt;&gt;</a>&nbsp;&nbsp;&nbsp;__mathlib_dbl_infnan2
</UL>

<P><STRONG><a name="[95]"></a>__aeabi_dsub</STRONG> (Thumb, 6 bytes, Stack size 0 bytes, dadd.o(.text))
<BR><BR>[Stack]<UL><LI>Max Depth = 88<LI>Call Chain = __aeabi_dsub &rArr; __aeabi_dadd &rArr; _double_epilogue &rArr; _double_round
</UL>
<BR>[Calls]<UL><LI><a href="#[91]">&gt;&gt;</a>&nbsp;&nbsp;&nbsp;__aeabi_dadd
</UL>
<BR>[Called By]<UL><LI><a href="#[15c]">&gt;&gt;</a>&nbsp;&nbsp;&nbsp;__hardfp_pow
</UL>

<P><STRONG><a name="[96]"></a>__aeabi_drsub</STRONG> (Thumb, 6 bytes, Stack size 0 bytes, dadd.o(.text))
<BR><BR>[Stack]<UL><LI>Max Depth = 88<LI>Call Chain = __aeabi_drsub &rArr; __aeabi_dadd &rArr; _double_epilogue &rArr; _double_round
</UL>
<BR>[Calls]<UL><LI><a href="#[91]">&gt;&gt;</a>&nbsp;&nbsp;&nbsp;__aeabi_dadd
</UL>
<BR>[Called By]<UL><LI><a href="#[15c]">&gt;&gt;</a>&nbsp;&nbsp;&nbsp;__hardfp_pow
<LI><a href="#[143]">&gt;&gt;</a>&nbsp;&nbsp;&nbsp;__hardfp_floor
<LI><a href="#[141]">&gt;&gt;</a>&nbsp;&nbsp;&nbsp;__hardfp_ceil
</UL>

<P><STRONG><a name="[97]"></a>__aeabi_dmul</STRONG> (Thumb, 228 bytes, Stack size 48 bytes, dmul.o(.text))
<BR><BR>[Stack]<UL><LI>Max Depth = 88<LI>Call Chain = __aeabi_dmul &rArr; _double_epilogue &rArr; _double_round
</UL>
<BR>[Calls]<UL><LI><a href="#[93]">&gt;&gt;</a>&nbsp;&nbsp;&nbsp;_double_epilogue
</UL>
<BR>[Called By]<UL><LI><a href="#[139]">&gt;&gt;</a>&nbsp;&nbsp;&nbsp;SX126xSetModulationParams
<LI><a href="#[77]">&gt;&gt;</a>&nbsp;&nbsp;&nbsp;RadioTimeOnAir
<LI><a href="#[74]">&gt;&gt;</a>&nbsp;&nbsp;&nbsp;RadioSetRxConfig
<LI><a href="#[15c]">&gt;&gt;</a>&nbsp;&nbsp;&nbsp;__hardfp_pow
<LI><a href="#[176]">&gt;&gt;</a>&nbsp;&nbsp;&nbsp;__kernel_poly
<LI><a href="#[175]">&gt;&gt;</a>&nbsp;&nbsp;&nbsp;__mathlib_dbl_underflow
<LI><a href="#[171]">&gt;&gt;</a>&nbsp;&nbsp;&nbsp;__mathlib_dbl_overflow
</UL>

<P><STRONG><a name="[98]"></a>__aeabi_ddiv</STRONG> (Thumb, 222 bytes, Stack size 32 bytes, ddiv.o(.text))
<BR><BR>[Stack]<UL><LI>Max Depth = 40<LI>Call Chain = __aeabi_ddiv &rArr; _double_round
</UL>
<BR>[Calls]<UL><LI><a href="#[94]">&gt;&gt;</a>&nbsp;&nbsp;&nbsp;_double_round
</UL>
<BR>[Called By]<UL><LI><a href="#[129]">&gt;&gt;</a>&nbsp;&nbsp;&nbsp;SX126xSetRfFrequency
<LI><a href="#[139]">&gt;&gt;</a>&nbsp;&nbsp;&nbsp;SX126xSetModulationParams
<LI><a href="#[77]">&gt;&gt;</a>&nbsp;&nbsp;&nbsp;RadioTimeOnAir
<LI><a href="#[74]">&gt;&gt;</a>&nbsp;&nbsp;&nbsp;RadioSetRxConfig
<LI><a href="#[15c]">&gt;&gt;</a>&nbsp;&nbsp;&nbsp;__hardfp_pow
<LI><a href="#[174]">&gt;&gt;</a>&nbsp;&nbsp;&nbsp;__mathlib_dbl_invalid
<LI><a href="#[170]">&gt;&gt;</a>&nbsp;&nbsp;&nbsp;__mathlib_dbl_divzero
</UL>

<P><STRONG><a name="[99]"></a>__aeabi_i2d</STRONG> (Thumb, 34 bytes, Stack size 16 bytes, dflti.o(.text))
<BR><BR>[Stack]<UL><LI>Max Depth = 56<LI>Call Chain = __aeabi_i2d &rArr; _double_epilogue &rArr; _double_round
</UL>
<BR>[Calls]<UL><LI><a href="#[93]">&gt;&gt;</a>&nbsp;&nbsp;&nbsp;_double_epilogue
</UL>
<BR>[Called By]<UL><LI><a href="#[77]">&gt;&gt;</a>&nbsp;&nbsp;&nbsp;RadioTimeOnAir
<LI><a href="#[15c]">&gt;&gt;</a>&nbsp;&nbsp;&nbsp;__hardfp_pow
</UL>

<P><STRONG><a name="[9a]"></a>__aeabi_ui2d</STRONG> (Thumb, 26 bytes, Stack size 16 bytes, dfltui.o(.text))
<BR><BR>[Stack]<UL><LI>Max Depth = 56<LI>Call Chain = __aeabi_ui2d &rArr; _double_epilogue &rArr; _double_round
</UL>
<BR>[Calls]<UL><LI><a href="#[93]">&gt;&gt;</a>&nbsp;&nbsp;&nbsp;_double_epilogue
</UL>
<BR>[Called By]<UL><LI><a href="#[129]">&gt;&gt;</a>&nbsp;&nbsp;&nbsp;SX126xSetRfFrequency
<LI><a href="#[139]">&gt;&gt;</a>&nbsp;&nbsp;&nbsp;SX126xSetModulationParams
<LI><a href="#[77]">&gt;&gt;</a>&nbsp;&nbsp;&nbsp;RadioTimeOnAir
<LI><a href="#[74]">&gt;&gt;</a>&nbsp;&nbsp;&nbsp;RadioSetRxConfig
</UL>

<P><STRONG><a name="[9b]"></a>__aeabi_d2uiz</STRONG> (Thumb, 50 bytes, Stack size 8 bytes, dfixui.o(.text))
<BR><BR>[Stack]<UL><LI>Max Depth = 8<LI>Call Chain = __aeabi_d2uiz
</UL>
<BR>[Calls]<UL><LI><a href="#[8c]">&gt;&gt;</a>&nbsp;&nbsp;&nbsp;__aeabi_llsr
</UL>
<BR>[Called By]<UL><LI><a href="#[129]">&gt;&gt;</a>&nbsp;&nbsp;&nbsp;SX126xSetRfFrequency
<LI><a href="#[139]">&gt;&gt;</a>&nbsp;&nbsp;&nbsp;SX126xSetModulationParams
<LI><a href="#[77]">&gt;&gt;</a>&nbsp;&nbsp;&nbsp;RadioTimeOnAir
<LI><a href="#[74]">&gt;&gt;</a>&nbsp;&nbsp;&nbsp;RadioSetRxConfig
</UL>

<P><STRONG><a name="[142]"></a>__aeabi_cdrcmple</STRONG> (Thumb, 48 bytes, Stack size 0 bytes, cdrcmple.o(.text))
<BR><BR>[Called By]<UL><LI><a href="#[77]">&gt;&gt;</a>&nbsp;&nbsp;&nbsp;RadioTimeOnAir
<LI><a href="#[15c]">&gt;&gt;</a>&nbsp;&nbsp;&nbsp;__hardfp_pow
<LI><a href="#[143]">&gt;&gt;</a>&nbsp;&nbsp;&nbsp;__hardfp_floor
<LI><a href="#[141]">&gt;&gt;</a>&nbsp;&nbsp;&nbsp;__hardfp_ceil
</UL>

<P><STRONG><a name="[8d]"></a>__aeabi_llsl</STRONG> (Thumb, 30 bytes, Stack size 0 bytes, llshl.o(.text))
<BR><BR>[Called By]<UL><LI><a href="#[91]">&gt;&gt;</a>&nbsp;&nbsp;&nbsp;__aeabi_dadd
<LI><a href="#[8b]">&gt;&gt;</a>&nbsp;&nbsp;&nbsp;__aeabi_uldivmod
<LI><a href="#[9c]">&gt;&gt;</a>&nbsp;&nbsp;&nbsp;_drnd
<LI><a href="#[93]">&gt;&gt;</a>&nbsp;&nbsp;&nbsp;_double_epilogue
</UL>

<P><STRONG><a name="[1a6]"></a>_ll_shift_l</STRONG> (Thumb, 0 bytes, Stack size 0 bytes, llshl.o(.text), UNUSED)

<P><STRONG><a name="[8c]"></a>__aeabi_llsr</STRONG> (Thumb, 32 bytes, Stack size 0 bytes, llushr.o(.text))
<BR><BR>[Called By]<UL><LI><a href="#[9b]">&gt;&gt;</a>&nbsp;&nbsp;&nbsp;__aeabi_d2uiz
<LI><a href="#[8b]">&gt;&gt;</a>&nbsp;&nbsp;&nbsp;__aeabi_uldivmod
<LI><a href="#[9c]">&gt;&gt;</a>&nbsp;&nbsp;&nbsp;_drnd
<LI><a href="#[9e]">&gt;&gt;</a>&nbsp;&nbsp;&nbsp;_dsqrt
<LI><a href="#[93]">&gt;&gt;</a>&nbsp;&nbsp;&nbsp;_double_epilogue
</UL>

<P><STRONG><a name="[1a7]"></a>_ll_ushift_r</STRONG> (Thumb, 0 bytes, Stack size 0 bytes, llushr.o(.text), UNUSED)

<P><STRONG><a name="[92]"></a>__aeabi_lasr</STRONG> (Thumb, 36 bytes, Stack size 0 bytes, llsshr.o(.text))
<BR><BR>[Called By]<UL><LI><a href="#[91]">&gt;&gt;</a>&nbsp;&nbsp;&nbsp;__aeabi_dadd
</UL>

<P><STRONG><a name="[1a8]"></a>_ll_sshift_r</STRONG> (Thumb, 0 bytes, Stack size 0 bytes, llsshr.o(.text), UNUSED)

<P><STRONG><a name="[1a9]"></a>__I$use$fp</STRONG> (Thumb, 0 bytes, Stack size 8 bytes, iusefp.o(.text), UNUSED)

<P><STRONG><a name="[94]"></a>_double_round</STRONG> (Thumb, 30 bytes, Stack size 8 bytes, depilogue.o(.text))
<BR><BR>[Stack]<UL><LI>Max Depth = 8<LI>Call Chain = _double_round
</UL>
<BR>[Called By]<UL><LI><a href="#[98]">&gt;&gt;</a>&nbsp;&nbsp;&nbsp;__aeabi_ddiv
<LI><a href="#[91]">&gt;&gt;</a>&nbsp;&nbsp;&nbsp;__aeabi_dadd
<LI><a href="#[9c]">&gt;&gt;</a>&nbsp;&nbsp;&nbsp;_drnd
<LI><a href="#[9e]">&gt;&gt;</a>&nbsp;&nbsp;&nbsp;_dsqrt
<LI><a href="#[93]">&gt;&gt;</a>&nbsp;&nbsp;&nbsp;_double_epilogue
</UL>

<P><STRONG><a name="[93]"></a>_double_epilogue</STRONG> (Thumb, 156 bytes, Stack size 32 bytes, depilogue.o(.text))
<BR><BR>[Stack]<UL><LI>Max Depth = 40<LI>Call Chain = _double_epilogue &rArr; _double_round
</UL>
<BR>[Calls]<UL><LI><a href="#[8c]">&gt;&gt;</a>&nbsp;&nbsp;&nbsp;__aeabi_llsr
<LI><a href="#[8d]">&gt;&gt;</a>&nbsp;&nbsp;&nbsp;__aeabi_llsl
<LI><a href="#[94]">&gt;&gt;</a>&nbsp;&nbsp;&nbsp;_double_round
</UL>
<BR>[Called By]<UL><LI><a href="#[9a]">&gt;&gt;</a>&nbsp;&nbsp;&nbsp;__aeabi_ui2d
<LI><a href="#[97]">&gt;&gt;</a>&nbsp;&nbsp;&nbsp;__aeabi_dmul
<LI><a href="#[99]">&gt;&gt;</a>&nbsp;&nbsp;&nbsp;__aeabi_i2d
<LI><a href="#[91]">&gt;&gt;</a>&nbsp;&nbsp;&nbsp;__aeabi_dadd
</UL>

<P><STRONG><a name="[177]"></a>__ARM_scalbn</STRONG> (Thumb, 46 bytes, Stack size 16 bytes, dscalb.o(.text))
<BR><BR>[Stack]<UL><LI>Max Depth = 16<LI>Call Chain = __ARM_scalbn
</UL>
<BR>[Called By]<UL><LI><a href="#[15c]">&gt;&gt;</a>&nbsp;&nbsp;&nbsp;__hardfp_pow
</UL>

<P><STRONG><a name="[1aa]"></a>scalbn</STRONG> (Thumb, 0 bytes, Stack size 16 bytes, dscalb.o(.text), UNUSED)

<P><STRONG><a name="[9c]"></a>_drnd</STRONG> (Thumb, 132 bytes, Stack size 24 bytes, drnd.o(.text))
<BR><BR>[Stack]<UL><LI>Max Depth = 32<LI>Call Chain = _drnd &rArr; _double_round
</UL>
<BR>[Calls]<UL><LI><a href="#[8c]">&gt;&gt;</a>&nbsp;&nbsp;&nbsp;__aeabi_llsr
<LI><a href="#[8d]">&gt;&gt;</a>&nbsp;&nbsp;&nbsp;__aeabi_llsl
<LI><a href="#[94]">&gt;&gt;</a>&nbsp;&nbsp;&nbsp;_double_round
</UL>
<BR>[Called By]<UL><LI><a href="#[144]">&gt;&gt;</a>&nbsp;&nbsp;&nbsp;__hardfp_rint
</UL>

<P><STRONG><a name="[8a]"></a>__scatterload</STRONG> (Thumb, 28 bytes, Stack size 0 bytes, init.o(.text))
<BR><BR>[Calls]<UL><LI><a href="#[9d]">&gt;&gt;</a>&nbsp;&nbsp;&nbsp;__main_after_scatterload
</UL>
<BR>[Called By]<UL><LI><a href="#[89]">&gt;&gt;</a>&nbsp;&nbsp;&nbsp;_main_scatterload
</UL>

<P><STRONG><a name="[1ab]"></a>__scatterload_rt2</STRONG> (Thumb, 0 bytes, Stack size 0 bytes, init.o(.text), UNUSED)

<P><STRONG><a name="[9e]"></a>_dsqrt</STRONG> (Thumb, 162 bytes, Stack size 32 bytes, dsqrt.o(.text))
<BR><BR>[Stack]<UL><LI>Max Depth = 40<LI>Call Chain = _dsqrt &rArr; _double_round
</UL>
<BR>[Calls]<UL><LI><a href="#[8c]">&gt;&gt;</a>&nbsp;&nbsp;&nbsp;__aeabi_llsr
<LI><a href="#[94]">&gt;&gt;</a>&nbsp;&nbsp;&nbsp;_double_round
</UL>
<BR>[Called By]<UL><LI><a href="#[172]">&gt;&gt;</a>&nbsp;&nbsp;&nbsp;sqrt
</UL>

<P><STRONG><a name="[5]"></a>BusFault_Handler</STRONG> (Thumb, 2 bytes, Stack size 0 bytes, stm32l4xx_it.o(i.BusFault_Handler))
<BR><BR>[Calls]<UL><LI><a href="#[5]">&gt;&gt;</a>&nbsp;&nbsp;&nbsp;BusFault_Handler
</UL>
<BR>[Called By]<UL><LI><a href="#[5]">&gt;&gt;</a>&nbsp;&nbsp;&nbsp;BusFault_Handler
</UL>
<BR>[Address Reference Count : 1]<UL><LI> startup_stm32l476xx.o(RESET)
</UL>
<P><STRONG><a name="[18]"></a>DMA1_Channel3_IRQHandler</STRONG> (Thumb, 6 bytes, Stack size 0 bytes, stm32l4xx_it.o(i.DMA1_Channel3_IRQHandler))
<BR><BR>[Stack]<UL><LI>Max Depth = 16<LI>Call Chain = DMA1_Channel3_IRQHandler &rArr; HAL_DMA_IRQHandler
</UL>
<BR>[Calls]<UL><LI><a href="#[9f]">&gt;&gt;</a>&nbsp;&nbsp;&nbsp;HAL_DMA_IRQHandler
</UL>
<BR>[Address Reference Count : 1]<UL><LI> startup_stm32l476xx.o(RESET)
</UL>
<P><STRONG><a name="[1a]"></a>DMA1_Channel5_IRQHandler</STRONG> (Thumb, 6 bytes, Stack size 0 bytes, stm32l4xx_it.o(i.DMA1_Channel5_IRQHandler))
<BR><BR>[Stack]<UL><LI>Max Depth = 16<LI>Call Chain = DMA1_Channel5_IRQHandler &rArr; HAL_DMA_IRQHandler
</UL>
<BR>[Calls]<UL><LI><a href="#[9f]">&gt;&gt;</a>&nbsp;&nbsp;&nbsp;HAL_DMA_IRQHandler
</UL>
<BR>[Address Reference Count : 1]<UL><LI> startup_stm32l476xx.o(RESET)
</UL>
<P><STRONG><a name="[8]"></a>DebugMon_Handler</STRONG> (Thumb, 2 bytes, Stack size 0 bytes, stm32l4xx_it.o(i.DebugMon_Handler))
<BR>[Address Reference Count : 1]<UL><LI> startup_stm32l476xx.o(RESET)
</UL>
<P><STRONG><a name="[15]"></a>EXTI4_IRQHandler</STRONG> (Thumb, 6 bytes, Stack size 0 bytes, stm32l4xx_it.o(i.EXTI4_IRQHandler))
<BR><BR>[Stack]<UL><LI>Max Depth = 16<LI>Call Chain = EXTI4_IRQHandler &rArr; HAL_GPIO_EXTI_IRQHandler &rArr; HAL_GPIO_EXTI_Callback &rArr; HW_GPIO_IrqHandler
</UL>
<BR>[Calls]<UL><LI><a href="#[a0]">&gt;&gt;</a>&nbsp;&nbsp;&nbsp;HAL_GPIO_EXTI_IRQHandler
</UL>
<BR>[Address Reference Count : 1]<UL><LI> startup_stm32l476xx.o(RESET)
</UL>
<P><STRONG><a name="[c2]"></a>Error_Handler</STRONG> (Thumb, 2 bytes, Stack size 0 bytes, main.o(i.Error_Handler))
<BR><BR>[Called By]<UL><LI><a href="#[10b]">&gt;&gt;</a>&nbsp;&nbsp;&nbsp;HW_SPI_Init
<LI><a href="#[eb]">&gt;&gt;</a>&nbsp;&nbsp;&nbsp;HAL_UART_MspInit
<LI><a href="#[be]">&gt;&gt;</a>&nbsp;&nbsp;&nbsp;HAL_RTC_MspInit
</UL>

<P><STRONG><a name="[e1]"></a>HAL_DMA_Abort</STRONG> (Thumb, 74 bytes, Stack size 8 bytes, stm32l4xx_hal_dma.o(i.HAL_DMA_Abort))
<BR><BR>[Stack]<UL><LI>Max Depth = 8<LI>Call Chain = HAL_DMA_Abort
</UL>
<BR>[Called By]<UL><LI><a href="#[e0]">&gt;&gt;</a>&nbsp;&nbsp;&nbsp;HAL_UART_DMAStop
</UL>

<P><STRONG><a name="[e6]"></a>HAL_DMA_Abort_IT</STRONG> (Thumb, 78 bytes, Stack size 8 bytes, stm32l4xx_hal_dma.o(i.HAL_DMA_Abort_IT))
<BR><BR>[Stack]<UL><LI>Max Depth = 8<LI>Call Chain = HAL_DMA_Abort_IT
</UL>
<BR>[Called By]<UL><LI><a href="#[e5]">&gt;&gt;</a>&nbsp;&nbsp;&nbsp;HAL_UART_IRQHandler
</UL>

<P><STRONG><a name="[e2]"></a>HAL_DMA_GetError</STRONG> (Thumb, 4 bytes, Stack size 0 bytes, stm32l4xx_hal_dma.o(i.HAL_DMA_GetError))
<BR><BR>[Called By]<UL><LI><a href="#[e0]">&gt;&gt;</a>&nbsp;&nbsp;&nbsp;HAL_UART_DMAStop
</UL>

<P><STRONG><a name="[9f]"></a>HAL_DMA_IRQHandler</STRONG> (Thumb, 186 bytes, Stack size 16 bytes, stm32l4xx_hal_dma.o(i.HAL_DMA_IRQHandler))
<BR><BR>[Stack]<UL><LI>Max Depth = 16<LI>Call Chain = HAL_DMA_IRQHandler
</UL>
<BR>[Called By]<UL><LI><a href="#[1a]">&gt;&gt;</a>&nbsp;&nbsp;&nbsp;DMA1_Channel5_IRQHandler
<LI><a href="#[18]">&gt;&gt;</a>&nbsp;&nbsp;&nbsp;DMA1_Channel3_IRQHandler
</UL>

<P><STRONG><a name="[ef]"></a>HAL_DMA_Init</STRONG> (Thumb, 178 bytes, Stack size 16 bytes, stm32l4xx_hal_dma.o(i.HAL_DMA_Init))
<BR><BR>[Stack]<UL><LI>Max Depth = 16<LI>Call Chain = HAL_DMA_Init
</UL>
<BR>[Called By]<UL><LI><a href="#[eb]">&gt;&gt;</a>&nbsp;&nbsp;&nbsp;HAL_UART_MspInit
</UL>

<P><STRONG><a name="[a1]"></a>HAL_DMA_Start_IT</STRONG> (Thumb, 112 bytes, Stack size 16 bytes, stm32l4xx_hal_dma.o(i.HAL_DMA_Start_IT))
<BR><BR>[Stack]<UL><LI>Max Depth = 28<LI>Call Chain = HAL_DMA_Start_IT &rArr; DMA_SetConfig
</UL>
<BR>[Calls]<UL><LI><a href="#[a2]">&gt;&gt;</a>&nbsp;&nbsp;&nbsp;DMA_SetConfig
</UL>
<BR>[Called By]<UL><LI><a href="#[f0]">&gt;&gt;</a>&nbsp;&nbsp;&nbsp;HAL_UART_Receive_DMA
</UL>

<P><STRONG><a name="[a3]"></a>HAL_Delay</STRONG> (Thumb, 10 bytes, Stack size 8 bytes, stm32l4xx_hal_msp.o(i.HAL_Delay))
<BR><BR>[Stack]<UL><LI>Max Depth = 88<LI>Call Chain = HAL_Delay &rArr; HW_RTC_DelayMs &rArr; HW_RTC_GetTimerValue &rArr; HW_RTC_GetCalendarValue &rArr; HAL_RTC_GetTime
</UL>
<BR>[Calls]<UL><LI><a href="#[a4]">&gt;&gt;</a>&nbsp;&nbsp;&nbsp;HW_RTC_DelayMs
</UL>
<BR>[Called By]<UL><LI><a href="#[153]">&gt;&gt;</a>&nbsp;&nbsp;&nbsp;SX126xReset
<LI><a href="#[79]">&gt;&gt;</a>&nbsp;&nbsp;&nbsp;RadioSleep
<LI><a href="#[73]">&gt;&gt;</a>&nbsp;&nbsp;&nbsp;RadioRandom
<LI><a href="#[72]">&gt;&gt;</a>&nbsp;&nbsp;&nbsp;RadioIsChannelFree
<LI><a href="#[18c]">&gt;&gt;</a>&nbsp;&nbsp;&nbsp;run_process
</UL>

<P><STRONG><a name="[a5]"></a>HAL_GPIO_EXTI_Callback</STRONG> (Thumb, 4 bytes, Stack size 0 bytes, stm32l4xx_hal_msp.o(i.HAL_GPIO_EXTI_Callback))
<BR><BR>[Stack]<UL><LI>Max Depth = 8<LI>Call Chain = HAL_GPIO_EXTI_Callback &rArr; HW_GPIO_IrqHandler
</UL>
<BR>[Calls]<UL><LI><a href="#[a6]">&gt;&gt;</a>&nbsp;&nbsp;&nbsp;HW_GPIO_IrqHandler
</UL>
<BR>[Called By]<UL><LI><a href="#[a0]">&gt;&gt;</a>&nbsp;&nbsp;&nbsp;HAL_GPIO_EXTI_IRQHandler
</UL>

<P><STRONG><a name="[a0]"></a>HAL_GPIO_EXTI_IRQHandler</STRONG> (Thumb, 18 bytes, Stack size 8 bytes, stm32l4xx_hal_gpio.o(i.HAL_GPIO_EXTI_IRQHandler))
<BR><BR>[Stack]<UL><LI>Max Depth = 16<LI>Call Chain = HAL_GPIO_EXTI_IRQHandler &rArr; HAL_GPIO_EXTI_Callback &rArr; HW_GPIO_IrqHandler
</UL>
<BR>[Calls]<UL><LI><a href="#[a5]">&gt;&gt;</a>&nbsp;&nbsp;&nbsp;HAL_GPIO_EXTI_Callback
</UL>
<BR>[Called By]<UL><LI><a href="#[15]">&gt;&gt;</a>&nbsp;&nbsp;&nbsp;EXTI4_IRQHandler
</UL>

<P><STRONG><a name="[cb]"></a>HAL_GPIO_Init</STRONG> (Thumb, 570 bytes, Stack size 64 bytes, stm32l4xx_hal_gpio.o(i.HAL_GPIO_Init))
<BR><BR>[Stack]<UL><LI>Max Depth = 64<LI>Call Chain = HAL_GPIO_Init
</UL>
<BR>[Called By]<UL><LI><a href="#[f3]">&gt;&gt;</a>&nbsp;&nbsp;&nbsp;HW_GPIO_Init
<LI><a href="#[eb]">&gt;&gt;</a>&nbsp;&nbsp;&nbsp;HAL_UART_MspInit
<LI><a href="#[ca]">&gt;&gt;</a>&nbsp;&nbsp;&nbsp;HAL_SPI_MspInit
<LI><a href="#[10d]">&gt;&gt;</a>&nbsp;&nbsp;&nbsp;MX_GPIO_Init
</UL>

<P><STRONG><a name="[f6]"></a>HAL_GPIO_ReadPin</STRONG> (Thumb, 10 bytes, Stack size 0 bytes, stm32l4xx_hal_gpio.o(i.HAL_GPIO_ReadPin))
<BR><BR>[Called By]<UL><LI><a href="#[f5]">&gt;&gt;</a>&nbsp;&nbsp;&nbsp;HW_GPIO_Read
</UL>

<P><STRONG><a name="[fa]"></a>HAL_GPIO_WritePin</STRONG> (Thumb, 10 bytes, Stack size 0 bytes, stm32l4xx_hal_gpio.o(i.HAL_GPIO_WritePin))
<BR><BR>[Called By]<UL><LI><a href="#[f9]">&gt;&gt;</a>&nbsp;&nbsp;&nbsp;HW_GPIO_Write
<LI><a href="#[10d]">&gt;&gt;</a>&nbsp;&nbsp;&nbsp;MX_GPIO_Init
</UL>

<P><STRONG><a name="[b0]"></a>HAL_GetTick</STRONG> (Thumb, 6 bytes, Stack size 0 bytes, stm32l4xx_hal.o(i.HAL_GetTick))
<BR><BR>[Called By]<UL><LI><a href="#[c4]">&gt;&gt;</a>&nbsp;&nbsp;&nbsp;HAL_RTC_SetAlarm_IT
<LI><a href="#[b9]">&gt;&gt;</a>&nbsp;&nbsp;&nbsp;HAL_RTC_DeactivateAlarm
<LI><a href="#[f1]">&gt;&gt;</a>&nbsp;&nbsp;&nbsp;HAL_UART_Transmit
<LI><a href="#[cc]">&gt;&gt;</a>&nbsp;&nbsp;&nbsp;HAL_SPI_TransmitReceive
<LI><a href="#[bf]">&gt;&gt;</a>&nbsp;&nbsp;&nbsp;RTC_EnterInitMode
<LI><a href="#[c8]">&gt;&gt;</a>&nbsp;&nbsp;&nbsp;HAL_RTC_WaitForSynchro
<LI><a href="#[b3]">&gt;&gt;</a>&nbsp;&nbsp;&nbsp;HAL_RCC_OscConfig
<LI><a href="#[b1]">&gt;&gt;</a>&nbsp;&nbsp;&nbsp;HAL_RCC_ClockConfig
<LI><a href="#[ad]">&gt;&gt;</a>&nbsp;&nbsp;&nbsp;HAL_RCCEx_PeriphCLKConfig
<LI><a href="#[af]">&gt;&gt;</a>&nbsp;&nbsp;&nbsp;RCCEx_PLLSAI2_Config
<LI><a href="#[ae]">&gt;&gt;</a>&nbsp;&nbsp;&nbsp;RCCEx_PLLSAI1_Config
<LI><a href="#[147]">&gt;&gt;</a>&nbsp;&nbsp;&nbsp;SPI_WaitFlagStateUntilTimeout
<LI><a href="#[146]">&gt;&gt;</a>&nbsp;&nbsp;&nbsp;SPI_WaitFifoStateUntilTimeout
<LI><a href="#[f2]">&gt;&gt;</a>&nbsp;&nbsp;&nbsp;UART_WaitOnFlagUntilTimeout
<LI><a href="#[ee]">&gt;&gt;</a>&nbsp;&nbsp;&nbsp;UART_CheckIdleState
</UL>

<P><STRONG><a name="[15f]"></a>HAL_IncTick</STRONG> (Thumb, 12 bytes, Stack size 0 bytes, stm32l4xx_hal.o(i.HAL_IncTick))
<BR><BR>[Called By]<UL><LI><a href="#[a]">&gt;&gt;</a>&nbsp;&nbsp;&nbsp;SysTick_Handler
</UL>

<P><STRONG><a name="[a7]"></a>HAL_Init</STRONG> (Thumb, 30 bytes, Stack size 8 bytes, stm32l4xx_hal.o(i.HAL_Init))
<BR><BR>[Stack]<UL><LI>Max Depth = 16<LI>Call Chain = HAL_Init &rArr; HAL_MspInit
</UL>
<BR>[Calls]<UL><LI><a href="#[aa]">&gt;&gt;</a>&nbsp;&nbsp;&nbsp;HAL_MspInit
<LI><a href="#[a9]">&gt;&gt;</a>&nbsp;&nbsp;&nbsp;HAL_InitTick
<LI><a href="#[a8]">&gt;&gt;</a>&nbsp;&nbsp;&nbsp;HAL_NVIC_SetPriorityGrouping
</UL>
<BR>[Called By]<UL><LI><a href="#[5c]">&gt;&gt;</a>&nbsp;&nbsp;&nbsp;main
</UL>

<P><STRONG><a name="[a9]"></a>HAL_InitTick</STRONG> (Thumb, 4 bytes, Stack size 0 bytes, stm32l4xx_hal_msp.o(i.HAL_InitTick))
<BR><BR>[Called By]<UL><LI><a href="#[b3]">&gt;&gt;</a>&nbsp;&nbsp;&nbsp;HAL_RCC_OscConfig
<LI><a href="#[b1]">&gt;&gt;</a>&nbsp;&nbsp;&nbsp;HAL_RCC_ClockConfig
<LI><a href="#[a7]">&gt;&gt;</a>&nbsp;&nbsp;&nbsp;HAL_Init
</UL>

<P><STRONG><a name="[aa]"></a>HAL_MspInit</STRONG> (Thumb, 46 bytes, Stack size 8 bytes, stm32l4xx_hal_msp.o(i.HAL_MspInit))
<BR><BR>[Stack]<UL><LI>Max Depth = 8<LI>Call Chain = HAL_MspInit
</UL>
<BR>[Called By]<UL><LI><a href="#[a7]">&gt;&gt;</a>&nbsp;&nbsp;&nbsp;HAL_Init
</UL>

<P><STRONG><a name="[c3]"></a>HAL_NVIC_EnableIRQ</STRONG> (Thumb, 26 bytes, Stack size 0 bytes, stm32l4xx_hal_cortex.o(i.HAL_NVIC_EnableIRQ))
<BR><BR>[Called By]<UL><LI><a href="#[f7]">&gt;&gt;</a>&nbsp;&nbsp;&nbsp;HW_GPIO_SetIrq
<LI><a href="#[eb]">&gt;&gt;</a>&nbsp;&nbsp;&nbsp;HAL_UART_MspInit
<LI><a href="#[cf]">&gt;&gt;</a>&nbsp;&nbsp;&nbsp;HAL_TIM_Base_MspInit
<LI><a href="#[be]">&gt;&gt;</a>&nbsp;&nbsp;&nbsp;HAL_RTC_MspInit
<LI><a href="#[5c]">&gt;&gt;</a>&nbsp;&nbsp;&nbsp;main
<LI><a href="#[10d]">&gt;&gt;</a>&nbsp;&nbsp;&nbsp;MX_GPIO_Init
</UL>

<P><STRONG><a name="[ab]"></a>HAL_NVIC_SetPriority</STRONG> (Thumb, 60 bytes, Stack size 16 bytes, stm32l4xx_hal_cortex.o(i.HAL_NVIC_SetPriority))
<BR><BR>[Stack]<UL><LI>Max Depth = 16<LI>Call Chain = HAL_NVIC_SetPriority
</UL>
<BR>[Calls]<UL><LI><a href="#[ac]">&gt;&gt;</a>&nbsp;&nbsp;&nbsp;__NVIC_SetPriority
</UL>
<BR>[Called By]<UL><LI><a href="#[f7]">&gt;&gt;</a>&nbsp;&nbsp;&nbsp;HW_GPIO_SetIrq
<LI><a href="#[eb]">&gt;&gt;</a>&nbsp;&nbsp;&nbsp;HAL_UART_MspInit
<LI><a href="#[cf]">&gt;&gt;</a>&nbsp;&nbsp;&nbsp;HAL_TIM_Base_MspInit
<LI><a href="#[be]">&gt;&gt;</a>&nbsp;&nbsp;&nbsp;HAL_RTC_MspInit
<LI><a href="#[5c]">&gt;&gt;</a>&nbsp;&nbsp;&nbsp;main
<LI><a href="#[10d]">&gt;&gt;</a>&nbsp;&nbsp;&nbsp;MX_GPIO_Init
</UL>

<P><STRONG><a name="[a8]"></a>HAL_NVIC_SetPriorityGrouping</STRONG> (Thumb, 26 bytes, Stack size 0 bytes, stm32l4xx_hal_cortex.o(i.HAL_NVIC_SetPriorityGrouping))
<BR><BR>[Called By]<UL><LI><a href="#[a7]">&gt;&gt;</a>&nbsp;&nbsp;&nbsp;HAL_Init
</UL>

<P><STRONG><a name="[162]"></a>HAL_PWREx_ControlVoltageScaling</STRONG> (Thumb, 90 bytes, Stack size 0 bytes, stm32l4xx_hal_pwr_ex.o(i.HAL_PWREx_ControlVoltageScaling))
<BR><BR>[Called By]<UL><LI><a href="#[160]">&gt;&gt;</a>&nbsp;&nbsp;&nbsp;SystemClock_Config
</UL>

<P><STRONG><a name="[115]"></a>HAL_PWREx_GetVoltageRange</STRONG> (Thumb, 10 bytes, Stack size 0 bytes, stm32l4xx_hal_pwr_ex.o(i.HAL_PWREx_GetVoltageRange))
<BR><BR>[Called By]<UL><LI><a href="#[b4]">&gt;&gt;</a>&nbsp;&nbsp;&nbsp;RCC_SetFlashLatencyFromMSIRange
</UL>

<P><STRONG><a name="[161]"></a>HAL_PWR_EnableBkUpAccess</STRONG> (Thumb, 12 bytes, Stack size 0 bytes, stm32l4xx_hal_pwr.o(i.HAL_PWR_EnableBkUpAccess))
<BR><BR>[Called By]<UL><LI><a href="#[160]">&gt;&gt;</a>&nbsp;&nbsp;&nbsp;SystemClock_Config
</UL>

<P><STRONG><a name="[ad]"></a>HAL_RCCEx_PeriphCLKConfig</STRONG> (Thumb, 928 bytes, Stack size 40 bytes, stm32l4xx_hal_rcc_ex.o(i.HAL_RCCEx_PeriphCLKConfig))
<BR><BR>[Stack]<UL><LI>Max Depth = 64<LI>Call Chain = HAL_RCCEx_PeriphCLKConfig &rArr; RCCEx_PLLSAI2_Config
</UL>
<BR>[Calls]<UL><LI><a href="#[b0]">&gt;&gt;</a>&nbsp;&nbsp;&nbsp;HAL_GetTick
<LI><a href="#[af]">&gt;&gt;</a>&nbsp;&nbsp;&nbsp;RCCEx_PLLSAI2_Config
<LI><a href="#[ae]">&gt;&gt;</a>&nbsp;&nbsp;&nbsp;RCCEx_PLLSAI1_Config
</UL>
<BR>[Called By]<UL><LI><a href="#[be]">&gt;&gt;</a>&nbsp;&nbsp;&nbsp;HAL_RTC_MspInit
<LI><a href="#[160]">&gt;&gt;</a>&nbsp;&nbsp;&nbsp;SystemClock_Config
</UL>

<P><STRONG><a name="[b1]"></a>HAL_RCC_ClockConfig</STRONG> (Thumb, 266 bytes, Stack size 32 bytes, stm32l4xx_hal_rcc.o(i.HAL_RCC_ClockConfig))
<BR><BR>[Stack]<UL><LI>Max Depth = 48<LI>Call Chain = HAL_RCC_ClockConfig &rArr; HAL_RCC_GetSysClockFreq
</UL>
<BR>[Calls]<UL><LI><a href="#[b0]">&gt;&gt;</a>&nbsp;&nbsp;&nbsp;HAL_GetTick
<LI><a href="#[a9]">&gt;&gt;</a>&nbsp;&nbsp;&nbsp;HAL_InitTick
<LI><a href="#[b2]">&gt;&gt;</a>&nbsp;&nbsp;&nbsp;HAL_RCC_GetSysClockFreq
</UL>
<BR>[Called By]<UL><LI><a href="#[160]">&gt;&gt;</a>&nbsp;&nbsp;&nbsp;SystemClock_Config
</UL>

<P><STRONG><a name="[16a]"></a>HAL_RCC_GetPCLK1Freq</STRONG> (Thumb, 24 bytes, Stack size 0 bytes, stm32l4xx_hal_rcc.o(i.HAL_RCC_GetPCLK1Freq))
<BR><BR>[Called By]<UL><LI><a href="#[ec]">&gt;&gt;</a>&nbsp;&nbsp;&nbsp;UART_SetConfig
</UL>

<P><STRONG><a name="[16b]"></a>HAL_RCC_GetPCLK2Freq</STRONG> (Thumb, 24 bytes, Stack size 0 bytes, stm32l4xx_hal_rcc.o(i.HAL_RCC_GetPCLK2Freq))
<BR><BR>[Called By]<UL><LI><a href="#[ec]">&gt;&gt;</a>&nbsp;&nbsp;&nbsp;UART_SetConfig
</UL>

<P><STRONG><a name="[b2]"></a>HAL_RCC_GetSysClockFreq</STRONG> (Thumb, 150 bytes, Stack size 16 bytes, stm32l4xx_hal_rcc.o(i.HAL_RCC_GetSysClockFreq))
<BR><BR>[Stack]<UL><LI>Max Depth = 16<LI>Call Chain = HAL_RCC_GetSysClockFreq
</UL>
<BR>[Called By]<UL><LI><a href="#[b3]">&gt;&gt;</a>&nbsp;&nbsp;&nbsp;HAL_RCC_OscConfig
<LI><a href="#[b1]">&gt;&gt;</a>&nbsp;&nbsp;&nbsp;HAL_RCC_ClockConfig
<LI><a href="#[ec]">&gt;&gt;</a>&nbsp;&nbsp;&nbsp;UART_SetConfig
</UL>

<P><STRONG><a name="[b3]"></a>HAL_RCC_OscConfig</STRONG> (Thumb, 1310 bytes, Stack size 32 bytes, stm32l4xx_hal_rcc.o(i.HAL_RCC_OscConfig))
<BR><BR>[Stack]<UL><LI>Max Depth = 56<LI>Call Chain = HAL_RCC_OscConfig &rArr; RCC_SetFlashLatencyFromMSIRange
</UL>
<BR>[Calls]<UL><LI><a href="#[b0]">&gt;&gt;</a>&nbsp;&nbsp;&nbsp;HAL_GetTick
<LI><a href="#[a9]">&gt;&gt;</a>&nbsp;&nbsp;&nbsp;HAL_InitTick
<LI><a href="#[b2]">&gt;&gt;</a>&nbsp;&nbsp;&nbsp;HAL_RCC_GetSysClockFreq
<LI><a href="#[b4]">&gt;&gt;</a>&nbsp;&nbsp;&nbsp;RCC_SetFlashLatencyFromMSIRange
</UL>
<BR>[Called By]<UL><LI><a href="#[be]">&gt;&gt;</a>&nbsp;&nbsp;&nbsp;HAL_RTC_MspInit
<LI><a href="#[160]">&gt;&gt;</a>&nbsp;&nbsp;&nbsp;SystemClock_Config
</UL>

<P><STRONG><a name="[b8]"></a>HAL_RTCEx_AlarmBEventCallback</STRONG> (Thumb, 2 bytes, Stack size 0 bytes, stm32l4xx_hal_rtc_ex.o(i.HAL_RTCEx_AlarmBEventCallback))
<BR><BR>[Called By]<UL><LI><a href="#[b7]">&gt;&gt;</a>&nbsp;&nbsp;&nbsp;HAL_RTC_AlarmIRQHandler
</UL>

<P><STRONG><a name="[106]"></a>HAL_RTCEx_EnableBypassShadow</STRONG> (Thumb, 66 bytes, Stack size 0 bytes, stm32l4xx_hal_rtc_ex.o(i.HAL_RTCEx_EnableBypassShadow))
<BR><BR>[Called By]<UL><LI><a href="#[ff]">&gt;&gt;</a>&nbsp;&nbsp;&nbsp;HW_RTC_SetConfig
</UL>

<P><STRONG><a name="[b5]"></a>HAL_RTC_AlarmAEventCallback</STRONG> (Thumb, 4 bytes, Stack size 0 bytes, stm32l4xx_hal_msp.o(i.HAL_RTC_AlarmAEventCallback))
<BR><BR>[Stack]<UL><LI>Max Depth = 128<LI>Call Chain = HAL_RTC_AlarmAEventCallback &rArr; TimerIrqHandler &rArr; TimerSetTimeout &rArr; HW_RTC_SetAlarm &rArr; HW_RTC_StartWakeUpAlarm &rArr; HAL_RTC_SetAlarm_IT
</UL>
<BR>[Calls]<UL><LI><a href="#[b6]">&gt;&gt;</a>&nbsp;&nbsp;&nbsp;TimerIrqHandler
</UL>
<BR>[Called By]<UL><LI><a href="#[101]">&gt;&gt;</a>&nbsp;&nbsp;&nbsp;HW_RTC_IrqHandler
<LI><a href="#[b7]">&gt;&gt;</a>&nbsp;&nbsp;&nbsp;HAL_RTC_AlarmIRQHandler
</UL>

<P><STRONG><a name="[b7]"></a>HAL_RTC_AlarmIRQHandler</STRONG> (Thumb, 84 bytes, Stack size 8 bytes, stm32l4xx_hal_rtc.o(i.HAL_RTC_AlarmIRQHandler))
<BR><BR>[Stack]<UL><LI>Max Depth = 136<LI>Call Chain = HAL_RTC_AlarmIRQHandler &rArr; HAL_RTC_AlarmAEventCallback &rArr; TimerIrqHandler &rArr; TimerSetTimeout &rArr; HW_RTC_SetAlarm &rArr; HW_RTC_StartWakeUpAlarm &rArr; HAL_RTC_SetAlarm_IT
</UL>
<BR>[Calls]<UL><LI><a href="#[b5]">&gt;&gt;</a>&nbsp;&nbsp;&nbsp;HAL_RTC_AlarmAEventCallback
<LI><a href="#[b8]">&gt;&gt;</a>&nbsp;&nbsp;&nbsp;HAL_RTCEx_AlarmBEventCallback
</UL>
<BR>[Called By]<UL><LI><a href="#[34]">&gt;&gt;</a>&nbsp;&nbsp;&nbsp;RTC_Alarm_IRQHandler
</UL>

<P><STRONG><a name="[b9]"></a>HAL_RTC_DeactivateAlarm</STRONG> (Thumb, 186 bytes, Stack size 32 bytes, stm32l4xx_hal_rtc.o(i.HAL_RTC_DeactivateAlarm))
<BR><BR>[Stack]<UL><LI>Max Depth = 32<LI>Call Chain = HAL_RTC_DeactivateAlarm
</UL>
<BR>[Calls]<UL><LI><a href="#[b0]">&gt;&gt;</a>&nbsp;&nbsp;&nbsp;HAL_GetTick
</UL>
<BR>[Called By]<UL><LI><a href="#[fe]">&gt;&gt;</a>&nbsp;&nbsp;&nbsp;HW_RTC_Init
<LI><a href="#[108]">&gt;&gt;</a>&nbsp;&nbsp;&nbsp;HW_RTC_StopAlarm
</UL>

<P><STRONG><a name="[ba]"></a>HAL_RTC_GetDate</STRONG> (Thumb, 62 bytes, Stack size 8 bytes, stm32l4xx_hal_rtc.o(i.HAL_RTC_GetDate))
<BR><BR>[Stack]<UL><LI>Max Depth = 8<LI>Call Chain = HAL_RTC_GetDate
</UL>
<BR>[Calls]<UL><LI><a href="#[bb]">&gt;&gt;</a>&nbsp;&nbsp;&nbsp;RTC_Bcd2ToByte
</UL>
<BR>[Called By]<UL><LI><a href="#[fc]">&gt;&gt;</a>&nbsp;&nbsp;&nbsp;HW_RTC_GetCalendarValue
</UL>

<P><STRONG><a name="[bc]"></a>HAL_RTC_GetTime</STRONG> (Thumb, 78 bytes, Stack size 8 bytes, stm32l4xx_hal_rtc.o(i.HAL_RTC_GetTime))
<BR><BR>[Stack]<UL><LI>Max Depth = 8<LI>Call Chain = HAL_RTC_GetTime
</UL>
<BR>[Calls]<UL><LI><a href="#[bb]">&gt;&gt;</a>&nbsp;&nbsp;&nbsp;RTC_Bcd2ToByte
</UL>
<BR>[Called By]<UL><LI><a href="#[fc]">&gt;&gt;</a>&nbsp;&nbsp;&nbsp;HW_RTC_GetCalendarValue
</UL>

<P><STRONG><a name="[bd]"></a>HAL_RTC_Init</STRONG> (Thumb, 150 bytes, Stack size 8 bytes, stm32l4xx_hal_rtc.o(i.HAL_RTC_Init))
<BR><BR>[Stack]<UL><LI>Max Depth = 280<LI>Call Chain = HAL_RTC_Init &rArr; HAL_RTC_MspInit &rArr; HAL_RCCEx_PeriphCLKConfig &rArr; RCCEx_PLLSAI2_Config
</UL>
<BR>[Calls]<UL><LI><a href="#[c0]">&gt;&gt;</a>&nbsp;&nbsp;&nbsp;RTC_ExitInitMode
<LI><a href="#[bf]">&gt;&gt;</a>&nbsp;&nbsp;&nbsp;RTC_EnterInitMode
<LI><a href="#[be]">&gt;&gt;</a>&nbsp;&nbsp;&nbsp;HAL_RTC_MspInit
</UL>
<BR>[Called By]<UL><LI><a href="#[ff]">&gt;&gt;</a>&nbsp;&nbsp;&nbsp;HW_RTC_SetConfig
</UL>

<P><STRONG><a name="[be]"></a>HAL_RTC_MspInit</STRONG> (Thumb, 106 bytes, Stack size 208 bytes, stm32l4xx_hal_msp.o(i.HAL_RTC_MspInit))
<BR><BR>[Stack]<UL><LI>Max Depth = 272<LI>Call Chain = HAL_RTC_MspInit &rArr; HAL_RCCEx_PeriphCLKConfig &rArr; RCCEx_PLLSAI2_Config
</UL>
<BR>[Calls]<UL><LI><a href="#[ab]">&gt;&gt;</a>&nbsp;&nbsp;&nbsp;HAL_NVIC_SetPriority
<LI><a href="#[c3]">&gt;&gt;</a>&nbsp;&nbsp;&nbsp;HAL_NVIC_EnableIRQ
<LI><a href="#[c2]">&gt;&gt;</a>&nbsp;&nbsp;&nbsp;Error_Handler
<LI><a href="#[b3]">&gt;&gt;</a>&nbsp;&nbsp;&nbsp;HAL_RCC_OscConfig
<LI><a href="#[ad]">&gt;&gt;</a>&nbsp;&nbsp;&nbsp;HAL_RCCEx_PeriphCLKConfig
<LI><a href="#[c1]">&gt;&gt;</a>&nbsp;&nbsp;&nbsp;__aeabi_memclr4
</UL>
<BR>[Called By]<UL><LI><a href="#[bd]">&gt;&gt;</a>&nbsp;&nbsp;&nbsp;HAL_RTC_Init
</UL>

<P><STRONG><a name="[c4]"></a>HAL_RTC_SetAlarm_IT</STRONG> (Thumb, 396 bytes, Stack size 40 bytes, stm32l4xx_hal_rtc.o(i.HAL_RTC_SetAlarm_IT))
<BR><BR>[Stack]<UL><LI>Max Depth = 40<LI>Call Chain = HAL_RTC_SetAlarm_IT
</UL>
<BR>[Calls]<UL><LI><a href="#[b0]">&gt;&gt;</a>&nbsp;&nbsp;&nbsp;HAL_GetTick
<LI><a href="#[c5]">&gt;&gt;</a>&nbsp;&nbsp;&nbsp;RTC_ByteToBcd2
</UL>
<BR>[Called By]<UL><LI><a href="#[105]">&gt;&gt;</a>&nbsp;&nbsp;&nbsp;HW_RTC_StartWakeUpAlarm
</UL>

<P><STRONG><a name="[c6]"></a>HAL_RTC_SetDate</STRONG> (Thumb, 156 bytes, Stack size 16 bytes, stm32l4xx_hal_rtc.o(i.HAL_RTC_SetDate))
<BR><BR>[Stack]<UL><LI>Max Depth = 56<LI>Call Chain = HAL_RTC_SetDate &rArr; RTC_ExitInitMode &rArr; HAL_RTC_WaitForSynchro
</UL>
<BR>[Calls]<UL><LI><a href="#[c0]">&gt;&gt;</a>&nbsp;&nbsp;&nbsp;RTC_ExitInitMode
<LI><a href="#[bf]">&gt;&gt;</a>&nbsp;&nbsp;&nbsp;RTC_EnterInitMode
<LI><a href="#[c5]">&gt;&gt;</a>&nbsp;&nbsp;&nbsp;RTC_ByteToBcd2
</UL>
<BR>[Called By]<UL><LI><a href="#[ff]">&gt;&gt;</a>&nbsp;&nbsp;&nbsp;HW_RTC_SetConfig
</UL>

<P><STRONG><a name="[c7]"></a>HAL_RTC_SetTime</STRONG> (Thumb, 198 bytes, Stack size 24 bytes, stm32l4xx_hal_rtc.o(i.HAL_RTC_SetTime))
<BR><BR>[Stack]<UL><LI>Max Depth = 64<LI>Call Chain = HAL_RTC_SetTime &rArr; RTC_ExitInitMode &rArr; HAL_RTC_WaitForSynchro
</UL>
<BR>[Calls]<UL><LI><a href="#[c0]">&gt;&gt;</a>&nbsp;&nbsp;&nbsp;RTC_ExitInitMode
<LI><a href="#[bf]">&gt;&gt;</a>&nbsp;&nbsp;&nbsp;RTC_EnterInitMode
<LI><a href="#[c5]">&gt;&gt;</a>&nbsp;&nbsp;&nbsp;RTC_ByteToBcd2
</UL>
<BR>[Called By]<UL><LI><a href="#[ff]">&gt;&gt;</a>&nbsp;&nbsp;&nbsp;HW_RTC_SetConfig
</UL>

<P><STRONG><a name="[c8]"></a>HAL_RTC_WaitForSynchro</STRONG> (Thumb, 54 bytes, Stack size 16 bytes, stm32l4xx_hal_rtc.o(i.HAL_RTC_WaitForSynchro))
<BR><BR>[Stack]<UL><LI>Max Depth = 16<LI>Call Chain = HAL_RTC_WaitForSynchro
</UL>
<BR>[Calls]<UL><LI><a href="#[b0]">&gt;&gt;</a>&nbsp;&nbsp;&nbsp;HAL_GetTick
</UL>
<BR>[Called By]<UL><LI><a href="#[c0]">&gt;&gt;</a>&nbsp;&nbsp;&nbsp;RTC_ExitInitMode
</UL>

<P><STRONG><a name="[c9]"></a>HAL_SPI_Init</STRONG> (Thumb, 224 bytes, Stack size 16 bytes, stm32l4xx_hal_spi.o(i.HAL_SPI_Init))
<BR><BR>[Stack]<UL><LI>Max Depth = 112<LI>Call Chain = HAL_SPI_Init &rArr; HAL_SPI_MspInit &rArr; HAL_GPIO_Init
</UL>
<BR>[Calls]<UL><LI><a href="#[ca]">&gt;&gt;</a>&nbsp;&nbsp;&nbsp;HAL_SPI_MspInit
</UL>
<BR>[Called By]<UL><LI><a href="#[10b]">&gt;&gt;</a>&nbsp;&nbsp;&nbsp;HW_SPI_Init
</UL>

<P><STRONG><a name="[ca]"></a>HAL_SPI_MspInit</STRONG> (Thumb, 90 bytes, Stack size 32 bytes, stm32l4xx_hal_msp.o(i.HAL_SPI_MspInit))
<BR><BR>[Stack]<UL><LI>Max Depth = 96<LI>Call Chain = HAL_SPI_MspInit &rArr; HAL_GPIO_Init
</UL>
<BR>[Calls]<UL><LI><a href="#[cb]">&gt;&gt;</a>&nbsp;&nbsp;&nbsp;HAL_GPIO_Init
<LI><a href="#[c1]">&gt;&gt;</a>&nbsp;&nbsp;&nbsp;__aeabi_memclr4
</UL>
<BR>[Called By]<UL><LI><a href="#[c9]">&gt;&gt;</a>&nbsp;&nbsp;&nbsp;HAL_SPI_Init
</UL>

<P><STRONG><a name="[cc]"></a>HAL_SPI_TransmitReceive</STRONG> (Thumb, 610 bytes, Stack size 40 bytes, stm32l4xx_hal_spi.o(i.HAL_SPI_TransmitReceive))
<BR><BR>[Stack]<UL><LI>Max Depth = 104<LI>Call Chain = HAL_SPI_TransmitReceive &rArr; SPI_EndRxTxTransaction &rArr; SPI_WaitFifoStateUntilTimeout
</UL>
<BR>[Calls]<UL><LI><a href="#[b0]">&gt;&gt;</a>&nbsp;&nbsp;&nbsp;HAL_GetTick
<LI><a href="#[cd]">&gt;&gt;</a>&nbsp;&nbsp;&nbsp;SPI_EndRxTxTransaction
</UL>
<BR>[Called By]<UL><LI><a href="#[10a]">&gt;&gt;</a>&nbsp;&nbsp;&nbsp;HW_SPI_InOut
</UL>

<P><STRONG><a name="[dc]"></a>HAL_TIMEx_Break2Callback</STRONG> (Thumb, 2 bytes, Stack size 0 bytes, stm32l4xx_hal_tim_ex.o(i.HAL_TIMEx_Break2Callback))
<BR><BR>[Called By]<UL><LI><a href="#[d6]">&gt;&gt;</a>&nbsp;&nbsp;&nbsp;HAL_TIM_IRQHandler
</UL>

<P><STRONG><a name="[db]"></a>HAL_TIMEx_BreakCallback</STRONG> (Thumb, 2 bytes, Stack size 0 bytes, stm32l4xx_hal_tim_ex.o(i.HAL_TIMEx_BreakCallback))
<BR><BR>[Called By]<UL><LI><a href="#[d6]">&gt;&gt;</a>&nbsp;&nbsp;&nbsp;HAL_TIM_IRQHandler
</UL>

<P><STRONG><a name="[de]"></a>HAL_TIMEx_CommutCallback</STRONG> (Thumb, 2 bytes, Stack size 0 bytes, stm32l4xx_hal_tim_ex.o(i.HAL_TIMEx_CommutCallback))
<BR><BR>[Called By]<UL><LI><a href="#[d6]">&gt;&gt;</a>&nbsp;&nbsp;&nbsp;HAL_TIM_IRQHandler
</UL>

<P><STRONG><a name="[10f]"></a>HAL_TIMEx_MasterConfigSynchronization</STRONG> (Thumb, 130 bytes, Stack size 20 bytes, stm32l4xx_hal_tim_ex.o(i.HAL_TIMEx_MasterConfigSynchronization))
<BR><BR>[Stack]<UL><LI>Max Depth = 20<LI>Call Chain = HAL_TIMEx_MasterConfigSynchronization
</UL>
<BR>[Called By]<UL><LI><a href="#[111]">&gt;&gt;</a>&nbsp;&nbsp;&nbsp;MX_TIM3_Init
<LI><a href="#[110]">&gt;&gt;</a>&nbsp;&nbsp;&nbsp;MX_TIM2_Init
<LI><a href="#[10e]">&gt;&gt;</a>&nbsp;&nbsp;&nbsp;MX_TIM1_Init
</UL>

<P><STRONG><a name="[ce]"></a>HAL_TIM_Base_Init</STRONG> (Thumb, 98 bytes, Stack size 8 bytes, stm32l4xx_hal_tim.o(i.HAL_TIM_Base_Init))
<BR><BR>[Stack]<UL><LI>Max Depth = 40<LI>Call Chain = HAL_TIM_Base_Init &rArr; TIM_Base_SetConfig
</UL>
<BR>[Calls]<UL><LI><a href="#[cf]">&gt;&gt;</a>&nbsp;&nbsp;&nbsp;HAL_TIM_Base_MspInit
<LI><a href="#[d0]">&gt;&gt;</a>&nbsp;&nbsp;&nbsp;TIM_Base_SetConfig
</UL>
<BR>[Called By]<UL><LI><a href="#[111]">&gt;&gt;</a>&nbsp;&nbsp;&nbsp;MX_TIM3_Init
<LI><a href="#[110]">&gt;&gt;</a>&nbsp;&nbsp;&nbsp;MX_TIM2_Init
<LI><a href="#[10e]">&gt;&gt;</a>&nbsp;&nbsp;&nbsp;MX_TIM1_Init
</UL>

<P><STRONG><a name="[cf]"></a>HAL_TIM_Base_MspInit</STRONG> (Thumb, 122 bytes, Stack size 8 bytes, stm32l4xx_hal_msp.o(i.HAL_TIM_Base_MspInit))
<BR><BR>[Stack]<UL><LI>Max Depth = 24<LI>Call Chain = HAL_TIM_Base_MspInit &rArr; HAL_NVIC_SetPriority
</UL>
<BR>[Calls]<UL><LI><a href="#[ab]">&gt;&gt;</a>&nbsp;&nbsp;&nbsp;HAL_NVIC_SetPriority
<LI><a href="#[c3]">&gt;&gt;</a>&nbsp;&nbsp;&nbsp;HAL_NVIC_EnableIRQ
</UL>
<BR>[Called By]<UL><LI><a href="#[ce]">&gt;&gt;</a>&nbsp;&nbsp;&nbsp;HAL_TIM_Base_Init
</UL>

<P><STRONG><a name="[199]"></a>HAL_TIM_Base_Start_IT</STRONG> (Thumb, 100 bytes, Stack size 0 bytes, stm32l4xx_hal_tim.o(i.HAL_TIM_Base_Start_IT))
<BR><BR>[Called By]<UL><LI><a href="#[187]">&gt;&gt;</a>&nbsp;&nbsp;&nbsp;start_timer01_1msec
<LI><a href="#[17f]">&gt;&gt;</a>&nbsp;&nbsp;&nbsp;start_timer03_1msec
<LI><a href="#[188]">&gt;&gt;</a>&nbsp;&nbsp;&nbsp;start_timer02_1msec
</UL>

<P><STRONG><a name="[df]"></a>HAL_TIM_Base_Stop_IT</STRONG> (Thumb, 48 bytes, Stack size 0 bytes, stm32l4xx_hal_tim.o(i.HAL_TIM_Base_Stop_IT))
<BR><BR>[Called By]<UL><LI><a href="#[18b]">&gt;&gt;</a>&nbsp;&nbsp;&nbsp;stop_timer03_1msec
<LI><a href="#[18a]">&gt;&gt;</a>&nbsp;&nbsp;&nbsp;stop_timer02_1msec
<LI><a href="#[189]">&gt;&gt;</a>&nbsp;&nbsp;&nbsp;stop_timer01_1msec
<LI><a href="#[da]">&gt;&gt;</a>&nbsp;&nbsp;&nbsp;HAL_TIM_PeriodElapsedCallback
</UL>

<P><STRONG><a name="[d1]"></a>HAL_TIM_ConfigClockSource</STRONG> (Thumb, 214 bytes, Stack size 16 bytes, stm32l4xx_hal_tim.o(i.HAL_TIM_ConfigClockSource))
<BR><BR>[Stack]<UL><LI>Max Depth = 24<LI>Call Chain = HAL_TIM_ConfigClockSource &rArr; TIM_ETR_SetConfig
</UL>
<BR>[Calls]<UL><LI><a href="#[d2]">&gt;&gt;</a>&nbsp;&nbsp;&nbsp;TIM_ETR_SetConfig
<LI><a href="#[d4]">&gt;&gt;</a>&nbsp;&nbsp;&nbsp;TIM_TI2_ConfigInputStage
<LI><a href="#[d3]">&gt;&gt;</a>&nbsp;&nbsp;&nbsp;TIM_TI1_ConfigInputStage
<LI><a href="#[d5]">&gt;&gt;</a>&nbsp;&nbsp;&nbsp;TIM_ITRx_SetConfig
</UL>
<BR>[Called By]<UL><LI><a href="#[111]">&gt;&gt;</a>&nbsp;&nbsp;&nbsp;MX_TIM3_Init
<LI><a href="#[110]">&gt;&gt;</a>&nbsp;&nbsp;&nbsp;MX_TIM2_Init
<LI><a href="#[10e]">&gt;&gt;</a>&nbsp;&nbsp;&nbsp;MX_TIM1_Init
</UL>

<P><STRONG><a name="[d7]"></a>HAL_TIM_IC_CaptureCallback</STRONG> (Thumb, 2 bytes, Stack size 0 bytes, stm32l4xx_hal_tim.o(i.HAL_TIM_IC_CaptureCallback))
<BR><BR>[Called By]<UL><LI><a href="#[d6]">&gt;&gt;</a>&nbsp;&nbsp;&nbsp;HAL_TIM_IRQHandler
</UL>

<P><STRONG><a name="[d6]"></a>HAL_TIM_IRQHandler</STRONG> (Thumb, 388 bytes, Stack size 16 bytes, stm32l4xx_hal_tim.o(i.HAL_TIM_IRQHandler))
<BR><BR>[Stack]<UL><LI>Max Depth = 24<LI>Call Chain = HAL_TIM_IRQHandler &rArr; HAL_TIM_PeriodElapsedCallback
</UL>
<BR>[Calls]<UL><LI><a href="#[da]">&gt;&gt;</a>&nbsp;&nbsp;&nbsp;HAL_TIM_PeriodElapsedCallback
<LI><a href="#[dd]">&gt;&gt;</a>&nbsp;&nbsp;&nbsp;HAL_TIM_TriggerCallback
<LI><a href="#[d9]">&gt;&gt;</a>&nbsp;&nbsp;&nbsp;HAL_TIM_PWM_PulseFinishedCallback
<LI><a href="#[d8]">&gt;&gt;</a>&nbsp;&nbsp;&nbsp;HAL_TIM_OC_DelayElapsedCallback
<LI><a href="#[d7]">&gt;&gt;</a>&nbsp;&nbsp;&nbsp;HAL_TIM_IC_CaptureCallback
<LI><a href="#[de]">&gt;&gt;</a>&nbsp;&nbsp;&nbsp;HAL_TIMEx_CommutCallback
<LI><a href="#[db]">&gt;&gt;</a>&nbsp;&nbsp;&nbsp;HAL_TIMEx_BreakCallback
<LI><a href="#[dc]">&gt;&gt;</a>&nbsp;&nbsp;&nbsp;HAL_TIMEx_Break2Callback
</UL>
<BR>[Called By]<UL><LI><a href="#[28]">&gt;&gt;</a>&nbsp;&nbsp;&nbsp;TIM3_IRQHandler
<LI><a href="#[27]">&gt;&gt;</a>&nbsp;&nbsp;&nbsp;TIM2_IRQHandler
<LI><a href="#[24]">&gt;&gt;</a>&nbsp;&nbsp;&nbsp;TIM1_UP_TIM16_IRQHandler
</UL>

<P><STRONG><a name="[d8]"></a>HAL_TIM_OC_DelayElapsedCallback</STRONG> (Thumb, 2 bytes, Stack size 0 bytes, stm32l4xx_hal_tim.o(i.HAL_TIM_OC_DelayElapsedCallback))
<BR><BR>[Called By]<UL><LI><a href="#[d6]">&gt;&gt;</a>&nbsp;&nbsp;&nbsp;HAL_TIM_IRQHandler
</UL>

<P><STRONG><a name="[d9]"></a>HAL_TIM_PWM_PulseFinishedCallback</STRONG> (Thumb, 2 bytes, Stack size 0 bytes, stm32l4xx_hal_tim.o(i.HAL_TIM_PWM_PulseFinishedCallback))
<BR><BR>[Called By]<UL><LI><a href="#[d6]">&gt;&gt;</a>&nbsp;&nbsp;&nbsp;HAL_TIM_IRQHandler
</UL>

<P><STRONG><a name="[da]"></a>HAL_TIM_PeriodElapsedCallback</STRONG> (Thumb, 66 bytes, Stack size 8 bytes, timer_app.o(i.HAL_TIM_PeriodElapsedCallback))
<BR><BR>[Stack]<UL><LI>Max Depth = 8<LI>Call Chain = HAL_TIM_PeriodElapsedCallback
</UL>
<BR>[Calls]<UL><LI><a href="#[df]">&gt;&gt;</a>&nbsp;&nbsp;&nbsp;HAL_TIM_Base_Stop_IT
</UL>
<BR>[Called By]<UL><LI><a href="#[d6]">&gt;&gt;</a>&nbsp;&nbsp;&nbsp;HAL_TIM_IRQHandler
</UL>

<P><STRONG><a name="[dd]"></a>HAL_TIM_TriggerCallback</STRONG> (Thumb, 2 bytes, Stack size 0 bytes, stm32l4xx_hal_tim.o(i.HAL_TIM_TriggerCallback))
<BR><BR>[Called By]<UL><LI><a href="#[d6]">&gt;&gt;</a>&nbsp;&nbsp;&nbsp;HAL_TIM_IRQHandler
</UL>

<P><STRONG><a name="[e8]"></a>HAL_UARTEx_WakeupCallback</STRONG> (Thumb, 2 bytes, Stack size 0 bytes, stm32l4xx_hal_uart_ex.o(i.HAL_UARTEx_WakeupCallback))
<BR><BR>[Called By]<UL><LI><a href="#[e5]">&gt;&gt;</a>&nbsp;&nbsp;&nbsp;HAL_UART_IRQHandler
</UL>

<P><STRONG><a name="[e0]"></a>HAL_UART_DMAStop</STRONG> (Thumb, 114 bytes, Stack size 16 bytes, stm32l4xx_hal_uart.o(i.HAL_UART_DMAStop))
<BR><BR>[Stack]<UL><LI>Max Depth = 24<LI>Call Chain = HAL_UART_DMAStop &rArr; HAL_DMA_Abort
</UL>
<BR>[Calls]<UL><LI><a href="#[e2]">&gt;&gt;</a>&nbsp;&nbsp;&nbsp;HAL_DMA_GetError
<LI><a href="#[e1]">&gt;&gt;</a>&nbsp;&nbsp;&nbsp;HAL_DMA_Abort
<LI><a href="#[e3]">&gt;&gt;</a>&nbsp;&nbsp;&nbsp;UART_EndTxTransfer
<LI><a href="#[e4]">&gt;&gt;</a>&nbsp;&nbsp;&nbsp;UART_EndRxTransfer
</UL>
<BR>[Called By]<UL><LI><a href="#[32]">&gt;&gt;</a>&nbsp;&nbsp;&nbsp;USART3_IRQHandler
<LI><a href="#[30]">&gt;&gt;</a>&nbsp;&nbsp;&nbsp;USART1_IRQHandler
</UL>

<P><STRONG><a name="[e7]"></a>HAL_UART_ErrorCallback</STRONG> (Thumb, 2 bytes, Stack size 0 bytes, stm32l4xx_hal_uart.o(i.HAL_UART_ErrorCallback))
<BR><BR>[Called By]<UL><LI><a href="#[e5]">&gt;&gt;</a>&nbsp;&nbsp;&nbsp;HAL_UART_IRQHandler
<LI><a href="#[62]">&gt;&gt;</a>&nbsp;&nbsp;&nbsp;UART_DMAError
<LI><a href="#[5f]">&gt;&gt;</a>&nbsp;&nbsp;&nbsp;UART_DMAAbortOnError
</UL>

<P><STRONG><a name="[e5]"></a>HAL_UART_IRQHandler</STRONG> (Thumb, 348 bytes, Stack size 24 bytes, stm32l4xx_hal_uart.o(i.HAL_UART_IRQHandler))
<BR><BR>[Stack]<UL><LI>Max Depth = 32<LI>Call Chain = HAL_UART_IRQHandler &rArr; HAL_DMA_Abort_IT
</UL>
<BR>[Calls]<UL><LI><a href="#[e6]">&gt;&gt;</a>&nbsp;&nbsp;&nbsp;HAL_DMA_Abort_IT
<LI><a href="#[e9]">&gt;&gt;</a>&nbsp;&nbsp;&nbsp;HAL_UART_TxCpltCallback
<LI><a href="#[e7]">&gt;&gt;</a>&nbsp;&nbsp;&nbsp;HAL_UART_ErrorCallback
<LI><a href="#[e8]">&gt;&gt;</a>&nbsp;&nbsp;&nbsp;HAL_UARTEx_WakeupCallback
<LI><a href="#[e4]">&gt;&gt;</a>&nbsp;&nbsp;&nbsp;UART_EndRxTransfer
[...]
</UL>

<P><STRONG><a name="[18c]"></a>run_process</STRONG> (Thumb, 334 bytes, Stack size 248 bytes, application.o(i.run_process))
<BR><BR>[Stack]<UL><LI>Max Depth = 336<LI>Call Chain = run_process &rArr; HAL_Delay &rArr; HW_RTC_DelayMs &rArr; HW_RTC_GetTimerValue &rArr; HW_RTC_GetCalendarValue &rArr; HAL_RTC_GetTime
</UL>
<BR>[Calls]<UL><LI><a href="#[a3]">&gt;&gt;</a>&nbsp;&nbsp;&nbsp;HAL_Delay
<LI><a href="#[194]">&gt;&gt;</a>&nbsp;&nbsp;&nbsp;write_at_bytes
<LI><a href="#[193]">&gt;&gt;</a>&nbsp;&nbsp;&nbsp;start_at_dma_receive
<LI><a href="#[188]">&gt;&gt;</a>&nbsp;&nbsp;&nbsp;start_timer02_1msec
<LI><a href="#[18d]">&gt;&gt;</a>&nbsp;&nbsp;&nbsp;parse_rx_cmd
<LI><a href="#[197]">&gt;&gt;</a>&nbsp;&nbsp;&nbsp;is_timer03_1msec_over
<LI><a href="#[195]">&gt;&gt;</a>&nbsp;&nbsp;&nbsp;is_timer02_1msec_over
<LI><a href="#[183]">&gt;&gt;</a>&nbsp;&nbsp;&nbsp;init_lora
<LI><a href="#[192]">&gt;&gt;</a>&nbsp;&nbsp;&nbsp;init_at_cmd
<LI><a href="#[198]">&gt;&gt;</a>&nbsp;&nbsp;&nbsp;clear_timer03_1msec
<LI><a href="#[196]">&gt;&gt;</a>&nbsp;&nbsp;&nbsp;clear_timer02_1msec
<LI><a href="#[185]">&gt;&gt;</a>&nbsp;&nbsp;&nbsp;lora_rx_parse
<LI><a href="#[182]">&gt;&gt;</a>&nbsp;&nbsp;&nbsp;get_tx_head_and_value
<LI><a href="#[17d]">&gt;&gt;</a>&nbsp;&nbsp;&nbsp;check_cmd_from_gw
</UL>
<BR>[Called By]<UL><LI><a href="#[5c]">&gt;&gt;</a>&nbsp;&nbsp;&nbsp;main
</UL>

<P><STRONG><a name="[172]"></a>sqrt</STRONG> (Thumb, 110 bytes, Stack size 32 bytes, sqrt.o(i.sqrt))
<BR><BR>[Stack]<UL><LI>Max Depth = 72<LI>Call Chain = sqrt &rArr; _dsqrt &rArr; _double_round
</UL>
<BR>[Calls]<UL><LI><a href="#[16f]">&gt;&gt;</a>&nbsp;&nbsp;&nbsp;__set_errno
<LI><a href="#[9e]">&gt;&gt;</a>&nbsp;&nbsp;&nbsp;_dsqrt
</UL>
<BR>[Called By]<UL><LI><a href="#[15c]">&gt;&gt;</a>&nbsp;&nbsp;&nbsp;__hardfp_pow
</UL>

<P><STRONG><a name="[193]"></a>start_at_dma_receive</STRONG> (Thumb, 10 bytes, Stack size 0 bytes, uart_app.o(i.start_at_dma_receive))
<BR><BR>[Stack]<UL><LI>Max Depth = 44<LI>Call Chain = start_at_dma_receive &rArr; HAL_UART_Receive_DMA &rArr; HAL_DMA_Start_IT &rArr; DMA_SetConfig
</UL>
<BR>[Calls]<UL><LI><a href="#[f0]">&gt;&gt;</a>&nbsp;&nbsp;&nbsp;HAL_UART_Receive_DMA
</UL>
<BR>[Called By]<UL><LI><a href="#[18c]">&gt;&gt;</a>&nbsp;&nbsp;&nbsp;run_process
</UL>

<P><STRONG><a name="[187]"></a>start_timer01_1msec</STRONG> (Thumb, 12 bytes, Stack size 0 bytes, timer_app.o(i.start_timer01_1msec))
<BR><BR>[Calls]<UL><LI><a href="#[199]">&gt;&gt;</a>&nbsp;&nbsp;&nbsp;HAL_TIM_Base_Start_IT
</UL>
<BR>[Called By]<UL><LI><a href="#[5c]">&gt;&gt;</a>&nbsp;&nbsp;&nbsp;main
</UL>

<P><STRONG><a name="[188]"></a>start_timer02_1msec</STRONG> (Thumb, 12 bytes, Stack size 0 bytes, timer_app.o(i.start_timer02_1msec))
<BR><BR>[Calls]<UL><LI><a href="#[199]">&gt;&gt;</a>&nbsp;&nbsp;&nbsp;HAL_TIM_Base_Start_IT
</UL>
<BR>[Called By]<UL><LI><a href="#[5c]">&gt;&gt;</a>&nbsp;&nbsp;&nbsp;main
<LI><a href="#[18c]">&gt;&gt;</a>&nbsp;&nbsp;&nbsp;run_process
</UL>

<P><STRONG><a name="[17f]"></a>start_timer03_1msec</STRONG> (Thumb, 12 bytes, Stack size 0 bytes, timer_app.o(i.start_timer03_1msec))
<BR><BR>[Calls]<UL><LI><a href="#[199]">&gt;&gt;</a>&nbsp;&nbsp;&nbsp;HAL_TIM_Base_Start_IT
</UL>
<BR>[Called By]<UL><LI><a href="#[5c]">&gt;&gt;</a>&nbsp;&nbsp;&nbsp;main
<LI><a href="#[17d]">&gt;&gt;</a>&nbsp;&nbsp;&nbsp;check_cmd_from_gw
</UL>

<P><STRONG><a name="[189]"></a>stop_timer01_1msec</STRONG> (Thumb, 26 bytes, Stack size 8 bytes, timer_app.o(i.stop_timer01_1msec))
<BR><BR>[Stack]<UL><LI>Max Depth = 8<LI>Call Chain = stop_timer01_1msec
</UL>
<BR>[Calls]<UL><LI><a href="#[df]">&gt;&gt;</a>&nbsp;&nbsp;&nbsp;HAL_TIM_Base_Stop_IT
</UL>
<BR>[Called By]<UL><LI><a href="#[5c]">&gt;&gt;</a>&nbsp;&nbsp;&nbsp;main
</UL>

<P><STRONG><a name="[18a]"></a>stop_timer02_1msec</STRONG> (Thumb, 26 bytes, Stack size 8 bytes, timer_app.o(i.stop_timer02_1msec))
<BR><BR>[Stack]<UL><LI>Max Depth = 8<LI>Call Chain = stop_timer02_1msec
</UL>
<BR>[Calls]<UL><LI><a href="#[df]">&gt;&gt;</a>&nbsp;&nbsp;&nbsp;HAL_TIM_Base_Stop_IT
</UL>
<BR>[Called By]<UL><LI><a href="#[5c]">&gt;&gt;</a>&nbsp;&nbsp;&nbsp;main
</UL>

<P><STRONG><a name="[18b]"></a>stop_timer03_1msec</STRONG> (Thumb, 26 bytes, Stack size 8 bytes, timer_app.o(i.stop_timer03_1msec))
<BR><BR>[Stack]<UL><LI>Max Depth = 8<LI>Call Chain = stop_timer03_1msec
</UL>
<BR>[Calls]<UL><LI><a href="#[df]">&gt;&gt;</a>&nbsp;&nbsp;&nbsp;HAL_TIM_Base_Stop_IT
</UL>
<BR>[Called By]<UL><LI><a href="#[5c]">&gt;&gt;</a>&nbsp;&nbsp;&nbsp;main
</UL>

<P><STRONG><a name="[186]"></a>uart_app_init</STRONG> (Thumb, 16 bytes, Stack size 4 bytes, uart_app.o(i.uart_app_init))
<BR><BR>[Stack]<UL><LI>Max Depth = 4<LI>Call Chain = uart_app_init
</UL>
<BR>[Calls]<UL><LI><a href="#[19a]">&gt;&gt;</a>&nbsp;&nbsp;&nbsp;enable_at_receive
</UL>
<BR>[Called By]<UL><LI><a href="#[5c]">&gt;&gt;</a>&nbsp;&nbsp;&nbsp;main
</UL>

<P><STRONG><a name="[194]"></a>write_at_bytes</STRONG> (Thumb, 14 bytes, Stack size 0 bytes, uart_app.o(i.write_at_bytes))
<BR><BR>[Stack]<UL><LI>Max Depth = 64<LI>Call Chain = write_at_bytes &rArr; HAL_UART_Transmit &rArr; UART_WaitOnFlagUntilTimeout
</UL>
<BR>[Calls]<UL><LI><a href="#[f1]">&gt;&gt;</a>&nbsp;&nbsp;&nbsp;HAL_UART_Transmit
</UL>
<BR>[Called By]<UL><LI><a href="#[18c]">&gt;&gt;</a>&nbsp;&nbsp;&nbsp;run_process
</UL>
<P>
<H3>
Local Symbols
</H3>
<P><STRONG><a name="[f4]"></a>HW_GPIO_GetBitPos</STRONG> (Thumb, 48 bytes, Stack size 0 bytes, hw_gpio.o(i.HW_GPIO_GetBitPos))
<BR><BR>[Called By]<UL><LI><a href="#[f7]">&gt;&gt;</a>&nbsp;&nbsp;&nbsp;HW_GPIO_SetIrq
<LI><a href="#[a6]">&gt;&gt;</a>&nbsp;&nbsp;&nbsp;HW_GPIO_IrqHandler
</UL>

<P><STRONG><a name="[138]"></a>RadioGetFskBandwidthRegValue</STRONG> (Thumb, 48 bytes, Stack size 0 bytes, radio.o(i.RadioGetFskBandwidthRegValue))
<BR><BR>[Called By]<UL><LI><a href="#[75]">&gt;&gt;</a>&nbsp;&nbsp;&nbsp;RadioSetTxConfig
<LI><a href="#[74]">&gt;&gt;</a>&nbsp;&nbsp;&nbsp;RadioSetRxConfig
</UL>

<P><STRONG><a name="[164]"></a>TimerInsertNewHeadTimer</STRONG> (Thumb, 18 bytes, Stack size 0 bytes, timeserver.o(i.TimerInsertNewHeadTimer))
<BR><BR>[Stack]<UL><LI>Max Depth = 112<LI>Call Chain = TimerInsertNewHeadTimer &rArr; TimerSetTimeout &rArr; HW_RTC_SetAlarm &rArr; HW_RTC_StartWakeUpAlarm &rArr; HAL_RTC_SetAlarm_IT
</UL>
<BR>[Calls]<UL><LI><a href="#[165]">&gt;&gt;</a>&nbsp;&nbsp;&nbsp;TimerSetTimeout
</UL>
<BR>[Called By]<UL><LI><a href="#[130]">&gt;&gt;</a>&nbsp;&nbsp;&nbsp;TimerStart
</UL>

<P><STRONG><a name="[165]"></a>TimerSetTimeout</STRONG> (Thumb, 46 bytes, Stack size 16 bytes, timeserver.o(i.TimerSetTimeout))
<BR><BR>[Stack]<UL><LI>Max Depth = 112<LI>Call Chain = TimerSetTimeout &rArr; HW_RTC_SetAlarm &rArr; HW_RTC_StartWakeUpAlarm &rArr; HAL_RTC_SetAlarm_IT
</UL>
<BR>[Calls]<UL><LI><a href="#[103]">&gt;&gt;</a>&nbsp;&nbsp;&nbsp;HW_RTC_SetAlarm
<LI><a href="#[fd]">&gt;&gt;</a>&nbsp;&nbsp;&nbsp;HW_RTC_GetTimerElapsedTime
<LI><a href="#[167]">&gt;&gt;</a>&nbsp;&nbsp;&nbsp;HW_RTC_GetMinimumTimeout
</UL>
<BR>[Called By]<UL><LI><a href="#[b6]">&gt;&gt;</a>&nbsp;&nbsp;&nbsp;TimerIrqHandler
<LI><a href="#[164]">&gt;&gt;</a>&nbsp;&nbsp;&nbsp;TimerInsertNewHeadTimer
<LI><a href="#[121]">&gt;&gt;</a>&nbsp;&nbsp;&nbsp;TimerStop
</UL>

<P><STRONG><a name="[fc]"></a>HW_RTC_GetCalendarValue</STRONG> (Thumb, 166 bytes, Stack size 24 bytes, hw_rtc.o(i.HW_RTC_GetCalendarValue))
<BR><BR>[Stack]<UL><LI>Max Depth = 32<LI>Call Chain = HW_RTC_GetCalendarValue &rArr; HAL_RTC_GetTime
</UL>
<BR>[Calls]<UL><LI><a href="#[bc]">&gt;&gt;</a>&nbsp;&nbsp;&nbsp;HAL_RTC_GetTime
<LI><a href="#[ba]">&gt;&gt;</a>&nbsp;&nbsp;&nbsp;HAL_RTC_GetDate
</UL>
<BR>[Called By]<UL><LI><a href="#[100]">&gt;&gt;</a>&nbsp;&nbsp;&nbsp;HW_RTC_SetTimerContext
<LI><a href="#[fb]">&gt;&gt;</a>&nbsp;&nbsp;&nbsp;HW_RTC_GetTimerValue
<LI><a href="#[fd]">&gt;&gt;</a>&nbsp;&nbsp;&nbsp;HW_RTC_GetTimerElapsedTime
</UL>

<P><STRONG><a name="[ff]"></a>HW_RTC_SetConfig</STRONG> (Thumb, 90 bytes, Stack size 32 bytes, hw_rtc.o(i.HW_RTC_SetConfig))
<BR><BR>[Stack]<UL><LI>Max Depth = 312<LI>Call Chain = HW_RTC_SetConfig &rArr; HAL_RTC_Init &rArr; HAL_RTC_MspInit &rArr; HAL_RCCEx_PeriphCLKConfig &rArr; RCCEx_PLLSAI2_Config
</UL>
<BR>[Calls]<UL><LI><a href="#[c7]">&gt;&gt;</a>&nbsp;&nbsp;&nbsp;HAL_RTC_SetTime
<LI><a href="#[c6]">&gt;&gt;</a>&nbsp;&nbsp;&nbsp;HAL_RTC_SetDate
<LI><a href="#[bd]">&gt;&gt;</a>&nbsp;&nbsp;&nbsp;HAL_RTC_Init
<LI><a href="#[106]">&gt;&gt;</a>&nbsp;&nbsp;&nbsp;HAL_RTCEx_EnableBypassShadow
</UL>
<BR>[Called By]<UL><LI><a href="#[fe]">&gt;&gt;</a>&nbsp;&nbsp;&nbsp;HW_RTC_Init
</UL>

<P><STRONG><a name="[105]"></a>HW_RTC_StartWakeUpAlarm</STRONG> (Thumb, 270 bytes, Stack size 40 bytes, hw_rtc.o(i.HW_RTC_StartWakeUpAlarm))
<BR><BR>[Stack]<UL><LI>Max Depth = 80<LI>Call Chain = HW_RTC_StartWakeUpAlarm &rArr; HAL_RTC_SetAlarm_IT
</UL>
<BR>[Calls]<UL><LI><a href="#[c4]">&gt;&gt;</a>&nbsp;&nbsp;&nbsp;HAL_RTC_SetAlarm_IT
<LI><a href="#[108]">&gt;&gt;</a>&nbsp;&nbsp;&nbsp;HW_RTC_StopAlarm
<LI><a href="#[107]">&gt;&gt;</a>&nbsp;&nbsp;&nbsp;__aeabi_memcpy4
</UL>
<BR>[Called By]<UL><LI><a href="#[103]">&gt;&gt;</a>&nbsp;&nbsp;&nbsp;HW_RTC_SetAlarm
</UL>

<P><STRONG><a name="[10d]"></a>MX_GPIO_Init</STRONG> (Thumb, 186 bytes, Stack size 40 bytes, main.o(i.MX_GPIO_Init))
<BR><BR>[Stack]<UL><LI>Max Depth = 104<LI>Call Chain = MX_GPIO_Init &rArr; HAL_GPIO_Init
</UL>
<BR>[Calls]<UL><LI><a href="#[ab]">&gt;&gt;</a>&nbsp;&nbsp;&nbsp;HAL_NVIC_SetPriority
<LI><a href="#[c3]">&gt;&gt;</a>&nbsp;&nbsp;&nbsp;HAL_NVIC_EnableIRQ
<LI><a href="#[fa]">&gt;&gt;</a>&nbsp;&nbsp;&nbsp;HAL_GPIO_WritePin
<LI><a href="#[cb]">&gt;&gt;</a>&nbsp;&nbsp;&nbsp;HAL_GPIO_Init
<LI><a href="#[c1]">&gt;&gt;</a>&nbsp;&nbsp;&nbsp;__aeabi_memclr4
</UL>
<BR>[Called By]<UL><LI><a href="#[5c]">&gt;&gt;</a>&nbsp;&nbsp;&nbsp;main
</UL>

<P><STRONG><a name="[10e]"></a>MX_TIM1_Init</STRONG> (Thumb, 80 bytes, Stack size 40 bytes, main.o(i.MX_TIM1_Init))
<BR><BR>[Stack]<UL><LI>Max Depth = 80<LI>Call Chain = MX_TIM1_Init &rArr; HAL_TIM_Base_Init &rArr; TIM_Base_SetConfig
</UL>
<BR>[Calls]<UL><LI><a href="#[d1]">&gt;&gt;</a>&nbsp;&nbsp;&nbsp;HAL_TIM_ConfigClockSource
<LI><a href="#[ce]">&gt;&gt;</a>&nbsp;&nbsp;&nbsp;HAL_TIM_Base_Init
<LI><a href="#[10f]">&gt;&gt;</a>&nbsp;&nbsp;&nbsp;HAL_TIMEx_MasterConfigSynchronization
</UL>
<BR>[Called By]<UL><LI><a href="#[5c]">&gt;&gt;</a>&nbsp;&nbsp;&nbsp;main
</UL>

<P><STRONG><a name="[110]"></a>MX_TIM2_Init</STRONG> (Thumb, 80 bytes, Stack size 40 bytes, main.o(i.MX_TIM2_Init))
<BR><BR>[Stack]<UL><LI>Max Depth = 80<LI>Call Chain = MX_TIM2_Init &rArr; HAL_TIM_Base_Init &rArr; TIM_Base_SetConfig
</UL>
<BR>[Calls]<UL><LI><a href="#[d1]">&gt;&gt;</a>&nbsp;&nbsp;&nbsp;HAL_TIM_ConfigClockSource
<LI><a href="#[ce]">&gt;&gt;</a>&nbsp;&nbsp;&nbsp;HAL_TIM_Base_Init
<LI><a href="#[10f]">&gt;&gt;</a>&nbsp;&nbsp;&nbsp;HAL_TIMEx_MasterConfigSynchronization
</UL>
<BR>[Called By]<UL><LI><a href="#[5c]">&gt;&gt;</a>&nbsp;&nbsp;&nbsp;main
</UL>

<P><STRONG><a name="[111]"></a>MX_TIM3_Init</STRONG> (Thumb, 78 bytes, Stack size 40 bytes, main.o(i.MX_TIM3_Init))
<BR><BR>[Stack]<UL><LI>Max Depth = 80<LI>Call Chain = MX_TIM3_Init &rArr; HAL_TIM_Base_Init &rArr; TIM_Base_SetConfig
</UL>
<BR>[Calls]<UL><LI><a href="#[d1]">&gt;&gt;</a>&nbsp;&nbsp;&nbsp;HAL_TIM_ConfigClockSource
<LI><a href="#[ce]">&gt;&gt;</a>&nbsp;&nbsp;&nbsp;HAL_TIM_Base_Init
<LI><a href="#[10f]">&gt;&gt;</a>&nbsp;&nbsp;&nbsp;HAL_TIMEx_MasterConfigSynchronization
</UL>
<BR>[Called By]<UL><LI><a href="#[5c]">&gt;&gt;</a>&nbsp;&nbsp;&nbsp;main
</UL>

<P><STRONG><a name="[112]"></a>MX_USART1_UART_Init</STRONG> (Thumb, 36 bytes, Stack size 0 bytes, main.o(i.MX_USART1_UART_Init))
<BR><BR>[Stack]<UL><LI>Max Depth = 128<LI>Call Chain = MX_USART1_UART_Init &rArr; HAL_UART_Init &rArr; HAL_UART_MspInit &rArr; HAL_GPIO_Init
</UL>
<BR>[Calls]<UL><LI><a href="#[ea]">&gt;&gt;</a>&nbsp;&nbsp;&nbsp;HAL_UART_Init
</UL>
<BR>[Called By]<UL><LI><a href="#[5c]">&gt;&gt;</a>&nbsp;&nbsp;&nbsp;main
</UL>

<P><STRONG><a name="[113]"></a>MX_USART3_UART_Init</STRONG> (Thumb, 36 bytes, Stack size 0 bytes, main.o(i.MX_USART3_UART_Init))
<BR><BR>[Stack]<UL><LI>Max Depth = 128<LI>Call Chain = MX_USART3_UART_Init &rArr; HAL_UART_Init &rArr; HAL_UART_MspInit &rArr; HAL_GPIO_Init
</UL>
<BR>[Calls]<UL><LI><a href="#[ea]">&gt;&gt;</a>&nbsp;&nbsp;&nbsp;HAL_UART_Init
</UL>
<BR>[Called By]<UL><LI><a href="#[5c]">&gt;&gt;</a>&nbsp;&nbsp;&nbsp;main
</UL>

<P><STRONG><a name="[b4]"></a>RCC_SetFlashLatencyFromMSIRange</STRONG> (Thumb, 116 bytes, Stack size 24 bytes, stm32l4xx_hal_rcc.o(i.RCC_SetFlashLatencyFromMSIRange))
<BR><BR>[Stack]<UL><LI>Max Depth = 24<LI>Call Chain = RCC_SetFlashLatencyFromMSIRange
</UL>
<BR>[Calls]<UL><LI><a href="#[115]">&gt;&gt;</a>&nbsp;&nbsp;&nbsp;HAL_PWREx_GetVoltageRange
</UL>
<BR>[Called By]<UL><LI><a href="#[b3]">&gt;&gt;</a>&nbsp;&nbsp;&nbsp;HAL_RCC_OscConfig
</UL>

<P><STRONG><a name="[ae]"></a>RCCEx_PLLSAI1_Config</STRONG> (Thumb, 278 bytes, Stack size 24 bytes, stm32l4xx_hal_rcc_ex.o(i.RCCEx_PLLSAI1_Config))
<BR><BR>[Stack]<UL><LI>Max Depth = 24<LI>Call Chain = RCCEx_PLLSAI1_Config
</UL>
<BR>[Calls]<UL><LI><a href="#[b0]">&gt;&gt;</a>&nbsp;&nbsp;&nbsp;HAL_GetTick
</UL>
<BR>[Called By]<UL><LI><a href="#[ad]">&gt;&gt;</a>&nbsp;&nbsp;&nbsp;HAL_RCCEx_PeriphCLKConfig
</UL>

<P><STRONG><a name="[af]"></a>RCCEx_PLLSAI2_Config</STRONG> (Thumb, 250 bytes, Stack size 24 bytes, stm32l4xx_hal_rcc_ex.o(i.RCCEx_PLLSAI2_Config))
<BR><BR>[Stack]<UL><LI>Max Depth = 24<LI>Call Chain = RCCEx_PLLSAI2_Config
</UL>
<BR>[Calls]<UL><LI><a href="#[b0]">&gt;&gt;</a>&nbsp;&nbsp;&nbsp;HAL_GetTick
</UL>
<BR>[Called By]<UL><LI><a href="#[ad]">&gt;&gt;</a>&nbsp;&nbsp;&nbsp;HAL_RCCEx_PeriphCLKConfig
</UL>

<P><STRONG><a name="[a2]"></a>DMA_SetConfig</STRONG> (Thumb, 46 bytes, Stack size 12 bytes, stm32l4xx_hal_dma.o(i.DMA_SetConfig))
<BR><BR>[Stack]<UL><LI>Max Depth = 12<LI>Call Chain = DMA_SetConfig
</UL>
<BR>[Called By]<UL><LI><a href="#[a1]">&gt;&gt;</a>&nbsp;&nbsp;&nbsp;HAL_DMA_Start_IT
</UL>

<P><STRONG><a name="[ac]"></a>__NVIC_SetPriority</STRONG> (Thumb, 32 bytes, Stack size 0 bytes, stm32l4xx_hal_cortex.o(i.__NVIC_SetPriority))
<BR><BR>[Called By]<UL><LI><a href="#[ab]">&gt;&gt;</a>&nbsp;&nbsp;&nbsp;HAL_NVIC_SetPriority
</UL>

<P><STRONG><a name="[cd]"></a>SPI_EndRxTxTransaction</STRONG> (Thumb, 72 bytes, Stack size 24 bytes, stm32l4xx_hal_spi.o(i.SPI_EndRxTxTransaction))
<BR><BR>[Stack]<UL><LI>Max Depth = 64<LI>Call Chain = SPI_EndRxTxTransaction &rArr; SPI_WaitFifoStateUntilTimeout
</UL>
<BR>[Calls]<UL><LI><a href="#[147]">&gt;&gt;</a>&nbsp;&nbsp;&nbsp;SPI_WaitFlagStateUntilTimeout
<LI><a href="#[146]">&gt;&gt;</a>&nbsp;&nbsp;&nbsp;SPI_WaitFifoStateUntilTimeout
</UL>
<BR>[Called By]<UL><LI><a href="#[cc]">&gt;&gt;</a>&nbsp;&nbsp;&nbsp;HAL_SPI_TransmitReceive
</UL>

<P><STRONG><a name="[146]"></a>SPI_WaitFifoStateUntilTimeout</STRONG> (Thumb, 196 bytes, Stack size 40 bytes, stm32l4xx_hal_spi.o(i.SPI_WaitFifoStateUntilTimeout))
<BR><BR>[Stack]<UL><LI>Max Depth = 40<LI>Call Chain = SPI_WaitFifoStateUntilTimeout
</UL>
<BR>[Calls]<UL><LI><a href="#[b0]">&gt;&gt;</a>&nbsp;&nbsp;&nbsp;HAL_GetTick
</UL>
<BR>[Called By]<UL><LI><a href="#[cd]">&gt;&gt;</a>&nbsp;&nbsp;&nbsp;SPI_EndRxTxTransaction
</UL>

<P><STRONG><a name="[147]"></a>SPI_WaitFlagStateUntilTimeout</STRONG> (Thumb, 180 bytes, Stack size 32 bytes, stm32l4xx_hal_spi.o(i.SPI_WaitFlagStateUntilTimeout))
<BR><BR>[Stack]<UL><LI>Max Depth = 32<LI>Call Chain = SPI_WaitFlagStateUntilTimeout
</UL>
<BR>[Calls]<UL><LI><a href="#[b0]">&gt;&gt;</a>&nbsp;&nbsp;&nbsp;HAL_GetTick
</UL>
<BR>[Called By]<UL><LI><a href="#[cd]">&gt;&gt;</a>&nbsp;&nbsp;&nbsp;SPI_EndRxTxTransaction
</UL>

<P><STRONG><a name="[d5]"></a>TIM_ITRx_SetConfig</STRONG> (Thumb, 16 bytes, Stack size 0 bytes, stm32l4xx_hal_tim.o(i.TIM_ITRx_SetConfig))
<BR><BR>[Called By]<UL><LI><a href="#[d1]">&gt;&gt;</a>&nbsp;&nbsp;&nbsp;HAL_TIM_ConfigClockSource
</UL>

<P><STRONG><a name="[d3]"></a>TIM_TI1_ConfigInputStage</STRONG> (Thumb, 34 bytes, Stack size 8 bytes, stm32l4xx_hal_tim.o(i.TIM_TI1_ConfigInputStage))
<BR><BR>[Stack]<UL><LI>Max Depth = 8<LI>Call Chain = TIM_TI1_ConfigInputStage
</UL>
<BR>[Called By]<UL><LI><a href="#[d1]">&gt;&gt;</a>&nbsp;&nbsp;&nbsp;HAL_TIM_ConfigClockSource
</UL>

<P><STRONG><a name="[d4]"></a>TIM_TI2_ConfigInputStage</STRONG> (Thumb, 36 bytes, Stack size 8 bytes, stm32l4xx_hal_tim.o(i.TIM_TI2_ConfigInputStage))
<BR><BR>[Stack]<UL><LI>Max Depth = 8<LI>Call Chain = TIM_TI2_ConfigInputStage
</UL>
<BR>[Called By]<UL><LI><a href="#[d1]">&gt;&gt;</a>&nbsp;&nbsp;&nbsp;HAL_TIM_ConfigClockSource
</UL>

<P><STRONG><a name="[5f]"></a>UART_DMAAbortOnError</STRONG> (Thumb, 20 bytes, Stack size 8 bytes, stm32l4xx_hal_uart.o(i.UART_DMAAbortOnError))
<BR><BR>[Stack]<UL><LI>Max Depth = 8<LI>Call Chain = UART_DMAAbortOnError
</UL>
<BR>[Calls]<UL><LI><a href="#[e7]">&gt;&gt;</a>&nbsp;&nbsp;&nbsp;HAL_UART_ErrorCallback
</UL>
<BR>[Address Reference Count : 1]<UL><LI> stm32l4xx_hal_uart.o(i.HAL_UART_IRQHandler)
</UL>
<P><STRONG><a name="[62]"></a>UART_DMAError</STRONG> (Thumb, 72 bytes, Stack size 16 bytes, stm32l4xx_hal_uart.o(i.UART_DMAError))
<BR><BR>[Stack]<UL><LI>Max Depth = 16<LI>Call Chain = UART_DMAError
</UL>
<BR>[Calls]<UL><LI><a href="#[e7]">&gt;&gt;</a>&nbsp;&nbsp;&nbsp;HAL_UART_ErrorCallback
<LI><a href="#[e3]">&gt;&gt;</a>&nbsp;&nbsp;&nbsp;UART_EndTxTransfer
<LI><a href="#[e4]">&gt;&gt;</a>&nbsp;&nbsp;&nbsp;UART_EndRxTransfer
</UL>
<BR>[Address Reference Count : 1]<UL><LI> stm32l4xx_hal_uart.o(i.HAL_UART_Receive_DMA)
</UL>
<P><STRONG><a name="[60]"></a>UART_DMAReceiveCplt</STRONG> (Thumb, 60 bytes, Stack size 8 bytes, stm32l4xx_hal_uart.o(i.UART_DMAReceiveCplt))
<BR><BR>[Stack]<UL><LI>Max Depth = 8<LI>Call Chain = UART_DMAReceiveCplt
</UL>
<BR>[Calls]<UL><LI><a href="#[168]">&gt;&gt;</a>&nbsp;&nbsp;&nbsp;HAL_UART_RxCpltCallback
</UL>
<BR>[Address Reference Count : 1]<UL><LI> stm32l4xx_hal_uart.o(i.HAL_UART_Receive_DMA)
</UL>
<P><STRONG><a name="[61]"></a>UART_DMARxHalfCplt</STRONG> (Thumb, 10 bytes, Stack size 8 bytes, stm32l4xx_hal_uart.o(i.UART_DMARxHalfCplt))
<BR><BR>[Stack]<UL><LI>Max Depth = 8<LI>Call Chain = UART_DMARxHalfCplt
</UL>
<BR>[Calls]<UL><LI><a href="#[169]">&gt;&gt;</a>&nbsp;&nbsp;&nbsp;HAL_UART_RxHalfCpltCallback
</UL>
<BR>[Address Reference Count : 1]<UL><LI> stm32l4xx_hal_uart.o(i.HAL_UART_Receive_DMA)
</UL>
<P><STRONG><a name="[e4]"></a>UART_EndRxTransfer</STRONG> (Thumb, 30 bytes, Stack size 0 bytes, stm32l4xx_hal_uart.o(i.UART_EndRxTransfer))
<BR><BR>[Called By]<UL><LI><a href="#[e5]">&gt;&gt;</a>&nbsp;&nbsp;&nbsp;HAL_UART_IRQHandler
<LI><a href="#[e0]">&gt;&gt;</a>&nbsp;&nbsp;&nbsp;HAL_UART_DMAStop
<LI><a href="#[62]">&gt;&gt;</a>&nbsp;&nbsp;&nbsp;UART_DMAError
</UL>

<P><STRONG><a name="[e3]"></a>UART_EndTxTransfer</STRONG> (Thumb, 16 bytes, Stack size 0 bytes, stm32l4xx_hal_uart.o(i.UART_EndTxTransfer))
<BR><BR>[Called By]<UL><LI><a href="#[e0]">&gt;&gt;</a>&nbsp;&nbsp;&nbsp;HAL_UART_DMAStop
<LI><a href="#[62]">&gt;&gt;</a>&nbsp;&nbsp;&nbsp;UART_DMAError
</UL>

<P><STRONG><a name="[16d]"></a>_printf_core</STRONG> (Thumb, 984 bytes, Stack size 104 bytes, printf8.o(i._printf_core), UNUSED)
<BR><BR>[Calls]<UL><LI><a href="#[8b]">&gt;&gt;</a>&nbsp;&nbsp;&nbsp;__aeabi_uldivmod
<LI><a href="#[179]">&gt;&gt;</a>&nbsp;&nbsp;&nbsp;_printf_pre_padding
<LI><a href="#[17a]">&gt;&gt;</a>&nbsp;&nbsp;&nbsp;_printf_post_padding
</UL>
<BR>[Called By]<UL><LI><a href="#[16c]">&gt;&gt;</a>&nbsp;&nbsp;&nbsp;__0printf$8
</UL>

<P><STRONG><a name="[17a]"></a>_printf_post_padding</STRONG> (Thumb, 36 bytes, Stack size 24 bytes, printf8.o(i._printf_post_padding), UNUSED)
<BR><BR>[Called By]<UL><LI><a href="#[16d]">&gt;&gt;</a>&nbsp;&nbsp;&nbsp;_printf_core
</UL>

<P><STRONG><a name="[179]"></a>_printf_pre_padding</STRONG> (Thumb, 46 bytes, Stack size 24 bytes, printf8.o(i._printf_pre_padding), UNUSED)
<BR><BR>[Called By]<UL><LI><a href="#[16d]">&gt;&gt;</a>&nbsp;&nbsp;&nbsp;_printf_core
</UL>
<P>
<H3>
Undefined Global Symbols
</H3><HR></body></html>
